

================================================================
== Vivado HLS Report for 'p_sc_stream_merge_raw_thread_sc_stream_merge_raw'
================================================================
* Date:           Sat Feb 29 19:58:02 2020

* Version:        2019.1 (Build 2552052 on Fri May 24 15:28:33 MDT 2019)
* Project:        CNNAccel
* Solution:       default
* Product family: zynquplus
* Target device:  xczu3eg-sbva484-1-e


================================================================
== Performance Estimates
================================================================
+ Timing (ns): 
    * Summary: 
    +--------+-------+----------+------------+
    |  Clock | Target| Estimated| Uncertainty|
    +--------+-------+----------+------------+
    |ap_clk  |   5.00|     3.352|        0.62|
    +--------+-------+----------+------------+

+ Latency (clock cycles): 
    * Summary: 
    +-----+-----+-----+-----+---------+
    |  Latency  |  Interval | Pipeline|
    | min | max | min | max |   Type  |
    +-----+-----+-----+-----+---------+
    |   10|   10|   10|   10|   none  |
    +-----+-----+-----+-----+---------+

    + Detail: 
        * Instance: 
        N/A

        * Loop: 
        +----------+-----+-----+----------+-----------+-----------+------+----------+
        |          |  Latency  | Iteration|  Initiation Interval  | Trip |          |
        | Loop Name| min | max |  Latency |  achieved |   target  | Count| Pipelined|
        +----------+-----+-----+----------+-----------+-----------+------+----------+
        |- Loop 1  |    9|    9|         9|          -|          -|  inf |    no    |
        +----------+-----+-----+----------+-----------+-----------+------+----------+



================================================================
== Utilization Estimates
================================================================
* Summary: 
+-----------------+---------+-------+--------+-------+-----+
|       Name      | BRAM_18K| DSP48E|   FF   |  LUT  | URAM|
+-----------------+---------+-------+--------+-------+-----+
|DSP              |        -|      -|       -|      -|    -|
|Expression       |        -|      -|       0|     41|    -|
|FIFO             |        -|      -|       -|      -|    -|
|Instance         |        -|      -|       -|      -|    -|
|Memory           |        -|      -|       -|      -|    -|
|Multiplexer      |        -|      -|       -|    491|    -|
|Register         |        -|      -|    1452|      -|    -|
+-----------------+---------+-------+--------+-------+-----+
|Total            |        0|      0|    1452|    532|    0|
+-----------------+---------+-------+--------+-------+-----+
|Available        |      432|    360|  141120|  70560|    0|
+-----------------+---------+-------+--------+-------+-----+
|Utilization (%)  |        0|      0|       1|   ~0  |    0|
+-----------------+---------+-------+--------+-------+-----+

+ Detail: 
    * Instance: 
    N/A

    * DSP48E: 
    N/A

    * Memory: 
    N/A

    * FIFO: 
    N/A

    * Expression: 
    +-------------------------------+----------+-------+---+----+------------+------------+
    |         Variable Name         | Operation| DSP48E| FF| LUT| Bitwidth P0| Bitwidth P1|
    +-------------------------------+----------+-------+---+----+------------+------------+
    |ap_block_state10               |    and   |      0|  0|   2|           1|           1|
    |io_acc_block_signal_op234      |    and   |      0|  0|   2|           1|           1|
    |p_emptyn_0_nbread_fu_186_p4_0  |    and   |      0|  0|   2|           1|           1|
    |p_emptyn_1_nbread_fu_196_p4_0  |    and   |      0|  0|   2|           1|           1|
    |p_emptyn_2_nbread_fu_206_p4_0  |    and   |      0|  0|   2|           1|           1|
    |p_emptyn_3_nbread_fu_216_p4_0  |    and   |      0|  0|   2|           1|           1|
    |p_emptyn_4_nbread_fu_226_p4_0  |    and   |      0|  0|   2|           1|           1|
    |p_emptyn_5_nbread_fu_236_p4_0  |    and   |      0|  0|   2|           1|           1|
    |p_emptyn_6_nbread_fu_246_p4_0  |    and   |      0|  0|   2|           1|           1|
    |p_emptyn_7_nbread_fu_256_p4_0  |    and   |      0|  0|   2|           1|           1|
    |icmp_ln883_fu_1803_p2          |   icmp   |      0|  0|  11|           8|           2|
    |or_ln57_fu_1127_p2             |    or    |      0|  0|   2|           1|           1|
    |p_Val2_s_fu_1809_p3            |  select  |      0|  0|   8|           1|           1|
    +-------------------------------+----------+-------+---+----+------------+------------+
    |Total                          |          |      0|  0|  41|          20|          14|
    +-------------------------------+----------+-------+---+----+------------+------------+

    * Multiplexer: 
    +-------------------------------------+----+-----------+-----+-----------+
    |                 Name                | LUT| Input Size| Bits| Total Bits|
    +-------------------------------------+----+-----------+-----+-----------+
    |ap_NS_fsm                            |  47|         10|    1|         10|
    |ap_phi_mux_p_085_1_be_phi_fu_904_p4  |  15|          3|    8|         24|
    |ap_phi_mux_p_095_1_be_phi_fu_891_p4  |  15|          3|    8|         24|
    |ap_phi_mux_tlast_0_be_phi_fu_916_p4  |  15|          3|    1|          3|
    |dout_0_blk_n                         |   9|          2|    1|          2|
    |dout_1_blk_n                         |   9|          2|    1|          2|
    |dout_2_blk_n                         |   9|          2|    1|          2|
    |p_085_1_reg_315                      |   9|          2|    8|         16|
    |p_085_5_0_reg_388                    |   9|          2|    8|         16|
    |p_085_5_1_reg_472                    |   9|          2|    8|         16|
    |p_085_5_2_reg_538                    |   9|          2|    8|         16|
    |p_085_5_3_reg_604                    |   9|          2|    8|         16|
    |p_085_5_4_reg_670                    |   9|          2|    8|         16|
    |p_085_5_5_reg_736                    |   9|          2|    8|         16|
    |p_085_5_6_reg_802                    |   9|          2|    8|         16|
    |p_085_5_7_reg_871                    |   9|          2|    8|         16|
    |p_095_1_reg_303                      |   9|          2|    8|         16|
    |p_095_5_0_reg_372                    |   9|          2|    8|         16|
    |p_095_5_1_reg_456                    |   9|          2|    8|         16|
    |p_095_5_2_reg_522                    |   9|          2|    8|         16|
    |p_095_5_3_reg_588                    |   9|          2|    8|         16|
    |p_095_5_4_reg_654                    |   9|          2|    8|         16|
    |p_095_5_5_reg_720                    |   9|          2|    8|         16|
    |p_095_5_6_reg_786                    |   9|          2|    8|         16|
    |p_095_5_7_reg_856                    |   9|          2|    8|         16|
    |tlast_0_reg_327                      |   9|          2|    1|          2|
    |tmp_data_V_reg_837                   |   9|          2|  128|        256|
    |tmp_out_0_2_0_reg_355                |   9|          2|  128|        256|
    |tmp_out_0_2_1_reg_439                |   9|          2|  128|        256|
    |tmp_out_0_2_2_reg_505                |   9|          2|  128|        256|
    |tmp_out_0_2_3_reg_571                |   9|          2|  128|        256|
    |tmp_out_0_2_4_reg_637                |   9|          2|  128|        256|
    |tmp_out_0_2_5_reg_703                |   9|          2|  128|        256|
    |tmp_out_0_2_6_reg_769                |   9|          2|  128|        256|
    |tmp_out_2_4_0_reg_339                |  15|          3|   16|         48|
    |tmp_out_2_4_1_reg_423                |  15|          3|   16|         48|
    |tmp_out_2_4_2_reg_489                |  15|          3|   16|         48|
    |tmp_out_2_4_3_reg_555                |  15|          3|   16|         48|
    |tmp_out_2_4_4_reg_621                |  15|          3|   16|         48|
    |tmp_out_2_4_5_reg_687                |  15|          3|   16|         48|
    |tmp_out_2_4_6_reg_753                |  15|          3|   16|         48|
    |tmp_tkeep_V_reg_819                  |  15|          3|   16|         48|
    |tmp_tlast_V_reg_405                  |   9|          2|    1|          2|
    +-------------------------------------+----+-----------+-----+-----------+
    |Total                                | 491|        105| 1319|       2791|
    +-------------------------------------+----+-----------+-----+-----------+

    * Register: 
    +-----------------------+-----+----+-----+-----------+
    |          Name         |  FF | LUT| Bits| Const Bits|
    +-----------------------+-----+----+-----+-----------+
    |ap_CS_fsm              |   10|   0|   10|          0|
    |p_085_1_reg_315        |    8|   0|    8|          0|
    |p_085_5_0_reg_388      |    8|   0|    8|          0|
    |p_085_5_1_reg_472      |    8|   0|    8|          0|
    |p_085_5_2_reg_538      |    8|   0|    8|          0|
    |p_085_5_3_reg_604      |    8|   0|    8|          0|
    |p_085_5_4_reg_670      |    8|   0|    8|          0|
    |p_085_5_5_reg_736      |    8|   0|    8|          0|
    |p_085_5_6_reg_802      |    8|   0|    8|          0|
    |p_085_5_7_reg_871      |    8|   0|    8|          0|
    |p_095_1_reg_303        |    8|   0|    8|          0|
    |p_095_5_0_reg_372      |    8|   0|    8|          0|
    |p_095_5_1_reg_456      |    8|   0|    8|          0|
    |p_095_5_2_reg_522      |    8|   0|    8|          0|
    |p_095_5_3_reg_588      |    8|   0|    8|          0|
    |p_095_5_4_reg_654      |    8|   0|    8|          0|
    |p_095_5_5_reg_720      |    8|   0|    8|          0|
    |p_095_5_6_reg_786      |    8|   0|    8|          0|
    |p_095_5_7_reg_856      |    8|   0|    8|          0|
    |tlast_0_reg_327        |    1|   0|    1|          0|
    |tmp_data_V_reg_837     |  128|   0|  128|          0|
    |tmp_out_0_07_reg_291   |  128|   0|  128|          0|
    |tmp_out_0_2_0_reg_355  |  128|   0|  128|          0|
    |tmp_out_0_2_1_reg_439  |  128|   0|  128|          0|
    |tmp_out_0_2_2_reg_505  |  128|   0|  128|          0|
    |tmp_out_0_2_3_reg_571  |  128|   0|  128|          0|
    |tmp_out_0_2_4_reg_637  |  128|   0|  128|          0|
    |tmp_out_0_2_5_reg_703  |  128|   0|  128|          0|
    |tmp_out_0_2_6_reg_769  |  128|   0|  128|          0|
    |tmp_out_2_0_reg_279    |   16|   0|   16|          0|
    |tmp_out_2_4_0_reg_339  |   16|   0|   16|          0|
    |tmp_out_2_4_1_reg_423  |   16|   0|   16|          0|
    |tmp_out_2_4_2_reg_489  |   16|   0|   16|          0|
    |tmp_out_2_4_3_reg_555  |   16|   0|   16|          0|
    |tmp_out_2_4_4_reg_621  |   16|   0|   16|          0|
    |tmp_out_2_4_5_reg_687  |   16|   0|   16|          0|
    |tmp_out_2_4_6_reg_753  |   16|   0|   16|          0|
    |tmp_tkeep_V_reg_819    |   16|   0|   16|          0|
    |tmp_tlast_V_reg_405    |    1|   0|    1|          0|
    +-----------------------+-----+----+-----+-----------+
    |Total                  | 1452|   0| 1452|          0|
    +-----------------------+-----+----+-----+-----------+



================================================================
== Interface
================================================================
* Summary: 
+----------------+-----+-----+------------+---------------------------------------------------------+--------------+
|    RTL Ports   | Dir | Bits|  Protocol  |                      Source Object                      |    C Type    |
+----------------+-----+-----+------------+---------------------------------------------------------+--------------+
|ap_clk          |  in |    1| ap_ctrl_hs | _sc_stream_merge_raw<16, 8>::thread_sc_stream_merge_raw | return value |
|ap_rst          |  in |    1| ap_ctrl_hs | _sc_stream_merge_raw<16, 8>::thread_sc_stream_merge_raw | return value |
|din_0_dout      |  in |   16|   ap_fifo  |                          din_0                          |    pointer   |
|din_0_empty_n   |  in |    1|   ap_fifo  |                          din_0                          |    pointer   |
|din_0_read      | out |    1|   ap_fifo  |                          din_0                          |    pointer   |
|din_1_dout      |  in |   16|   ap_fifo  |                          din_1                          |    pointer   |
|din_1_empty_n   |  in |    1|   ap_fifo  |                          din_1                          |    pointer   |
|din_1_read      | out |    1|   ap_fifo  |                          din_1                          |    pointer   |
|din_2_dout      |  in |   16|   ap_fifo  |                          din_2                          |    pointer   |
|din_2_empty_n   |  in |    1|   ap_fifo  |                          din_2                          |    pointer   |
|din_2_read      | out |    1|   ap_fifo  |                          din_2                          |    pointer   |
|din_3_dout      |  in |   16|   ap_fifo  |                          din_3                          |    pointer   |
|din_3_empty_n   |  in |    1|   ap_fifo  |                          din_3                          |    pointer   |
|din_3_read      | out |    1|   ap_fifo  |                          din_3                          |    pointer   |
|din_4_dout      |  in |   16|   ap_fifo  |                          din_4                          |    pointer   |
|din_4_empty_n   |  in |    1|   ap_fifo  |                          din_4                          |    pointer   |
|din_4_read      | out |    1|   ap_fifo  |                          din_4                          |    pointer   |
|din_5_dout      |  in |   16|   ap_fifo  |                          din_5                          |    pointer   |
|din_5_empty_n   |  in |    1|   ap_fifo  |                          din_5                          |    pointer   |
|din_5_read      | out |    1|   ap_fifo  |                          din_5                          |    pointer   |
|din_6_dout      |  in |   16|   ap_fifo  |                          din_6                          |    pointer   |
|din_6_empty_n   |  in |    1|   ap_fifo  |                          din_6                          |    pointer   |
|din_6_read      | out |    1|   ap_fifo  |                          din_6                          |    pointer   |
|din_7_dout      |  in |   16|   ap_fifo  |                          din_7                          |    pointer   |
|din_7_empty_n   |  in |    1|   ap_fifo  |                          din_7                          |    pointer   |
|din_7_read      | out |    1|   ap_fifo  |                          din_7                          |    pointer   |
|din_8_dout      |  in |    1|   ap_fifo  |                          din_8                          |    pointer   |
|din_8_empty_n   |  in |    1|   ap_fifo  |                          din_8                          |    pointer   |
|din_8_read      | out |    1|   ap_fifo  |                          din_8                          |    pointer   |
|din_9_dout      |  in |    1|   ap_fifo  |                          din_9                          |    pointer   |
|din_9_empty_n   |  in |    1|   ap_fifo  |                          din_9                          |    pointer   |
|din_9_read      | out |    1|   ap_fifo  |                          din_9                          |    pointer   |
|din_10_dout     |  in |    1|   ap_fifo  |                          din_10                         |    pointer   |
|din_10_empty_n  |  in |    1|   ap_fifo  |                          din_10                         |    pointer   |
|din_10_read     | out |    1|   ap_fifo  |                          din_10                         |    pointer   |
|din_11_dout     |  in |    1|   ap_fifo  |                          din_11                         |    pointer   |
|din_11_empty_n  |  in |    1|   ap_fifo  |                          din_11                         |    pointer   |
|din_11_read     | out |    1|   ap_fifo  |                          din_11                         |    pointer   |
|din_12_dout     |  in |    1|   ap_fifo  |                          din_12                         |    pointer   |
|din_12_empty_n  |  in |    1|   ap_fifo  |                          din_12                         |    pointer   |
|din_12_read     | out |    1|   ap_fifo  |                          din_12                         |    pointer   |
|din_13_dout     |  in |    1|   ap_fifo  |                          din_13                         |    pointer   |
|din_13_empty_n  |  in |    1|   ap_fifo  |                          din_13                         |    pointer   |
|din_13_read     | out |    1|   ap_fifo  |                          din_13                         |    pointer   |
|din_14_dout     |  in |    1|   ap_fifo  |                          din_14                         |    pointer   |
|din_14_empty_n  |  in |    1|   ap_fifo  |                          din_14                         |    pointer   |
|din_14_read     | out |    1|   ap_fifo  |                          din_14                         |    pointer   |
|din_15_dout     |  in |    1|   ap_fifo  |                          din_15                         |    pointer   |
|din_15_empty_n  |  in |    1|   ap_fifo  |                          din_15                         |    pointer   |
|din_15_read     | out |    1|   ap_fifo  |                          din_15                         |    pointer   |
|din_16_dout     |  in |    2|   ap_fifo  |                          din_16                         |    pointer   |
|din_16_empty_n  |  in |    1|   ap_fifo  |                          din_16                         |    pointer   |
|din_16_read     | out |    1|   ap_fifo  |                          din_16                         |    pointer   |
|din_17_dout     |  in |    2|   ap_fifo  |                          din_17                         |    pointer   |
|din_17_empty_n  |  in |    1|   ap_fifo  |                          din_17                         |    pointer   |
|din_17_read     | out |    1|   ap_fifo  |                          din_17                         |    pointer   |
|din_18_dout     |  in |    2|   ap_fifo  |                          din_18                         |    pointer   |
|din_18_empty_n  |  in |    1|   ap_fifo  |                          din_18                         |    pointer   |
|din_18_read     | out |    1|   ap_fifo  |                          din_18                         |    pointer   |
|din_19_dout     |  in |    2|   ap_fifo  |                          din_19                         |    pointer   |
|din_19_empty_n  |  in |    1|   ap_fifo  |                          din_19                         |    pointer   |
|din_19_read     | out |    1|   ap_fifo  |                          din_19                         |    pointer   |
|din_20_dout     |  in |    2|   ap_fifo  |                          din_20                         |    pointer   |
|din_20_empty_n  |  in |    1|   ap_fifo  |                          din_20                         |    pointer   |
|din_20_read     | out |    1|   ap_fifo  |                          din_20                         |    pointer   |
|din_21_dout     |  in |    2|   ap_fifo  |                          din_21                         |    pointer   |
|din_21_empty_n  |  in |    1|   ap_fifo  |                          din_21                         |    pointer   |
|din_21_read     | out |    1|   ap_fifo  |                          din_21                         |    pointer   |
|din_22_dout     |  in |    2|   ap_fifo  |                          din_22                         |    pointer   |
|din_22_empty_n  |  in |    1|   ap_fifo  |                          din_22                         |    pointer   |
|din_22_read     | out |    1|   ap_fifo  |                          din_22                         |    pointer   |
|din_23_dout     |  in |    2|   ap_fifo  |                          din_23                         |    pointer   |
|din_23_empty_n  |  in |    1|   ap_fifo  |                          din_23                         |    pointer   |
|din_23_read     | out |    1|   ap_fifo  |                          din_23                         |    pointer   |
|dout_0_din      | out |  128|   ap_fifo  |                          dout_0                         |    pointer   |
|dout_0_full_n   |  in |    1|   ap_fifo  |                          dout_0                         |    pointer   |
|dout_0_write    | out |    1|   ap_fifo  |                          dout_0                         |    pointer   |
|dout_1_din      | out |    1|   ap_fifo  |                          dout_1                         |    pointer   |
|dout_1_full_n   |  in |    1|   ap_fifo  |                          dout_1                         |    pointer   |
|dout_1_write    | out |    1|   ap_fifo  |                          dout_1                         |    pointer   |
|dout_2_din      | out |   16|   ap_fifo  |                          dout_2                         |    pointer   |
|dout_2_full_n   |  in |    1|   ap_fifo  |                          dout_2                         |    pointer   |
|dout_2_write    | out |    1|   ap_fifo  |                          dout_2                         |    pointer   |
+----------------+-----+-----+------------+---------------------------------------------------------+--------------+

