

================================================================
== Vivado HLS Report for 'p_sc_stream_pixel_2_stream'
================================================================
* Date:           Mon Feb 17 22:24:27 2020

* Version:        2019.1 (Build 2552052 on Fri May 24 15:28:33 MDT 2019)
* Project:        CNNAccel
* Solution:       default
* Product family: zynquplus
* Target device:  xczu3eg-sbva484-1-e


================================================================
== Performance Estimates
================================================================
+ Timing (ns): 
    * Summary: 
    +--------+-------+----------+------------+
    |  Clock | Target| Estimated| Uncertainty|
    +--------+-------+----------+------------+
    |ap_clk  |   5.00|     4.014|        0.62|
    +--------+-------+----------+------------+

+ Latency (clock cycles): 
    * Summary: 
    +-----+-----+-----+-----+---------+
    |  Latency  |  Interval | Pipeline|
    | min | max | min | max |   Type  |
    +-----+-----+-----+-----+---------+
    |    0|    5|    0|    5|   none  |
    +-----+-----+-----+-----+---------+

    + Detail: 
        * Instance: 
        +---------------------------------------------+-----------------------------------+-----+-----+-----+-----+---------+
        |                                             |                                   |  Latency  |  Interval | Pipeline|
        |                   Instance                  |               Module              | min | max | min | max |   Type  |
        +---------------------------------------------+-----------------------------------+-----+-----+-----+-----+---------+
        |grp_p_sc_stream_pixel_2_stream_thread_fu_74  |p_sc_stream_pixel_2_stream_thread  |    4|    4|    4|    4|   none  |
        +---------------------------------------------+-----------------------------------+-----+-----+-----+-----+---------+

        * Loop: 
        N/A



================================================================
== Utilization Estimates
================================================================
* Summary: 
+-----------------+---------+-------+--------+-------+-----+
|       Name      | BRAM_18K| DSP48E|   FF   |  LUT  | URAM|
+-----------------+---------+-------+--------+-------+-----+
|DSP              |        -|      -|       -|      -|    -|
|Expression       |        -|      -|       -|      -|    -|
|FIFO             |        -|      -|       -|      -|    -|
|Instance         |        -|      -|      66|    398|    -|
|Memory           |        -|      -|       -|      -|    -|
|Multiplexer      |        -|      -|       -|      -|    -|
|Register         |        -|      -|       -|      -|    -|
+-----------------+---------+-------+--------+-------+-----+
|Total            |        0|      0|      66|    398|    0|
+-----------------+---------+-------+--------+-------+-----+
|Available        |      432|    360|  141120|  70560|    0|
+-----------------+---------+-------+--------+-------+-----+
|Utilization (%)  |        0|      0|   ~0   |   ~0  |    0|
+-----------------+---------+-------+--------+-------+-----+

+ Detail: 
    * Instance: 
    +---------------------------------------------+-----------------------------------+---------+-------+----+-----+-----+
    |                   Instance                  |               Module              | BRAM_18K| DSP48E| FF | LUT | URAM|
    +---------------------------------------------+-----------------------------------+---------+-------+----+-----+-----+
    |grp_p_sc_stream_pixel_2_stream_thread_fu_74  |p_sc_stream_pixel_2_stream_thread  |        0|      0|  66|  398|    0|
    +---------------------------------------------+-----------------------------------+---------+-------+----+-----+-----+
    |Total                                        |                                   |        0|      0|  66|  398|    0|
    +---------------------------------------------+-----------------------------------+---------+-------+----+-----+-----+

    * DSP48E: 
    N/A

    * Memory: 
    N/A

    * FIFO: 
    N/A

    * Expression: 
    N/A

    * Multiplexer: 
    N/A

    * Register: 
    N/A



================================================================
== Interface
================================================================
* Summary: 
+-------------------+-----+-----+------------+------------------------------------------------------------------+--------------+
|     RTL Ports     | Dir | Bits|  Protocol  |                           Source Object                          |    C Type    |
+-------------------+-----+-----+------------+------------------------------------------------------------------+--------------+
|clk                |  in |    1| ap_ctrl_hs | _sc_stream_pixel_2_stream<16, 2, 8>::_sc_stream_pixel_2_stream.1 | return value |
|reset              |  in |    1| ap_ctrl_hs | _sc_stream_pixel_2_stream<16, 2, 8>::_sc_stream_pixel_2_stream.1 | return value |
|din_red_dout       |  in |    8|   ap_fifo  |                              din_red                             |    pointer   |
|din_red_empty_n    |  in |    1|   ap_fifo  |                              din_red                             |    pointer   |
|din_red_read       | out |    1|   ap_fifo  |                              din_red                             |    pointer   |
|din_green_dout     |  in |    8|   ap_fifo  |                             din_green                            |    pointer   |
|din_green_empty_n  |  in |    1|   ap_fifo  |                             din_green                            |    pointer   |
|din_green_read     | out |    1|   ap_fifo  |                             din_green                            |    pointer   |
|din_blue_dout      |  in |    8|   ap_fifo  |                             din_blue                             |    pointer   |
|din_blue_empty_n   |  in |    1|   ap_fifo  |                             din_blue                             |    pointer   |
|din_blue_read      | out |    1|   ap_fifo  |                             din_blue                             |    pointer   |
|din_last_dout      |  in |    1|   ap_fifo  |                             din_last                             |    pointer   |
|din_last_empty_n   |  in |    1|   ap_fifo  |                             din_last                             |    pointer   |
|din_last_read      | out |    1|   ap_fifo  |                             din_last                             |    pointer   |
|dout_0_din         | out |  128|   ap_fifo  |                              dout_0                              |    pointer   |
|dout_0_full_n      |  in |    1|   ap_fifo  |                              dout_0                              |    pointer   |
|dout_0_write       | out |    1|   ap_fifo  |                              dout_0                              |    pointer   |
|dout_1_din         | out |    1|   ap_fifo  |                              dout_1                              |    pointer   |
|dout_1_full_n      |  in |    1|   ap_fifo  |                              dout_1                              |    pointer   |
|dout_1_write       | out |    1|   ap_fifo  |                              dout_1                              |    pointer   |
|dout_2_din         | out |   16|   ap_fifo  |                              dout_2                              |    pointer   |
|dout_2_full_n      |  in |    1|   ap_fifo  |                              dout_2                              |    pointer   |
|dout_2_write       | out |    1|   ap_fifo  |                              dout_2                              |    pointer   |
+-------------------+-----+-----+------------+------------------------------------------------------------------+--------------+

