

================================================================
== Vivado HLS Report for 'p_PE_v2_PE_thread'
================================================================
* Date:           Fri Jan 10 01:41:24 2020

* Version:        2019.1 (Build 2552052 on Fri May 24 15:28:33 MDT 2019)
* Project:        CNNAccel
* Solution:       default
* Product family: zynquplus
* Target device:  xczu3eg-sbva484-1-e


================================================================
== Performance Estimates
================================================================
+ Timing (ns): 
    * Summary: 
    +--------+-------+----------+------------+
    |  Clock | Target| Estimated| Uncertainty|
    +--------+-------+----------+------------+
    |ap_clk  |  10.00|     8.555|        1.25|
    +--------+-------+----------+------------+

+ Latency (clock cycles): 
    * Summary: 
    +-----+-----+-----+-----+---------+
    |  Latency  |  Interval | Pipeline|
    | min | max | min | max |   Type  |
    +-----+-----+-----+-----+---------+
    |    ?|    ?|    ?|    ?|   none  |
    +-----+-----+-----+-----+---------+

    + Detail: 
        * Instance: 
        N/A

        * Loop: 
        +-------------+-----+-----+----------+-----------+-----------+------+----------+
        |             |  Latency  | Iteration|  Initiation Interval  | Trip |          |
        |  Loop Name  | min | max |  Latency |  achieved |   target  | Count| Pipelined|
        +-------------+-----+-----+----------+-----------+-----------+------+----------+
        |- Loop 1     |    ?|    ?|         ?|          -|          -|  inf |    no    |
        | + Loop 1.1  |    ?|    ?|        12|          1|          1|     ?|    yes   |
        +-------------+-----+-----+----------+-----------+-----------+------+----------+



================================================================
== Utilization Estimates
================================================================
* Summary: 
+-----------------+---------+-------+--------+-------+-----+
|       Name      | BRAM_18K| DSP48E|   FF   |  LUT  | URAM|
+-----------------+---------+-------+--------+-------+-----+
|DSP              |        -|     24|       -|      -|    -|
|Expression       |        -|      -|       0|   3939|    -|
|FIFO             |        -|      -|       -|      -|    -|
|Instance         |        -|      -|       -|      -|    -|
|Memory           |        -|      -|       -|      -|    -|
|Multiplexer      |        -|      -|       -|    900|    -|
|Register         |        0|      -|    5041|   1312|    -|
+-----------------+---------+-------+--------+-------+-----+
|Total            |        0|     24|    5041|   6151|    0|
+-----------------+---------+-------+--------+-------+-----+
|Available        |      432|    360|  141120|  70560|    0|
+-----------------+---------+-------+--------+-------+-----+
|Utilization (%)  |        0|      6|       3|      8|    0|
+-----------------+---------+-------+--------+-------+-----+

+ Detail: 
    * Instance: 
    N/A

    * DSP48E: 
    +------------------------------------+--------------------------------+-----------+
    |              Instance              |             Module             | Expression|
    +------------------------------------+--------------------------------+-----------+
    |p_PE_v2_mul_mul_16s_16s_32_1_1_U17  |p_PE_v2_mul_mul_16s_16s_32_1_1  |  i0 * i1  |
    |p_PE_v2_mul_mul_16s_16s_32_1_1_U18  |p_PE_v2_mul_mul_16s_16s_32_1_1  |  i0 * i1  |
    |p_PE_v2_mul_mul_16s_16s_32_1_1_U19  |p_PE_v2_mul_mul_16s_16s_32_1_1  |  i0 * i1  |
    |p_PE_v2_mul_mul_16s_16s_32_1_1_U20  |p_PE_v2_mul_mul_16s_16s_32_1_1  |  i0 * i1  |
    |p_PE_v2_mul_mul_16s_16s_32_1_1_U21  |p_PE_v2_mul_mul_16s_16s_32_1_1  |  i0 * i1  |
    |p_PE_v2_mul_mul_16s_16s_32_1_1_U22  |p_PE_v2_mul_mul_16s_16s_32_1_1  |  i0 * i1  |
    |p_PE_v2_mul_mul_16s_16s_32_1_1_U23  |p_PE_v2_mul_mul_16s_16s_32_1_1  |  i0 * i1  |
    |p_PE_v2_mul_mul_16s_16s_32_1_1_U24  |p_PE_v2_mul_mul_16s_16s_32_1_1  |  i0 * i1  |
    |p_PE_v2_mul_mul_16s_16s_32_1_1_U25  |p_PE_v2_mul_mul_16s_16s_32_1_1  |  i0 * i1  |
    |p_PE_v2_mul_mul_16s_16s_32_1_1_U26  |p_PE_v2_mul_mul_16s_16s_32_1_1  |  i0 * i1  |
    |p_PE_v2_mul_mul_16s_16s_32_1_1_U27  |p_PE_v2_mul_mul_16s_16s_32_1_1  |  i0 * i1  |
    |p_PE_v2_mul_mul_16s_16s_32_1_1_U28  |p_PE_v2_mul_mul_16s_16s_32_1_1  |  i0 * i1  |
    |p_PE_v2_mul_mul_16s_16s_32_1_1_U29  |p_PE_v2_mul_mul_16s_16s_32_1_1  |  i0 * i1  |
    |p_PE_v2_mul_mul_16s_16s_32_1_1_U30  |p_PE_v2_mul_mul_16s_16s_32_1_1  |  i0 * i1  |
    |p_PE_v2_mul_mul_16s_16s_32_1_1_U31  |p_PE_v2_mul_mul_16s_16s_32_1_1  |  i0 * i1  |
    |p_PE_v2_mul_mul_16s_16s_32_1_1_U32  |p_PE_v2_mul_mul_16s_16s_32_1_1  |  i0 * i1  |
    |p_PE_v2_mul_mul_16s_16s_32_1_1_U33  |p_PE_v2_mul_mul_16s_16s_32_1_1  |  i0 * i1  |
    |p_PE_v2_mul_mul_16s_16s_32_1_1_U34  |p_PE_v2_mul_mul_16s_16s_32_1_1  |  i0 * i1  |
    |p_PE_v2_mul_mul_16s_16s_32_1_1_U35  |p_PE_v2_mul_mul_16s_16s_32_1_1  |  i0 * i1  |
    |p_PE_v2_mul_mul_16s_16s_32_1_1_U36  |p_PE_v2_mul_mul_16s_16s_32_1_1  |  i0 * i1  |
    |p_PE_v2_mul_mul_16s_16s_32_1_1_U37  |p_PE_v2_mul_mul_16s_16s_32_1_1  |  i0 * i1  |
    |p_PE_v2_mul_mul_16s_16s_32_1_1_U38  |p_PE_v2_mul_mul_16s_16s_32_1_1  |  i0 * i1  |
    |p_PE_v2_mul_mul_16s_16s_32_1_1_U39  |p_PE_v2_mul_mul_16s_16s_32_1_1  |  i0 * i1  |
    |p_PE_v2_mul_mul_16s_16s_32_1_1_U40  |p_PE_v2_mul_mul_16s_16s_32_1_1  |  i0 * i1  |
    +------------------------------------+--------------------------------+-----------+

    * Memory: 
    N/A

    * FIFO: 
    N/A

    * Expression: 
    +----------------------------------+----------+-------+---+----+------------+------------+
    |           Variable Name          | Operation| DSP48E| FF| LUT| Bitwidth P0| Bitwidth P1|
    +----------------------------------+----------+-------+---+----+------------+------------+
    |add_ln1192_10_fu_2429_p2          |     +    |      0|  0|  40|          33|          33|
    |add_ln1192_11_fu_2534_p2          |     +    |      0|  0|  40|          33|          33|
    |add_ln1192_12_fu_2641_p2          |     +    |      0|  0|  40|          33|          33|
    |add_ln1192_13_fu_2748_p2          |     +    |      0|  0|  40|          33|          33|
    |add_ln1192_14_fu_2846_p2          |     +    |      0|  0|  40|          33|          33|
    |add_ln1192_15_fu_2953_p2          |     +    |      0|  0|  40|          33|          33|
    |add_ln1192_16_fu_3053_p2          |     +    |      0|  0|  40|          33|          33|
    |add_ln1192_17_fu_3160_p2          |     +    |      0|  0|  40|          33|          33|
    |add_ln1192_18_fu_3265_p2          |     +    |      0|  0|  40|          33|          33|
    |add_ln1192_19_fu_3372_p2          |     +    |      0|  0|  40|          33|          33|
    |add_ln1192_1_fu_1491_p2           |     +    |      0|  0|  40|          33|          33|
    |add_ln1192_20_fu_3479_p2          |     +    |      0|  0|  40|          33|          33|
    |add_ln1192_21_fu_3577_p2          |     +    |      0|  0|  40|          33|          33|
    |add_ln1192_22_fu_3684_p2          |     +    |      0|  0|  40|          33|          33|
    |add_ln1192_23_fu_3784_p2          |     +    |      0|  0|  40|          33|          33|
    |add_ln1192_2_fu_1591_p2           |     +    |      0|  0|  40|          33|          33|
    |add_ln1192_3_fu_1698_p2           |     +    |      0|  0|  40|          33|          33|
    |add_ln1192_4_fu_1803_p2           |     +    |      0|  0|  40|          33|          33|
    |add_ln1192_5_fu_1910_p2           |     +    |      0|  0|  40|          33|          33|
    |add_ln1192_6_fu_2017_p2           |     +    |      0|  0|  40|          33|          33|
    |add_ln1192_7_fu_2115_p2           |     +    |      0|  0|  40|          33|          33|
    |add_ln1192_8_fu_2222_p2           |     +    |      0|  0|  40|          33|          33|
    |add_ln1192_9_fu_2322_p2           |     +    |      0|  0|  40|          33|          33|
    |add_ln1192_fu_1384_p2             |     +    |      0|  0|  40|          33|          33|
    |add_ln703_10_fu_2443_p2           |     +    |      0|  0|  39|          32|          32|
    |add_ln703_11_fu_2548_p2           |     +    |      0|  0|  39|          32|          32|
    |add_ln703_12_fu_2655_p2           |     +    |      0|  0|  39|          32|          32|
    |add_ln703_13_fu_2762_p2           |     +    |      0|  0|  39|          32|          32|
    |add_ln703_14_fu_2860_p2           |     +    |      0|  0|  39|          32|          32|
    |add_ln703_15_fu_2967_p2           |     +    |      0|  0|  39|          32|          32|
    |add_ln703_16_fu_3067_p2           |     +    |      0|  0|  39|          32|          32|
    |add_ln703_17_fu_3174_p2           |     +    |      0|  0|  39|          32|          32|
    |add_ln703_18_fu_3279_p2           |     +    |      0|  0|  39|          32|          32|
    |add_ln703_19_fu_3386_p2           |     +    |      0|  0|  39|          32|          32|
    |add_ln703_1_fu_1505_p2            |     +    |      0|  0|  39|          32|          32|
    |add_ln703_20_fu_3493_p2           |     +    |      0|  0|  39|          32|          32|
    |add_ln703_21_fu_3591_p2           |     +    |      0|  0|  39|          32|          32|
    |add_ln703_22_fu_3698_p2           |     +    |      0|  0|  39|          32|          32|
    |add_ln703_23_fu_3798_p2           |     +    |      0|  0|  39|          32|          32|
    |add_ln703_2_fu_1605_p2            |     +    |      0|  0|  39|          32|          32|
    |add_ln703_3_fu_1712_p2            |     +    |      0|  0|  39|          32|          32|
    |add_ln703_4_fu_1817_p2            |     +    |      0|  0|  39|          32|          32|
    |add_ln703_5_fu_1924_p2            |     +    |      0|  0|  39|          32|          32|
    |add_ln703_6_fu_2031_p2            |     +    |      0|  0|  39|          32|          32|
    |add_ln703_7_fu_2129_p2            |     +    |      0|  0|  39|          32|          32|
    |add_ln703_8_fu_2236_p2            |     +    |      0|  0|  39|          32|          32|
    |add_ln703_9_fu_2336_p2            |     +    |      0|  0|  39|          32|          32|
    |add_ln703_fu_1398_p2              |     +    |      0|  0|  39|          32|          32|
    |and_ln786_10_fu_2475_p2           |    and   |      0|  0|   2|           1|           1|
    |and_ln786_11_fu_2580_p2           |    and   |      0|  0|   2|           1|           1|
    |and_ln786_12_fu_2687_p2           |    and   |      0|  0|   2|           1|           1|
    |and_ln786_13_fu_2796_p2           |    and   |      0|  0|   2|           1|           1|
    |and_ln786_14_fu_2892_p2           |    and   |      0|  0|   2|           1|           1|
    |and_ln786_15_fu_3003_p2           |    and   |      0|  0|   2|           1|           1|
    |and_ln786_16_fu_3099_p2           |    and   |      0|  0|   2|           1|           1|
    |and_ln786_17_fu_3206_p2           |    and   |      0|  0|   2|           1|           1|
    |and_ln786_18_fu_3311_p2           |    and   |      0|  0|   2|           1|           1|
    |and_ln786_19_fu_3418_p2           |    and   |      0|  0|   2|           1|           1|
    |and_ln786_1_fu_1541_p2            |    and   |      0|  0|   2|           1|           1|
    |and_ln786_20_fu_3527_p2           |    and   |      0|  0|   2|           1|           1|
    |and_ln786_21_fu_3623_p2           |    and   |      0|  0|   2|           1|           1|
    |and_ln786_22_fu_3734_p2           |    and   |      0|  0|   2|           1|           1|
    |and_ln786_23_fu_3830_p2           |    and   |      0|  0|   2|           1|           1|
    |and_ln786_2_fu_1637_p2            |    and   |      0|  0|   2|           1|           1|
    |and_ln786_3_fu_1744_p2            |    and   |      0|  0|   2|           1|           1|
    |and_ln786_4_fu_1849_p2            |    and   |      0|  0|   2|           1|           1|
    |and_ln786_5_fu_1956_p2            |    and   |      0|  0|   2|           1|           1|
    |and_ln786_6_fu_2065_p2            |    and   |      0|  0|   2|           1|           1|
    |and_ln786_7_fu_2161_p2            |    and   |      0|  0|   2|           1|           1|
    |and_ln786_8_fu_2272_p2            |    and   |      0|  0|   2|           1|           1|
    |and_ln786_9_fu_2368_p2            |    and   |      0|  0|   2|           1|           1|
    |and_ln786_fu_1430_p2              |    and   |      0|  0|   2|           1|           1|
    |ap_condition_1095                 |    and   |      0|  0|   2|           1|           1|
    |ap_condition_1100                 |    and   |      0|  0|   2|           1|           1|
    |ap_condition_1107                 |    and   |      0|  0|   2|           1|           1|
    |ap_condition_1624                 |    and   |      0|  0|   2|           1|           1|
    |ap_predicate_tran14to15_state3    |    and   |      0|  0|   2|           1|           1|
    |io_acc_block_signal_op70          |    and   |      0|  0|   2|           1|           1|
    |io_acc_block_signal_op72          |    and   |      0|  0|   2|           1|           1|
    |io_acc_block_signal_op755         |    and   |      0|  0|   2|           1|           1|
    |underflow_fu_1311_p2              |    and   |      0|  0|   2|           1|           1|
    |ap_block_pp0_stage0_01001         |    or    |      0|  0|   2|           1|           1|
    |ap_block_state3_pp0_stage0_iter0  |    or    |      0|  0|   2|           1|           1|
    |or_ln340_10_fu_1750_p2            |    or    |      0|  0|   2|           1|           1|
    |or_ln340_11_fu_1762_p2            |    or    |      0|  0|   2|           1|           1|
    |or_ln340_12_fu_1768_p2            |    or    |      0|  0|   2|           1|           1|
    |or_ln340_13_fu_1855_p2            |    or    |      0|  0|   2|           1|           1|
    |or_ln340_14_fu_1867_p2            |    or    |      0|  0|   2|           1|           1|
    |or_ln340_15_fu_1873_p2            |    or    |      0|  0|   2|           1|           1|
    |or_ln340_16_fu_1962_p2            |    or    |      0|  0|   2|           1|           1|
    |or_ln340_17_fu_1974_p2            |    or    |      0|  0|   2|           1|           1|
    |or_ln340_18_fu_1980_p2            |    or    |      0|  0|   2|           1|           1|
    |or_ln340_19_fu_2070_p2            |    or    |      0|  0|   2|           1|           1|
    |or_ln340_1_fu_1436_p2             |    or    |      0|  0|   2|           1|           1|
    |or_ln340_20_fu_2081_p2            |    or    |      0|  0|   2|           1|           1|
    |or_ln340_21_fu_2087_p2            |    or    |      0|  0|   2|           1|           1|
    |or_ln340_22_fu_2167_p2            |    or    |      0|  0|   2|           1|           1|
    |or_ln340_23_fu_2179_p2            |    or    |      0|  0|   2|           1|           1|
    |or_ln340_24_fu_2185_p2            |    or    |      0|  0|   2|           1|           1|
    |or_ln340_25_fu_2277_p2            |    or    |      0|  0|   2|           1|           1|
    |or_ln340_26_fu_2288_p2            |    or    |      0|  0|   2|           1|           1|
    |or_ln340_27_fu_2294_p2            |    or    |      0|  0|   2|           1|           1|
    |or_ln340_28_fu_2374_p2            |    or    |      0|  0|   2|           1|           1|
    |or_ln340_29_fu_2386_p2            |    or    |      0|  0|   2|           1|           1|
    |or_ln340_2_fu_1448_p2             |    or    |      0|  0|   2|           1|           1|
    |or_ln340_30_fu_2392_p2            |    or    |      0|  0|   2|           1|           1|
    |or_ln340_31_fu_2481_p2            |    or    |      0|  0|   2|           1|           1|
    |or_ln340_32_fu_2493_p2            |    or    |      0|  0|   2|           1|           1|
    |or_ln340_33_fu_2499_p2            |    or    |      0|  0|   2|           1|           1|
    |or_ln340_34_fu_2586_p2            |    or    |      0|  0|   2|           1|           1|
    |or_ln340_35_fu_2598_p2            |    or    |      0|  0|   2|           1|           1|
    |or_ln340_36_fu_2604_p2            |    or    |      0|  0|   2|           1|           1|
    |or_ln340_37_fu_2693_p2            |    or    |      0|  0|   2|           1|           1|
    |or_ln340_38_fu_2705_p2            |    or    |      0|  0|   2|           1|           1|
    |or_ln340_39_fu_2711_p2            |    or    |      0|  0|   2|           1|           1|
    |or_ln340_3_fu_1454_p2             |    or    |      0|  0|   2|           1|           1|
    |or_ln340_40_fu_2801_p2            |    or    |      0|  0|   2|           1|           1|
    |or_ln340_41_fu_2812_p2            |    or    |      0|  0|   2|           1|           1|
    |or_ln340_42_fu_2818_p2            |    or    |      0|  0|   2|           1|           1|
    |or_ln340_43_fu_2898_p2            |    or    |      0|  0|   2|           1|           1|
    |or_ln340_44_fu_2910_p2            |    or    |      0|  0|   2|           1|           1|
    |or_ln340_45_fu_2916_p2            |    or    |      0|  0|   2|           1|           1|
    |or_ln340_46_fu_3008_p2            |    or    |      0|  0|   2|           1|           1|
    |or_ln340_47_fu_3019_p2            |    or    |      0|  0|   2|           1|           1|
    |or_ln340_48_fu_3025_p2            |    or    |      0|  0|   2|           1|           1|
    |or_ln340_49_fu_3105_p2            |    or    |      0|  0|   2|           1|           1|
    |or_ln340_4_fu_1546_p2             |    or    |      0|  0|   2|           1|           1|
    |or_ln340_50_fu_3117_p2            |    or    |      0|  0|   2|           1|           1|
    |or_ln340_51_fu_3123_p2            |    or    |      0|  0|   2|           1|           1|
    |or_ln340_52_fu_3212_p2            |    or    |      0|  0|   2|           1|           1|
    |or_ln340_53_fu_3224_p2            |    or    |      0|  0|   2|           1|           1|
    |or_ln340_54_fu_3230_p2            |    or    |      0|  0|   2|           1|           1|
    |or_ln340_55_fu_3317_p2            |    or    |      0|  0|   2|           1|           1|
    |or_ln340_56_fu_3329_p2            |    or    |      0|  0|   2|           1|           1|
    |or_ln340_57_fu_3335_p2            |    or    |      0|  0|   2|           1|           1|
    |or_ln340_58_fu_3424_p2            |    or    |      0|  0|   2|           1|           1|
    |or_ln340_59_fu_3436_p2            |    or    |      0|  0|   2|           1|           1|
    |or_ln340_5_fu_1557_p2             |    or    |      0|  0|   2|           1|           1|
    |or_ln340_60_fu_3442_p2            |    or    |      0|  0|   2|           1|           1|
    |or_ln340_61_fu_3532_p2            |    or    |      0|  0|   2|           1|           1|
    |or_ln340_62_fu_3543_p2            |    or    |      0|  0|   2|           1|           1|
    |or_ln340_63_fu_3549_p2            |    or    |      0|  0|   2|           1|           1|
    |or_ln340_64_fu_3629_p2            |    or    |      0|  0|   2|           1|           1|
    |or_ln340_65_fu_3641_p2            |    or    |      0|  0|   2|           1|           1|
    |or_ln340_66_fu_3647_p2            |    or    |      0|  0|   2|           1|           1|
    |or_ln340_67_fu_3739_p2            |    or    |      0|  0|   2|           1|           1|
    |or_ln340_68_fu_3750_p2            |    or    |      0|  0|   2|           1|           1|
    |or_ln340_69_fu_3756_p2            |    or    |      0|  0|   2|           1|           1|
    |or_ln340_6_fu_1563_p2             |    or    |      0|  0|   2|           1|           1|
    |or_ln340_70_fu_3836_p2            |    or    |      0|  0|   2|           1|           1|
    |or_ln340_71_fu_3848_p2            |    or    |      0|  0|   2|           1|           1|
    |or_ln340_72_fu_3854_p2            |    or    |      0|  0|   2|           1|           1|
    |or_ln340_7_fu_1643_p2             |    or    |      0|  0|   2|           1|           1|
    |or_ln340_8_fu_1655_p2             |    or    |      0|  0|   2|           1|           1|
    |or_ln340_9_fu_1661_p2             |    or    |      0|  0|   2|           1|           1|
    |or_ln340_fu_1323_p2               |    or    |      0|  0|   2|           1|           1|
    |or_ln785_10_fu_2456_p2            |    or    |      0|  0|   2|           1|           1|
    |or_ln785_11_fu_2561_p2            |    or    |      0|  0|   2|           1|           1|
    |or_ln785_12_fu_2668_p2            |    or    |      0|  0|   2|           1|           1|
    |or_ln785_13_fu_2781_p2            |    or    |      0|  0|   2|           1|           1|
    |or_ln785_14_fu_2873_p2            |    or    |      0|  0|   2|           1|           1|
    |or_ln785_15_fu_2980_p2            |    or    |      0|  0|   2|           1|           1|
    |or_ln785_16_fu_3080_p2            |    or    |      0|  0|   2|           1|           1|
    |or_ln785_17_fu_3187_p2            |    or    |      0|  0|   2|           1|           1|
    |or_ln785_18_fu_3292_p2            |    or    |      0|  0|   2|           1|           1|
    |or_ln785_19_fu_3399_p2            |    or    |      0|  0|   2|           1|           1|
    |or_ln785_1_fu_1518_p2             |    or    |      0|  0|   2|           1|           1|
    |or_ln785_20_fu_3512_p2            |    or    |      0|  0|   2|           1|           1|
    |or_ln785_21_fu_3604_p2            |    or    |      0|  0|   2|           1|           1|
    |or_ln785_22_fu_3711_p2            |    or    |      0|  0|   2|           1|           1|
    |or_ln785_23_fu_3811_p2            |    or    |      0|  0|   2|           1|           1|
    |or_ln785_2_fu_1618_p2             |    or    |      0|  0|   2|           1|           1|
    |or_ln785_3_fu_1725_p2             |    or    |      0|  0|   2|           1|           1|
    |or_ln785_4_fu_1830_p2             |    or    |      0|  0|   2|           1|           1|
    |or_ln785_5_fu_1937_p2             |    or    |      0|  0|   2|           1|           1|
    |or_ln785_6_fu_2050_p2             |    or    |      0|  0|   2|           1|           1|
    |or_ln785_7_fu_2142_p2             |    or    |      0|  0|   2|           1|           1|
    |or_ln785_8_fu_2249_p2             |    or    |      0|  0|   2|           1|           1|
    |or_ln785_9_fu_2349_p2             |    or    |      0|  0|   2|           1|           1|
    |or_ln785_fu_1411_p2               |    or    |      0|  0|   2|           1|           1|
    |sc_fifo_chn_5_din                 |  select  |      0|  0|   2|           1|           2|
    |select_ln340_10_fu_2398_p3        |  select  |      0|  0|  32|           1|          31|
    |select_ln340_11_fu_2505_p3        |  select  |      0|  0|  32|           1|          31|
    |select_ln340_12_fu_2610_p3        |  select  |      0|  0|  32|           1|          31|
    |select_ln340_13_fu_2717_p3        |  select  |      0|  0|  32|           1|          31|
    |select_ln340_14_fu_2823_p3        |  select  |      0|  0|  32|           1|          31|
    |select_ln340_15_fu_2922_p3        |  select  |      0|  0|  32|           1|          31|
    |select_ln340_16_fu_3030_p3        |  select  |      0|  0|  32|           1|          31|
    |select_ln340_17_fu_3129_p3        |  select  |      0|  0|  32|           1|          31|
    |select_ln340_18_fu_3236_p3        |  select  |      0|  0|  32|           1|          31|
    |select_ln340_19_fu_3341_p3        |  select  |      0|  0|  32|           1|          31|
    |select_ln340_1_fu_1460_p3         |  select  |      0|  0|  32|           1|          31|
    |select_ln340_20_fu_3448_p3        |  select  |      0|  0|  32|           1|          31|
    |select_ln340_21_fu_3554_p3        |  select  |      0|  0|  32|           1|          31|
    |select_ln340_22_fu_3653_p3        |  select  |      0|  0|  32|           1|          31|
    |select_ln340_23_fu_3761_p3        |  select  |      0|  0|  32|           1|          31|
    |select_ln340_24_fu_3860_p3        |  select  |      0|  0|  32|           1|          31|
    |select_ln340_2_fu_1568_p3         |  select  |      0|  0|  32|           1|          31|
    |select_ln340_3_fu_1667_p3         |  select  |      0|  0|  32|           1|          31|
    |select_ln340_4_fu_1774_p3         |  select  |      0|  0|  32|           1|          31|
    |select_ln340_5_fu_1879_p3         |  select  |      0|  0|  32|           1|          31|
    |select_ln340_6_fu_1986_p3         |  select  |      0|  0|  32|           1|          31|
    |select_ln340_7_fu_2092_p3         |  select  |      0|  0|  32|           1|          31|
    |select_ln340_8_fu_2191_p3         |  select  |      0|  0|  32|           1|          31|
    |select_ln340_9_fu_2299_p3         |  select  |      0|  0|  32|           1|          31|
    |select_ln340_fu_1329_p3           |  select  |      0|  0|  32|           1|          31|
    |select_ln388_10_fu_2407_p3        |  select  |      0|  0|  33|           1|          33|
    |select_ln388_11_fu_2513_p3        |  select  |      0|  0|  33|           1|          33|
    |select_ln388_12_fu_2619_p3        |  select  |      0|  0|  33|           1|          33|
    |select_ln388_13_fu_2726_p3        |  select  |      0|  0|  33|           1|          33|
    |select_ln388_14_fu_2831_p3        |  select  |      0|  0|  33|           1|          33|
    |select_ln388_15_fu_2931_p3        |  select  |      0|  0|  33|           1|          33|
    |select_ln388_16_fu_3038_p3        |  select  |      0|  0|  33|           1|          33|
    |select_ln388_17_fu_3138_p3        |  select  |      0|  0|  33|           1|          33|
    |select_ln388_18_fu_3244_p3        |  select  |      0|  0|  33|           1|          33|
    |select_ln388_19_fu_3350_p3        |  select  |      0|  0|  33|           1|          33|
    |select_ln388_1_fu_1469_p3         |  select  |      0|  0|  33|           1|          33|
    |select_ln388_20_fu_3457_p3        |  select  |      0|  0|  33|           1|          33|
    |select_ln388_21_fu_3562_p3        |  select  |      0|  0|  33|           1|          33|
    |select_ln388_22_fu_3662_p3        |  select  |      0|  0|  33|           1|          33|
    |select_ln388_23_fu_3769_p3        |  select  |      0|  0|  33|           1|          33|
    |select_ln388_24_fu_3869_p3        |  select  |      0|  0|  33|           1|          33|
    |select_ln388_2_fu_1576_p3         |  select  |      0|  0|  33|           1|          33|
    |select_ln388_3_fu_1676_p3         |  select  |      0|  0|  33|           1|          33|
    |select_ln388_4_fu_1782_p3         |  select  |      0|  0|  33|           1|          33|
    |select_ln388_5_fu_1888_p3         |  select  |      0|  0|  33|           1|          33|
    |select_ln388_6_fu_1995_p3         |  select  |      0|  0|  33|           1|          33|
    |select_ln388_7_fu_2100_p3         |  select  |      0|  0|  33|           1|          33|
    |select_ln388_8_fu_2200_p3         |  select  |      0|  0|  33|           1|          33|
    |select_ln388_9_fu_2307_p3         |  select  |      0|  0|  33|           1|          33|
    |select_ln388_fu_1337_p3           |  select  |      0|  0|  33|           1|          33|
    |ap_enable_pp0                     |    xor   |      0|  0|   2|           1|           2|
    |xor_ln340_10_fu_2487_p2           |    xor   |      0|  0|   2|           1|           2|
    |xor_ln340_11_fu_2592_p2           |    xor   |      0|  0|   2|           1|           2|
    |xor_ln340_12_fu_2699_p2           |    xor   |      0|  0|   2|           1|           2|
    |xor_ln340_13_fu_2807_p2           |    xor   |      0|  0|   2|           1|           2|
    |xor_ln340_14_fu_2904_p2           |    xor   |      0|  0|   2|           1|           2|
    |xor_ln340_15_fu_3014_p2           |    xor   |      0|  0|   2|           1|           2|
    |xor_ln340_16_fu_3111_p2           |    xor   |      0|  0|   2|           1|           2|
    |xor_ln340_17_fu_3218_p2           |    xor   |      0|  0|   2|           1|           2|
    |xor_ln340_18_fu_3323_p2           |    xor   |      0|  0|   2|           1|           2|
    |xor_ln340_19_fu_3430_p2           |    xor   |      0|  0|   2|           1|           2|
    |xor_ln340_1_fu_1552_p2            |    xor   |      0|  0|   2|           1|           2|
    |xor_ln340_20_fu_3538_p2           |    xor   |      0|  0|   2|           1|           2|
    |xor_ln340_21_fu_3635_p2           |    xor   |      0|  0|   2|           1|           2|
    |xor_ln340_22_fu_3745_p2           |    xor   |      0|  0|   2|           1|           2|
    |xor_ln340_23_fu_3842_p2           |    xor   |      0|  0|   2|           1|           2|
    |xor_ln340_24_fu_1317_p2           |    xor   |      0|  0|   2|           1|           1|
    |xor_ln340_2_fu_1649_p2            |    xor   |      0|  0|   2|           1|           2|
    |xor_ln340_3_fu_1756_p2            |    xor   |      0|  0|   2|           1|           2|
    |xor_ln340_4_fu_1861_p2            |    xor   |      0|  0|   2|           1|           2|
    |xor_ln340_5_fu_1968_p2            |    xor   |      0|  0|   2|           1|           2|
    |xor_ln340_6_fu_2076_p2            |    xor   |      0|  0|   2|           1|           2|
    |xor_ln340_7_fu_2173_p2            |    xor   |      0|  0|   2|           1|           2|
    |xor_ln340_8_fu_2283_p2            |    xor   |      0|  0|   2|           1|           2|
    |xor_ln340_9_fu_2380_p2            |    xor   |      0|  0|   2|           1|           2|
    |xor_ln340_fu_1442_p2              |    xor   |      0|  0|   2|           1|           2|
    |xor_ln785_10_fu_2355_p2           |    xor   |      0|  0|   2|           1|           2|
    |xor_ln785_11_fu_2462_p2           |    xor   |      0|  0|   2|           1|           2|
    |xor_ln785_12_fu_2567_p2           |    xor   |      0|  0|   2|           1|           2|
    |xor_ln785_13_fu_2674_p2           |    xor   |      0|  0|   2|           1|           2|
    |xor_ln785_14_fu_2785_p2           |    xor   |      0|  0|   2|           1|           2|
    |xor_ln785_15_fu_2879_p2           |    xor   |      0|  0|   2|           1|           2|
    |xor_ln785_16_fu_2986_p2           |    xor   |      0|  0|   2|           1|           2|
    |xor_ln785_17_fu_3086_p2           |    xor   |      0|  0|   2|           1|           2|
    |xor_ln785_18_fu_3193_p2           |    xor   |      0|  0|   2|           1|           2|
    |xor_ln785_19_fu_3298_p2           |    xor   |      0|  0|   2|           1|           2|
    |xor_ln785_1_fu_1417_p2            |    xor   |      0|  0|   2|           1|           2|
    |xor_ln785_20_fu_3405_p2           |    xor   |      0|  0|   2|           1|           2|
    |xor_ln785_21_fu_3516_p2           |    xor   |      0|  0|   2|           1|           2|
    |xor_ln785_22_fu_3610_p2           |    xor   |      0|  0|   2|           1|           2|
    |xor_ln785_23_fu_3717_p2           |    xor   |      0|  0|   2|           1|           2|
    |xor_ln785_24_fu_3817_p2           |    xor   |      0|  0|   2|           1|           2|
    |xor_ln785_2_fu_1524_p2            |    xor   |      0|  0|   2|           1|           2|
    |xor_ln785_3_fu_1624_p2            |    xor   |      0|  0|   2|           1|           2|
    |xor_ln785_4_fu_1731_p2            |    xor   |      0|  0|   2|           1|           2|
    |xor_ln785_5_fu_1836_p2            |    xor   |      0|  0|   2|           1|           2|
    |xor_ln785_6_fu_1943_p2            |    xor   |      0|  0|   2|           1|           2|
    |xor_ln785_7_fu_2054_p2            |    xor   |      0|  0|   2|           1|           2|
    |xor_ln785_8_fu_2148_p2            |    xor   |      0|  0|   2|           1|           2|
    |xor_ln785_9_fu_2255_p2            |    xor   |      0|  0|   2|           1|           2|
    |xor_ln785_fu_1299_p2              |    xor   |      0|  0|   2|           1|           2|
    |xor_ln786_10_fu_2362_p2           |    xor   |      0|  0|   2|           1|           2|
    |xor_ln786_11_fu_2469_p2           |    xor   |      0|  0|   2|           1|           2|
    |xor_ln786_12_fu_2574_p2           |    xor   |      0|  0|   2|           1|           2|
    |xor_ln786_13_fu_2681_p2           |    xor   |      0|  0|   2|           1|           2|
    |xor_ln786_14_fu_2791_p2           |    xor   |      0|  0|   2|           1|           2|
    |xor_ln786_15_fu_2886_p2           |    xor   |      0|  0|   2|           1|           2|
    |xor_ln786_16_fu_2998_p2           |    xor   |      0|  0|   2|           1|           2|
    |xor_ln786_17_fu_3093_p2           |    xor   |      0|  0|   2|           1|           2|
    |xor_ln786_18_fu_3200_p2           |    xor   |      0|  0|   2|           1|           2|
    |xor_ln786_19_fu_3305_p2           |    xor   |      0|  0|   2|           1|           2|
    |xor_ln786_1_fu_1424_p2            |    xor   |      0|  0|   2|           1|           2|
    |xor_ln786_20_fu_3412_p2           |    xor   |      0|  0|   2|           1|           2|
    |xor_ln786_21_fu_3522_p2           |    xor   |      0|  0|   2|           1|           2|
    |xor_ln786_22_fu_3617_p2           |    xor   |      0|  0|   2|           1|           2|
    |xor_ln786_23_fu_3729_p2           |    xor   |      0|  0|   2|           1|           2|
    |xor_ln786_24_fu_3824_p2           |    xor   |      0|  0|   2|           1|           2|
    |xor_ln786_2_fu_1536_p2            |    xor   |      0|  0|   2|           1|           2|
    |xor_ln786_3_fu_1631_p2            |    xor   |      0|  0|   2|           1|           2|
    |xor_ln786_4_fu_1738_p2            |    xor   |      0|  0|   2|           1|           2|
    |xor_ln786_5_fu_1843_p2            |    xor   |      0|  0|   2|           1|           2|
    |xor_ln786_6_fu_1950_p2            |    xor   |      0|  0|   2|           1|           2|
    |xor_ln786_7_fu_2060_p2            |    xor   |      0|  0|   2|           1|           2|
    |xor_ln786_8_fu_2155_p2            |    xor   |      0|  0|   2|           1|           2|
    |xor_ln786_9_fu_2267_p2            |    xor   |      0|  0|   2|           1|           2|
    |xor_ln786_fu_1305_p2              |    xor   |      0|  0|   2|           2|           1|
    +----------------------------------+----------+-------+---+----+------------+------------+
    |Total                             |          |      0|  0|3939|        1820|        3444|
    +----------------------------------+----------+-------+---+----+------------+------------+

    * Multiplexer: 
    +---------------------------------------------+----+-----------+-----+-----------+
    |                     Name                    | LUT| Input Size| Bits| Total Bits|
    +---------------------------------------------+----+-----------+-----+-----------+
    |Win_0_blk_n                                  |   9|          2|    1|          2|
    |Win_1_blk_n                                  |   9|          2|    1|          2|
    |Win_2_blk_n                                  |   9|          2|    1|          2|
    |Xin_0_blk_n                                  |   9|          2|    1|          2|
    |Xin_1_blk_n                                  |   9|          2|    1|          2|
    |Xin_2_blk_n                                  |   9|          2|    1|          2|
    |ap_NS_fsm                                    |  21|          4|    1|          4|
    |ap_enable_reg_pp0_iter11                     |   9|          2|    1|          2|
    |ap_phi_mux_overflow_1_0_phi_fu_279_p4        |  15|          3|    1|          3|
    |ap_phi_mux_overflow_1_10_phi_fu_471_p4       |  15|          3|    1|          3|
    |ap_phi_mux_overflow_1_11_phi_fu_490_p4       |  15|          3|    1|          3|
    |ap_phi_mux_overflow_1_12_phi_fu_509_p4       |  15|          3|    1|          3|
    |ap_phi_mux_overflow_1_13_phi_fu_528_p4       |  15|          3|    1|          3|
    |ap_phi_mux_overflow_1_14_phi_fu_547_p4       |  15|          3|    1|          3|
    |ap_phi_mux_overflow_1_16_phi_fu_586_p4       |  15|          3|    1|          3|
    |ap_phi_mux_overflow_1_17_phi_fu_605_p4       |  15|          3|    1|          3|
    |ap_phi_mux_overflow_1_18_phi_fu_624_p4       |  15|          3|    1|          3|
    |ap_phi_mux_overflow_1_19_phi_fu_643_p4       |  15|          3|    1|          3|
    |ap_phi_mux_overflow_1_20_phi_fu_662_p4       |  15|          3|    1|          3|
    |ap_phi_mux_overflow_1_21_phi_fu_681_p4       |  15|          3|    1|          3|
    |ap_phi_mux_overflow_1_23_phi_fu_720_p4       |  15|          3|    1|          3|
    |ap_phi_mux_overflow_1_2_phi_fu_318_p4        |  15|          3|    1|          3|
    |ap_phi_mux_overflow_1_3_phi_fu_337_p4        |  15|          3|    1|          3|
    |ap_phi_mux_overflow_1_4_phi_fu_356_p4        |  15|          3|    1|          3|
    |ap_phi_mux_overflow_1_5_phi_fu_375_p4        |  15|          3|    1|          3|
    |ap_phi_mux_overflow_1_6_phi_fu_394_p4        |  15|          3|    1|          3|
    |ap_phi_mux_overflow_1_7_phi_fu_413_p4        |  15|          3|    1|          3|
    |ap_phi_mux_overflow_1_9_phi_fu_452_p4        |  15|          3|    1|          3|
    |ap_phi_mux_sum_V_0_phi_fu_289_p4             |  15|          3|   32|         96|
    |ap_phi_mux_sum_V_11_phi_fu_500_p4            |  15|          3|   32|         96|
    |ap_phi_mux_sum_V_12_phi_fu_519_p4            |  15|          3|   32|         96|
    |ap_phi_mux_sum_V_13_phi_fu_538_p4            |  15|          3|   32|         96|
    |ap_phi_mux_sum_V_14_phi_fu_557_p4            |  15|          3|   32|         96|
    |ap_phi_mux_sum_V_15_phi_fu_577_p4            |  15|          3|   32|         96|
    |ap_phi_mux_sum_V_16_phi_fu_596_p4            |  15|          3|   32|         96|
    |ap_phi_mux_sum_V_18_phi_fu_634_p4            |  15|          3|   32|         96|
    |ap_phi_mux_sum_V_19_phi_fu_653_p4            |  15|          3|   32|         96|
    |ap_phi_mux_sum_V_1_phi_fu_309_p4             |  15|          3|   32|         96|
    |ap_phi_mux_sum_V_20_phi_fu_672_p4            |  15|          3|   32|         96|
    |ap_phi_mux_sum_V_21_phi_fu_691_p4            |  15|          3|   32|         96|
    |ap_phi_mux_sum_V_22_phi_fu_711_p4            |  15|          3|   32|         96|
    |ap_phi_mux_sum_V_23_phi_fu_730_p4            |  15|          3|   32|         96|
    |ap_phi_mux_sum_V_2_phi_fu_328_p4             |  15|          3|   32|         96|
    |ap_phi_mux_sum_V_4_phi_fu_366_p4             |  15|          3|   32|         96|
    |ap_phi_mux_sum_V_5_phi_fu_385_p4             |  15|          3|   32|         96|
    |ap_phi_mux_sum_V_6_phi_fu_404_p4             |  15|          3|   32|         96|
    |ap_phi_mux_sum_V_7_phi_fu_423_p4             |  15|          3|   32|         96|
    |ap_phi_mux_sum_V_8_phi_fu_443_p4             |  15|          3|   32|         96|
    |ap_phi_mux_sum_V_9_phi_fu_462_p4             |  15|          3|   32|         96|
    |ap_phi_mux_tmp_data_V_phi_fu_764_p4          |   9|          2|   32|         64|
    |ap_phi_mux_tmp_tkeep_V_phi_fu_740_p4         |   9|          2|    1|          2|
    |ap_phi_mux_tmp_tlast_V_phi_fu_752_p4         |   9|          2|    1|          2|
    |ap_phi_reg_pp0_iter11_overflow_1_22_reg_697  |  15|          3|    1|          3|
    |ap_phi_reg_pp0_iter1_p_Val2_110_ph_reg_267   |  15|          3|   32|         96|
    |ap_phi_reg_pp0_iter1_tmp_data_V_reg_760      |   9|          2|   32|         64|
    |ap_phi_reg_pp0_iter1_tmp_tkeep_V_reg_736     |   9|          2|    1|          2|
    |ap_phi_reg_pp0_iter1_tmp_tlast_V_reg_748     |   9|          2|    1|          2|
    |ap_phi_reg_pp0_iter2_overflow_1_1_reg_295    |  15|          3|    1|          3|
    |ap_phi_reg_pp0_iter3_sum_V_3_reg_344         |  15|          3|   32|         96|
    |ap_phi_reg_pp0_iter5_overflow_1_8_reg_429    |  15|          3|    1|          3|
    |ap_phi_reg_pp0_iter6_sum_V_10_reg_478        |  15|          3|   32|         96|
    |ap_phi_reg_pp0_iter8_overflow_1_15_reg_563   |  15|          3|    1|          3|
    |ap_phi_reg_pp0_iter9_sum_V_17_reg_612        |  15|          3|   32|         96|
    |sc_fifo_chn_3_blk_n                          |   9|          2|    1|          2|
    |sc_fifo_chn_4_blk_n                          |   9|          2|    1|          2|
    |sc_fifo_chn_5_blk_n                          |   9|          2|    1|          2|
    +---------------------------------------------+----+-----------+-----+-----------+
    |Total                                        | 900|        183|  903|       2632|
    +---------------------------------------------+----+-----------+-----+-----------+

    * Register: 
    +---------------------------------------------+----+----+-----+-----------+
    |                     Name                    | FF | LUT| Bits| Const Bits|
    +---------------------------------------------+----+----+-----+-----------+
    |W_in_10_V_reg_4107                           |  16|   0|   16|          0|
    |W_in_11_V_reg_4112                           |  16|   0|   16|          0|
    |W_in_12_V_reg_4117                           |  16|   0|   16|          0|
    |W_in_13_V_reg_4122                           |  16|   0|   16|          0|
    |W_in_14_V_reg_4127                           |  16|   0|   16|          0|
    |W_in_15_V_reg_4132                           |  16|   0|   16|          0|
    |W_in_16_V_reg_4137                           |  16|   0|   16|          0|
    |W_in_17_V_reg_4142                           |  16|   0|   16|          0|
    |W_in_18_V_reg_4147                           |  16|   0|   16|          0|
    |W_in_19_V_reg_4152                           |  16|   0|   16|          0|
    |W_in_1_V_reg_4062                            |  16|   0|   16|          0|
    |W_in_20_V_reg_4157                           |  16|   0|   16|          0|
    |W_in_2_V_reg_4067                            |  16|   0|   16|          0|
    |W_in_3_V_reg_4072                            |  16|   0|   16|          0|
    |W_in_3_V_reg_4072_pp0_iter1_reg              |  16|   0|   16|          0|
    |W_in_4_V_reg_4077                            |  16|   0|   16|          0|
    |W_in_4_V_reg_4077_pp0_iter1_reg              |  16|   0|   16|          0|
    |W_in_5_V_reg_4082                            |  16|   0|   16|          0|
    |W_in_6_V_reg_4087                            |  16|   0|   16|          0|
    |W_in_7_V_reg_4092                            |  16|   0|   16|          0|
    |W_in_8_V_reg_4097                            |  16|   0|   16|          0|
    |W_in_9_V_reg_4102                            |  16|   0|   16|          0|
    |add_ln703_13_reg_4557                        |  32|   0|   32|          0|
    |add_ln703_15_reg_4598                        |  32|   0|   32|          0|
    |add_ln703_1_reg_4342                         |  32|   0|   32|          0|
    |add_ln703_20_reg_4685                        |  32|   0|   32|          0|
    |add_ln703_22_reg_4726                        |  32|   0|   32|          0|
    |add_ln703_6_reg_4429                         |  32|   0|   32|          0|
    |add_ln703_8_reg_4470                         |  32|   0|   32|          0|
    |ap_CS_fsm                                    |   4|   0|    4|          0|
    |ap_enable_reg_pp0_iter0                      |   1|   0|    1|          0|
    |ap_enable_reg_pp0_iter1                      |   1|   0|    1|          0|
    |ap_enable_reg_pp0_iter10                     |   1|   0|    1|          0|
    |ap_enable_reg_pp0_iter11                     |   1|   0|    1|          0|
    |ap_enable_reg_pp0_iter2                      |   1|   0|    1|          0|
    |ap_enable_reg_pp0_iter3                      |   1|   0|    1|          0|
    |ap_enable_reg_pp0_iter4                      |   1|   0|    1|          0|
    |ap_enable_reg_pp0_iter5                      |   1|   0|    1|          0|
    |ap_enable_reg_pp0_iter6                      |   1|   0|    1|          0|
    |ap_enable_reg_pp0_iter7                      |   1|   0|    1|          0|
    |ap_enable_reg_pp0_iter8                      |   1|   0|    1|          0|
    |ap_enable_reg_pp0_iter9                      |   1|   0|    1|          0|
    |ap_phi_reg_pp0_iter10_overflow_1_22_reg_697  |   1|   0|    1|          0|
    |ap_phi_reg_pp0_iter10_tmp_data_V_reg_760     |  32|   0|   32|          0|
    |ap_phi_reg_pp0_iter10_tmp_tkeep_V_reg_736    |   1|   0|    1|          0|
    |ap_phi_reg_pp0_iter10_tmp_tlast_V_reg_748    |   1|   0|    1|          0|
    |ap_phi_reg_pp0_iter11_overflow_1_22_reg_697  |   1|   0|    1|          0|
    |ap_phi_reg_pp0_iter11_tmp_data_V_reg_760     |  32|   0|   32|          0|
    |ap_phi_reg_pp0_iter11_tmp_tkeep_V_reg_736    |   1|   0|    1|          0|
    |ap_phi_reg_pp0_iter11_tmp_tlast_V_reg_748    |   1|   0|    1|          0|
    |ap_phi_reg_pp0_iter1_overflow_1_15_reg_563   |   1|   0|    1|          0|
    |ap_phi_reg_pp0_iter1_overflow_1_1_reg_295    |   1|   0|    1|          0|
    |ap_phi_reg_pp0_iter1_overflow_1_22_reg_697   |   1|   0|    1|          0|
    |ap_phi_reg_pp0_iter1_overflow_1_8_reg_429    |   1|   0|    1|          0|
    |ap_phi_reg_pp0_iter1_p_Val2_110_ph_reg_267   |  32|   0|   32|          0|
    |ap_phi_reg_pp0_iter1_sum_V_10_reg_478        |  32|   0|   32|          0|
    |ap_phi_reg_pp0_iter1_sum_V_17_reg_612        |  32|   0|   32|          0|
    |ap_phi_reg_pp0_iter1_sum_V_3_reg_344         |  32|   0|   32|          0|
    |ap_phi_reg_pp0_iter1_tmp_data_V_reg_760      |  32|   0|   32|          0|
    |ap_phi_reg_pp0_iter1_tmp_tkeep_V_reg_736     |   1|   0|    1|          0|
    |ap_phi_reg_pp0_iter1_tmp_tlast_V_reg_748     |   1|   0|    1|          0|
    |ap_phi_reg_pp0_iter2_overflow_1_15_reg_563   |   1|   0|    1|          0|
    |ap_phi_reg_pp0_iter2_overflow_1_1_reg_295    |   1|   0|    1|          0|
    |ap_phi_reg_pp0_iter2_overflow_1_22_reg_697   |   1|   0|    1|          0|
    |ap_phi_reg_pp0_iter2_overflow_1_8_reg_429    |   1|   0|    1|          0|
    |ap_phi_reg_pp0_iter2_sum_V_10_reg_478        |  32|   0|   32|          0|
    |ap_phi_reg_pp0_iter2_sum_V_17_reg_612        |  32|   0|   32|          0|
    |ap_phi_reg_pp0_iter2_sum_V_3_reg_344         |  32|   0|   32|          0|
    |ap_phi_reg_pp0_iter2_tmp_data_V_reg_760      |  32|   0|   32|          0|
    |ap_phi_reg_pp0_iter2_tmp_tkeep_V_reg_736     |   1|   0|    1|          0|
    |ap_phi_reg_pp0_iter2_tmp_tlast_V_reg_748     |   1|   0|    1|          0|
    |ap_phi_reg_pp0_iter3_overflow_1_15_reg_563   |   1|   0|    1|          0|
    |ap_phi_reg_pp0_iter3_overflow_1_22_reg_697   |   1|   0|    1|          0|
    |ap_phi_reg_pp0_iter3_overflow_1_8_reg_429    |   1|   0|    1|          0|
    |ap_phi_reg_pp0_iter3_sum_V_10_reg_478        |  32|   0|   32|          0|
    |ap_phi_reg_pp0_iter3_sum_V_17_reg_612        |  32|   0|   32|          0|
    |ap_phi_reg_pp0_iter3_sum_V_3_reg_344         |  32|   0|   32|          0|
    |ap_phi_reg_pp0_iter3_tmp_data_V_reg_760      |  32|   0|   32|          0|
    |ap_phi_reg_pp0_iter3_tmp_tkeep_V_reg_736     |   1|   0|    1|          0|
    |ap_phi_reg_pp0_iter3_tmp_tlast_V_reg_748     |   1|   0|    1|          0|
    |ap_phi_reg_pp0_iter4_overflow_1_15_reg_563   |   1|   0|    1|          0|
    |ap_phi_reg_pp0_iter4_overflow_1_22_reg_697   |   1|   0|    1|          0|
    |ap_phi_reg_pp0_iter4_overflow_1_8_reg_429    |   1|   0|    1|          0|
    |ap_phi_reg_pp0_iter4_sum_V_10_reg_478        |  32|   0|   32|          0|
    |ap_phi_reg_pp0_iter4_sum_V_17_reg_612        |  32|   0|   32|          0|
    |ap_phi_reg_pp0_iter4_tmp_data_V_reg_760      |  32|   0|   32|          0|
    |ap_phi_reg_pp0_iter4_tmp_tkeep_V_reg_736     |   1|   0|    1|          0|
    |ap_phi_reg_pp0_iter4_tmp_tlast_V_reg_748     |   1|   0|    1|          0|
    |ap_phi_reg_pp0_iter5_overflow_1_15_reg_563   |   1|   0|    1|          0|
    |ap_phi_reg_pp0_iter5_overflow_1_22_reg_697   |   1|   0|    1|          0|
    |ap_phi_reg_pp0_iter5_overflow_1_8_reg_429    |   1|   0|    1|          0|
    |ap_phi_reg_pp0_iter5_sum_V_10_reg_478        |  32|   0|   32|          0|
    |ap_phi_reg_pp0_iter5_sum_V_17_reg_612        |  32|   0|   32|          0|
    |ap_phi_reg_pp0_iter5_tmp_data_V_reg_760      |  32|   0|   32|          0|
    |ap_phi_reg_pp0_iter5_tmp_tkeep_V_reg_736     |   1|   0|    1|          0|
    |ap_phi_reg_pp0_iter5_tmp_tlast_V_reg_748     |   1|   0|    1|          0|
    |ap_phi_reg_pp0_iter6_overflow_1_15_reg_563   |   1|   0|    1|          0|
    |ap_phi_reg_pp0_iter6_overflow_1_22_reg_697   |   1|   0|    1|          0|
    |ap_phi_reg_pp0_iter6_sum_V_10_reg_478        |  32|   0|   32|          0|
    |ap_phi_reg_pp0_iter6_sum_V_17_reg_612        |  32|   0|   32|          0|
    |ap_phi_reg_pp0_iter6_tmp_data_V_reg_760      |  32|   0|   32|          0|
    |ap_phi_reg_pp0_iter6_tmp_tkeep_V_reg_736     |   1|   0|    1|          0|
    |ap_phi_reg_pp0_iter6_tmp_tlast_V_reg_748     |   1|   0|    1|          0|
    |ap_phi_reg_pp0_iter7_overflow_1_15_reg_563   |   1|   0|    1|          0|
    |ap_phi_reg_pp0_iter7_overflow_1_22_reg_697   |   1|   0|    1|          0|
    |ap_phi_reg_pp0_iter7_sum_V_17_reg_612        |  32|   0|   32|          0|
    |ap_phi_reg_pp0_iter7_tmp_data_V_reg_760      |  32|   0|   32|          0|
    |ap_phi_reg_pp0_iter7_tmp_tkeep_V_reg_736     |   1|   0|    1|          0|
    |ap_phi_reg_pp0_iter7_tmp_tlast_V_reg_748     |   1|   0|    1|          0|
    |ap_phi_reg_pp0_iter8_overflow_1_15_reg_563   |   1|   0|    1|          0|
    |ap_phi_reg_pp0_iter8_overflow_1_22_reg_697   |   1|   0|    1|          0|
    |ap_phi_reg_pp0_iter8_sum_V_17_reg_612        |  32|   0|   32|          0|
    |ap_phi_reg_pp0_iter8_tmp_data_V_reg_760      |  32|   0|   32|          0|
    |ap_phi_reg_pp0_iter8_tmp_tkeep_V_reg_736     |   1|   0|    1|          0|
    |ap_phi_reg_pp0_iter8_tmp_tlast_V_reg_748     |   1|   0|    1|          0|
    |ap_phi_reg_pp0_iter9_overflow_1_22_reg_697   |   1|   0|    1|          0|
    |ap_phi_reg_pp0_iter9_sum_V_17_reg_612        |  32|   0|   32|          0|
    |ap_phi_reg_pp0_iter9_tmp_data_V_reg_760      |  32|   0|   32|          0|
    |ap_phi_reg_pp0_iter9_tmp_tkeep_V_reg_736     |   1|   0|    1|          0|
    |ap_phi_reg_pp0_iter9_tmp_tlast_V_reg_748     |   1|   0|    1|          0|
    |mul_ln1118_11_reg_4527                       |  32|   0|   32|          0|
    |mul_ln1118_14_reg_4570                       |  32|   0|   32|          0|
    |mul_ln1118_16_reg_4619                       |  32|   0|   32|          0|
    |mul_ln1118_18_reg_4655                       |  32|   0|   32|          0|
    |mul_ln1118_21_reg_4698                       |  32|   0|   32|          0|
    |mul_ln1118_23_reg_4747                       |  32|   0|   32|          0|
    |mul_ln1118_2_reg_4363                        |  32|   0|   32|          0|
    |mul_ln1118_4_reg_4399                        |  32|   0|   32|          0|
    |mul_ln1118_7_reg_4442                        |  32|   0|   32|          0|
    |mul_ln1118_9_reg_4491                        |  32|   0|   32|          0|
    |mul_ln1118_reg_4306                          |  32|   0|   32|          0|
    |p_Result_167_21_s_reg_4162                   |  16|   0|   16|          0|
    |p_Result_167_22_s_reg_4167                   |  16|   0|   16|          0|
    |p_Result_167_23_s_reg_4172                   |  16|   0|   16|          0|
    |p_Result_170_10_s_reg_4222                   |  16|   0|   16|          0|
    |p_Result_170_11_s_reg_4227                   |  16|   0|   16|          0|
    |p_Result_170_12_s_reg_4232                   |  16|   0|   16|          0|
    |p_Result_170_13_s_reg_4237                   |  16|   0|   16|          0|
    |p_Result_170_14_s_reg_4242                   |  16|   0|   16|          0|
    |p_Result_170_15_s_reg_4247                   |  16|   0|   16|          0|
    |p_Result_170_16_s_reg_4252                   |  16|   0|   16|          0|
    |p_Result_170_17_s_reg_4257                   |  16|   0|   16|          0|
    |p_Result_170_18_s_reg_4262                   |  16|   0|   16|          0|
    |p_Result_170_19_s_reg_4267                   |  16|   0|   16|          0|
    |p_Result_170_1_s_reg_4177                    |  16|   0|   16|          0|
    |p_Result_170_20_s_reg_4272                   |  16|   0|   16|          0|
    |p_Result_170_21_s_reg_4277                   |  16|   0|   16|          0|
    |p_Result_170_22_s_reg_4282                   |  16|   0|   16|          0|
    |p_Result_170_23_s_reg_4287                   |  16|   0|   16|          0|
    |p_Result_170_2_s_reg_4182                    |  16|   0|   16|          0|
    |p_Result_170_3_s_reg_4187                    |  16|   0|   16|          0|
    |p_Result_170_3_s_reg_4187_pp0_iter1_reg      |  16|   0|   16|          0|
    |p_Result_170_4_s_reg_4192                    |  16|   0|   16|          0|
    |p_Result_170_4_s_reg_4192_pp0_iter1_reg      |  16|   0|   16|          0|
    |p_Result_170_5_s_reg_4197                    |  16|   0|   16|          0|
    |p_Result_170_6_s_reg_4202                    |  16|   0|   16|          0|
    |p_Result_170_7_s_reg_4207                    |  16|   0|   16|          0|
    |p_Result_170_8_s_reg_4212                    |  16|   0|   16|          0|
    |p_Result_170_9_s_reg_4217                    |  16|   0|   16|          0|
    |tmp_105_reg_4421                             |   1|   0|    1|          0|
    |tmp_106_reg_4435                             |   1|   0|    1|          0|
    |tmp_109_reg_4464                             |   1|   0|    1|          0|
    |tmp_110_reg_4476                             |   1|   0|    1|          0|
    |tmp_119_reg_4549                             |   1|   0|    1|          0|
    |tmp_120_reg_4563                             |   1|   0|    1|          0|
    |tmp_123_reg_4592                             |   1|   0|    1|          0|
    |tmp_124_reg_4604                             |   1|   0|    1|          0|
    |tmp_133_reg_4677                             |   1|   0|    1|          0|
    |tmp_134_reg_4691                             |   1|   0|    1|          0|
    |tmp_137_reg_4720                             |   1|   0|    1|          0|
    |tmp_138_reg_4732                             |   1|   0|    1|          0|
    |tmp_141_reg_4316                             |   1|   0|    1|          0|
    |tmp_95_reg_4336                              |   1|   0|    1|          0|
    |tmp_96_reg_4348                              |   1|   0|    1|          0|
    |trunc_ln140_reg_4312                         |   1|   0|    1|          0|
    |val_tlast_V_reg_4057                         |   1|   0|    1|          0|
    |W_in_10_V_reg_4107                           |  64|  32|   16|          0|
    |W_in_11_V_reg_4112                           |  64|  32|   16|          0|
    |W_in_12_V_reg_4117                           |  64|  32|   16|          0|
    |W_in_13_V_reg_4122                           |  64|  32|   16|          0|
    |W_in_14_V_reg_4127                           |  64|  32|   16|          0|
    |W_in_15_V_reg_4132                           |  64|  32|   16|          0|
    |W_in_16_V_reg_4137                           |  64|  32|   16|          0|
    |W_in_17_V_reg_4142                           |  64|  32|   16|          0|
    |W_in_18_V_reg_4147                           |  64|  32|   16|          0|
    |W_in_19_V_reg_4152                           |  64|  32|   16|          0|
    |W_in_20_V_reg_4157                           |  64|  32|   16|          0|
    |W_in_5_V_reg_4082                            |  64|  32|   16|          0|
    |W_in_6_V_reg_4087                            |  64|  32|   16|          0|
    |W_in_7_V_reg_4092                            |  64|  32|   16|          0|
    |W_in_8_V_reg_4097                            |  64|  32|   16|          0|
    |W_in_9_V_reg_4102                            |  64|  32|   16|          0|
    |p_Result_167_21_s_reg_4162                   |  64|  32|   16|          0|
    |p_Result_167_22_s_reg_4167                   |  64|  32|   16|          0|
    |p_Result_167_23_s_reg_4172                   |  64|  32|   16|          0|
    |p_Result_170_10_s_reg_4222                   |  64|  32|   16|          0|
    |p_Result_170_11_s_reg_4227                   |  64|  32|   16|          0|
    |p_Result_170_12_s_reg_4232                   |  64|  32|   16|          0|
    |p_Result_170_13_s_reg_4237                   |  64|  32|   16|          0|
    |p_Result_170_14_s_reg_4242                   |  64|  32|   16|          0|
    |p_Result_170_15_s_reg_4247                   |  64|  32|   16|          0|
    |p_Result_170_16_s_reg_4252                   |  64|  32|   16|          0|
    |p_Result_170_17_s_reg_4257                   |  64|  32|   16|          0|
    |p_Result_170_18_s_reg_4262                   |  64|  32|   16|          0|
    |p_Result_170_19_s_reg_4267                   |  64|  32|   16|          0|
    |p_Result_170_20_s_reg_4272                   |  64|  32|   16|          0|
    |p_Result_170_21_s_reg_4277                   |  64|  32|   16|          0|
    |p_Result_170_22_s_reg_4282                   |  64|  32|   16|          0|
    |p_Result_170_23_s_reg_4287                   |  64|  32|   16|          0|
    |p_Result_170_5_s_reg_4197                    |  64|  32|   16|          0|
    |p_Result_170_6_s_reg_4202                    |  64|  32|   16|          0|
    |p_Result_170_7_s_reg_4207                    |  64|  32|   16|          0|
    |p_Result_170_8_s_reg_4212                    |  64|  32|   16|          0|
    |p_Result_170_9_s_reg_4217                    |  64|  32|   16|          0|
    |tmp_141_reg_4316                             |  64|  32|    1|          0|
    |trunc_ln140_reg_4312                         |  64|  32|    1|          0|
    |val_tlast_V_reg_4057                         |  64|  32|    1|          0|
    +---------------------------------------------+----+----+-----+-----------+
    |Total                                        |5041|1312| 3028|          0|
    +---------------------------------------------+----+----+-----+-----------+



================================================================
== Interface
================================================================
* Summary: 
+----------------------+-----+-----+------------+----------------------------------------+--------------+
|       RTL Ports      | Dir | Bits|  Protocol  |              Source Object             |    C Type    |
+----------------------+-----+-----+------------+----------------------------------------+--------------+
|ap_clk                |  in |    1| ap_ctrl_hs | _PE_v2<16, 2, 24, 1, 24, 0>::PE_thread | return value |
|ap_rst                |  in |    1| ap_ctrl_hs | _PE_v2<16, 2, 24, 1, 24, 0>::PE_thread | return value |
|Win_0_dout            |  in |  400|   ap_fifo  |                  Win_0                 |    pointer   |
|Win_0_empty_n         |  in |    1|   ap_fifo  |                  Win_0                 |    pointer   |
|Win_0_read            | out |    1|   ap_fifo  |                  Win_0                 |    pointer   |
|Win_1_dout            |  in |    1|   ap_fifo  |                  Win_1                 |    pointer   |
|Win_1_empty_n         |  in |    1|   ap_fifo  |                  Win_1                 |    pointer   |
|Win_1_read            | out |    1|   ap_fifo  |                  Win_1                 |    pointer   |
|Win_2_dout            |  in |   50|   ap_fifo  |                  Win_2                 |    pointer   |
|Win_2_empty_n         |  in |    1|   ap_fifo  |                  Win_2                 |    pointer   |
|Win_2_read            | out |    1|   ap_fifo  |                  Win_2                 |    pointer   |
|Xin_0_dout            |  in |  384|   ap_fifo  |                  Xin_0                 |    pointer   |
|Xin_0_empty_n         |  in |    1|   ap_fifo  |                  Xin_0                 |    pointer   |
|Xin_0_read            | out |    1|   ap_fifo  |                  Xin_0                 |    pointer   |
|Xin_1_dout            |  in |    1|   ap_fifo  |                  Xin_1                 |    pointer   |
|Xin_1_empty_n         |  in |    1|   ap_fifo  |                  Xin_1                 |    pointer   |
|Xin_1_read            | out |    1|   ap_fifo  |                  Xin_1                 |    pointer   |
|Xin_2_dout            |  in |   48|   ap_fifo  |                  Xin_2                 |    pointer   |
|Xin_2_empty_n         |  in |    1|   ap_fifo  |                  Xin_2                 |    pointer   |
|Xin_2_read            | out |    1|   ap_fifo  |                  Xin_2                 |    pointer   |
|sc_fifo_chn_3_din     | out |   32|   ap_fifo  |              sc_fifo_chn_3             |    pointer   |
|sc_fifo_chn_3_full_n  |  in |    1|   ap_fifo  |              sc_fifo_chn_3             |    pointer   |
|sc_fifo_chn_3_write   | out |    1|   ap_fifo  |              sc_fifo_chn_3             |    pointer   |
|sc_fifo_chn_4_din     | out |    1|   ap_fifo  |              sc_fifo_chn_4             |    pointer   |
|sc_fifo_chn_4_full_n  |  in |    1|   ap_fifo  |              sc_fifo_chn_4             |    pointer   |
|sc_fifo_chn_4_write   | out |    1|   ap_fifo  |              sc_fifo_chn_4             |    pointer   |
|sc_fifo_chn_5_din     | out |    4|   ap_fifo  |              sc_fifo_chn_5             |    pointer   |
|sc_fifo_chn_5_full_n  |  in |    1|   ap_fifo  |              sc_fifo_chn_5             |    pointer   |
|sc_fifo_chn_5_write   | out |    1|   ap_fifo  |              sc_fifo_chn_5             |    pointer   |
+----------------------+-----+-----+------------+----------------------------------------+--------------+

