

================================================================
== Vivado HLS Report for 'sc_status_reg'
================================================================
* Date:           Fri Jan 10 02:03:21 2020

* Version:        2019.1 (Build 2552052 on Fri May 24 15:28:33 MDT 2019)
* Project:        CNNAccel
* Solution:       default
* Product family: zynquplus
* Target device:  xczu3eg-sbva484-1-e


================================================================
== Performance Estimates
================================================================
+ Timing (ns): 
    * Summary: 
    +--------+-------+----------+------------+
    |  Clock | Target| Estimated| Uncertainty|
    +--------+-------+----------+------------+
    |ap_clk  |  10.00|     1.611|        1.25|
    +--------+-------+----------+------------+

+ Latency (clock cycles): 
    * Summary: 
    +-----+-----+-----+-----+---------+
    |  Latency  |  Interval | Pipeline|
    | min | max | min | max |   Type  |
    +-----+-----+-----+-----+---------+
    |    1|    1|    1|    1|   none  |
    +-----+-----+-----+-----+---------+

    + Detail: 
        * Instance: 
        +----------------------------------------------+------------------------------+-----+-----+-----+-----+---------+
        |                                              |                              |  Latency  |  Interval | Pipeline|
        |                   Instance                   |            Module            | min | max | min | max |   Type  |
        +----------------------------------------------+------------------------------+-----+-----+-----+-----+---------+
        |call_ln85_sc_status_reg_met_out_handle_fu_74  |sc_status_reg_met_out_handle  |    0|    0|    0|    0|   none  |
        |call_ln89_sc_status_reg_met_in_handle_fu_100  |sc_status_reg_met_in_handle   |    0|    0|    0|    0|   none  |
        +----------------------------------------------+------------------------------+-----+-----+-----+-----+---------+

        * Loop: 
        N/A



================================================================
== Utilization Estimates
================================================================
* Summary: 
+-----------------+---------+-------+--------+-------+-----+
|       Name      | BRAM_18K| DSP48E|   FF   |  LUT  | URAM|
+-----------------+---------+-------+--------+-------+-----+
|DSP              |        -|      -|       -|      -|    -|
|Expression       |        -|      -|       -|      -|    -|
|FIFO             |        -|      -|       -|      -|    -|
|Instance         |        -|      -|       0|     41|    -|
|Memory           |        -|      -|       -|      -|    -|
|Multiplexer      |        -|      -|       -|      -|    -|
|Register         |        -|      -|       -|      -|    -|
+-----------------+---------+-------+--------+-------+-----+
|Total            |        0|      0|       0|     41|    0|
+-----------------+---------+-------+--------+-------+-----+
|Available        |      432|    360|  141120|  70560|    0|
+-----------------+---------+-------+--------+-------+-----+
|Utilization (%)  |        0|      0|       0|   ~0  |    0|
+-----------------+---------+-------+--------+-------+-----+

+ Detail: 
    * Instance: 
    +----------------------------------------------+------------------------------+---------+-------+---+----+-----+
    |                   Instance                   |            Module            | BRAM_18K| DSP48E| FF| LUT| URAM|
    +----------------------------------------------+------------------------------+---------+-------+---+----+-----+
    |call_ln89_sc_status_reg_met_in_handle_fu_100  |sc_status_reg_met_in_handle   |        0|      0|  0|   0|    0|
    |call_ln85_sc_status_reg_met_out_handle_fu_74  |sc_status_reg_met_out_handle  |        0|      0|  0|  41|    0|
    +----------------------------------------------+------------------------------+---------+-------+---+----+-----+
    |Total                                         |                              |        0|      0|  0|  41|    0|
    +----------------------------------------------+------------------------------+---------+-------+---+----+-----+

    * DSP48E: 
    N/A

    * Memory: 
    N/A

    * FIFO: 
    N/A

    * Expression: 
    N/A

    * Multiplexer: 
    N/A

    * Register: 
    N/A



================================================================
== Interface
================================================================
* Summary: 
+---------------+-----+-----+------------+--------------------------------+--------------+
|   RTL Ports   | Dir | Bits|  Protocol  |          Source Object         |    C Type    |
+---------------+-----+-----+------------+--------------------------------+--------------+
|clk            |  in |    1| ap_ctrl_hs | sc_status_reg::sc_status_reg.1 | return value |
|reset          |  in |    1| ap_ctrl_hs | sc_status_reg::sc_status_reg.1 | return value |
|status         |  in |   32|   ap_none  |             status             |    pointer   |
|ingress_out_0  |  in |    8|   ap_none  |          ingress_out_0         |    pointer   |
|ingress_out_1  |  in |    8|   ap_none  |          ingress_out_1         |    pointer   |
|ingress_out_2  |  in |   32|   ap_none  |          ingress_out_2         |    pointer   |
|ingress_in     | out |   32|   ap_vld   |           ingress_in           |    pointer   |
|egress_out_0   | out |    8|   ap_vld   |          egress_out_0          |    pointer   |
|egress_out_1   | out |    8|   ap_vld   |          egress_out_1          |    pointer   |
|egress_out_2   | out |   32|   ap_vld   |          egress_out_2          |    pointer   |
|egress_in      |  in |   32|   ap_none  |            egress_in           |    pointer   |
+---------------+-----+-----+------------+--------------------------------+--------------+

