

================================================================
== Vivado HLS Report for 'p_PE_v2_PE_thread'
================================================================
* Date:           Sun Mar  1 15:09:28 2020

* Version:        2019.1 (Build 2552052 on Fri May 24 15:28:33 MDT 2019)
* Project:        CNNAccel
* Solution:       default
* Product family: zynquplus
* Target device:  xczu3eg-sbva484-1-e


================================================================
== Performance Estimates
================================================================
+ Timing (ns): 
    * Summary: 
    +--------+-------+----------+------------+
    |  Clock | Target| Estimated| Uncertainty|
    +--------+-------+----------+------------+
    |ap_clk  |   5.00|     4.231|        0.62|
    +--------+-------+----------+------------+

+ Latency (clock cycles): 
    * Summary: 
    +-----+-----+-----+-----+---------+
    |  Latency  |  Interval | Pipeline|
    | min | max | min | max |   Type  |
    +-----+-----+-----+-----+---------+
    |    ?|    ?|    ?|    ?|   none  |
    +-----+-----+-----+-----+---------+

    + Detail: 
        * Instance: 
        N/A

        * Loop: 
        +-------------+-----+-----+----------+-----------+-----------+------+----------+
        |             |  Latency  | Iteration|  Initiation Interval  | Trip |          |
        |  Loop Name  | min | max |  Latency |  achieved |   target  | Count| Pipelined|
        +-------------+-----+-----+----------+-----------+-----------+------+----------+
        |- Loop 1     |    ?|    ?|         ?|          -|          -|  inf |    no    |
        | + Loop 1.1  |    ?|    ?|        27|          1|          1|     ?|    yes   |
        +-------------+-----+-----+----------+-----------+-----------+------+----------+



================================================================
== Utilization Estimates
================================================================
* Summary: 
+-----------------+---------+-------+--------+-------+-----+
|       Name      | BRAM_18K| DSP48E|   FF   |  LUT  | URAM|
+-----------------+---------+-------+--------+-------+-----+
|DSP              |        -|     24|       -|      -|    -|
|Expression       |        -|      -|       0|   3937|    -|
|FIFO             |        -|      -|       -|      -|    -|
|Instance         |        -|      -|       -|      -|    -|
|Memory           |        -|      -|       -|      -|    -|
|Multiplexer      |        -|      -|       -|    903|    -|
|Register         |        0|      -|    7545|   1504|    -|
+-----------------+---------+-------+--------+-------+-----+
|Total            |        0|     24|    7545|   6344|    0|
+-----------------+---------+-------+--------+-------+-----+
|Available        |      432|    360|  141120|  70560|    0|
+-----------------+---------+-------+--------+-------+-----+
|Utilization (%)  |        0|      6|       5|      8|    0|
+-----------------+---------+-------+--------+-------+-----+

+ Detail: 
    * Instance: 
    N/A

    * DSP48E: 
    +------------------------------------+--------------------------------+-----------+
    |              Instance              |             Module             | Expression|
    +------------------------------------+--------------------------------+-----------+
    |p_PE_v2_mul_mul_16s_16s_32_1_1_U17  |p_PE_v2_mul_mul_16s_16s_32_1_1  |  i0 * i1  |
    |p_PE_v2_mul_mul_16s_16s_32_1_1_U18  |p_PE_v2_mul_mul_16s_16s_32_1_1  |  i0 * i1  |
    |p_PE_v2_mul_mul_16s_16s_32_1_1_U19  |p_PE_v2_mul_mul_16s_16s_32_1_1  |  i0 * i1  |
    |p_PE_v2_mul_mul_16s_16s_32_1_1_U20  |p_PE_v2_mul_mul_16s_16s_32_1_1  |  i0 * i1  |
    |p_PE_v2_mul_mul_16s_16s_32_1_1_U21  |p_PE_v2_mul_mul_16s_16s_32_1_1  |  i0 * i1  |
    |p_PE_v2_mul_mul_16s_16s_32_1_1_U22  |p_PE_v2_mul_mul_16s_16s_32_1_1  |  i0 * i1  |
    |p_PE_v2_mul_mul_16s_16s_32_1_1_U23  |p_PE_v2_mul_mul_16s_16s_32_1_1  |  i0 * i1  |
    |p_PE_v2_mul_mul_16s_16s_32_1_1_U24  |p_PE_v2_mul_mul_16s_16s_32_1_1  |  i0 * i1  |
    |p_PE_v2_mul_mul_16s_16s_32_1_1_U25  |p_PE_v2_mul_mul_16s_16s_32_1_1  |  i0 * i1  |
    |p_PE_v2_mul_mul_16s_16s_32_1_1_U26  |p_PE_v2_mul_mul_16s_16s_32_1_1  |  i0 * i1  |
    |p_PE_v2_mul_mul_16s_16s_32_1_1_U27  |p_PE_v2_mul_mul_16s_16s_32_1_1  |  i0 * i1  |
    |p_PE_v2_mul_mul_16s_16s_32_1_1_U28  |p_PE_v2_mul_mul_16s_16s_32_1_1  |  i0 * i1  |
    |p_PE_v2_mul_mul_16s_16s_32_1_1_U29  |p_PE_v2_mul_mul_16s_16s_32_1_1  |  i0 * i1  |
    |p_PE_v2_mul_mul_16s_16s_32_1_1_U30  |p_PE_v2_mul_mul_16s_16s_32_1_1  |  i0 * i1  |
    |p_PE_v2_mul_mul_16s_16s_32_1_1_U31  |p_PE_v2_mul_mul_16s_16s_32_1_1  |  i0 * i1  |
    |p_PE_v2_mul_mul_16s_16s_32_1_1_U32  |p_PE_v2_mul_mul_16s_16s_32_1_1  |  i0 * i1  |
    |p_PE_v2_mul_mul_16s_16s_32_1_1_U33  |p_PE_v2_mul_mul_16s_16s_32_1_1  |  i0 * i1  |
    |p_PE_v2_mul_mul_16s_16s_32_1_1_U34  |p_PE_v2_mul_mul_16s_16s_32_1_1  |  i0 * i1  |
    |p_PE_v2_mul_mul_16s_16s_32_1_1_U35  |p_PE_v2_mul_mul_16s_16s_32_1_1  |  i0 * i1  |
    |p_PE_v2_mul_mul_16s_16s_32_1_1_U36  |p_PE_v2_mul_mul_16s_16s_32_1_1  |  i0 * i1  |
    |p_PE_v2_mul_mul_16s_16s_32_1_1_U37  |p_PE_v2_mul_mul_16s_16s_32_1_1  |  i0 * i1  |
    |p_PE_v2_mul_mul_16s_16s_32_1_1_U38  |p_PE_v2_mul_mul_16s_16s_32_1_1  |  i0 * i1  |
    |p_PE_v2_mul_mul_16s_16s_32_1_1_U39  |p_PE_v2_mul_mul_16s_16s_32_1_1  |  i0 * i1  |
    |p_PE_v2_mul_mul_16s_16s_32_1_1_U40  |p_PE_v2_mul_mul_16s_16s_32_1_1  |  i0 * i1  |
    +------------------------------------+--------------------------------+-----------+

    * Memory: 
    N/A

    * FIFO: 
    N/A

    * Expression: 
    +----------------------------------+----------+-------+---+----+------------+------------+
    |           Variable Name          | Operation| DSP48E| FF| LUT| Bitwidth P0| Bitwidth P1|
    +----------------------------------+----------+-------+---+----+------------+------------+
    |add_ln1192_10_fu_2396_p2          |     +    |      0|  0|  40|          33|          33|
    |add_ln1192_11_fu_2496_p2          |     +    |      0|  0|  40|          33|          33|
    |add_ln1192_12_fu_2596_p2          |     +    |      0|  0|  40|          33|          33|
    |add_ln1192_13_fu_2696_p2          |     +    |      0|  0|  40|          33|          33|
    |add_ln1192_14_fu_2796_p2          |     +    |      0|  0|  40|          33|          33|
    |add_ln1192_15_fu_2896_p2          |     +    |      0|  0|  40|          33|          33|
    |add_ln1192_16_fu_2996_p2          |     +    |      0|  0|  40|          33|          33|
    |add_ln1192_17_fu_3096_p2          |     +    |      0|  0|  40|          33|          33|
    |add_ln1192_18_fu_3196_p2          |     +    |      0|  0|  40|          33|          33|
    |add_ln1192_19_fu_3296_p2          |     +    |      0|  0|  40|          33|          33|
    |add_ln1192_1_fu_1496_p2           |     +    |      0|  0|  40|          33|          33|
    |add_ln1192_20_fu_3396_p2          |     +    |      0|  0|  40|          33|          33|
    |add_ln1192_21_fu_3496_p2          |     +    |      0|  0|  40|          33|          33|
    |add_ln1192_22_fu_3596_p2          |     +    |      0|  0|  40|          33|          33|
    |add_ln1192_23_fu_3696_p2          |     +    |      0|  0|  40|          33|          33|
    |add_ln1192_2_fu_1596_p2           |     +    |      0|  0|  40|          33|          33|
    |add_ln1192_3_fu_1696_p2           |     +    |      0|  0|  40|          33|          33|
    |add_ln1192_4_fu_1796_p2           |     +    |      0|  0|  40|          33|          33|
    |add_ln1192_5_fu_1896_p2           |     +    |      0|  0|  40|          33|          33|
    |add_ln1192_6_fu_1996_p2           |     +    |      0|  0|  40|          33|          33|
    |add_ln1192_7_fu_2096_p2           |     +    |      0|  0|  40|          33|          33|
    |add_ln1192_8_fu_2196_p2           |     +    |      0|  0|  40|          33|          33|
    |add_ln1192_9_fu_2296_p2           |     +    |      0|  0|  40|          33|          33|
    |add_ln1192_fu_1396_p2             |     +    |      0|  0|  40|          33|          33|
    |add_ln703_10_fu_2410_p2           |     +    |      0|  0|  39|          32|          32|
    |add_ln703_11_fu_2510_p2           |     +    |      0|  0|  39|          32|          32|
    |add_ln703_12_fu_2610_p2           |     +    |      0|  0|  39|          32|          32|
    |add_ln703_13_fu_2710_p2           |     +    |      0|  0|  39|          32|          32|
    |add_ln703_14_fu_2810_p2           |     +    |      0|  0|  39|          32|          32|
    |add_ln703_15_fu_2910_p2           |     +    |      0|  0|  39|          32|          32|
    |add_ln703_16_fu_3010_p2           |     +    |      0|  0|  39|          32|          32|
    |add_ln703_17_fu_3110_p2           |     +    |      0|  0|  39|          32|          32|
    |add_ln703_18_fu_3210_p2           |     +    |      0|  0|  39|          32|          32|
    |add_ln703_19_fu_3310_p2           |     +    |      0|  0|  39|          32|          32|
    |add_ln703_1_fu_1510_p2            |     +    |      0|  0|  39|          32|          32|
    |add_ln703_20_fu_3410_p2           |     +    |      0|  0|  39|          32|          32|
    |add_ln703_21_fu_3510_p2           |     +    |      0|  0|  39|          32|          32|
    |add_ln703_22_fu_3610_p2           |     +    |      0|  0|  39|          32|          32|
    |add_ln703_23_fu_3710_p2           |     +    |      0|  0|  39|          32|          32|
    |add_ln703_2_fu_1610_p2            |     +    |      0|  0|  39|          32|          32|
    |add_ln703_3_fu_1710_p2            |     +    |      0|  0|  39|          32|          32|
    |add_ln703_4_fu_1810_p2            |     +    |      0|  0|  39|          32|          32|
    |add_ln703_5_fu_1910_p2            |     +    |      0|  0|  39|          32|          32|
    |add_ln703_6_fu_2010_p2            |     +    |      0|  0|  39|          32|          32|
    |add_ln703_7_fu_2110_p2            |     +    |      0|  0|  39|          32|          32|
    |add_ln703_8_fu_2210_p2            |     +    |      0|  0|  39|          32|          32|
    |add_ln703_9_fu_2310_p2            |     +    |      0|  0|  39|          32|          32|
    |add_ln703_fu_1410_p2              |     +    |      0|  0|  39|          32|          32|
    |and_ln786_10_fu_2446_p2           |    and   |      0|  0|   2|           1|           1|
    |and_ln786_11_fu_2546_p2           |    and   |      0|  0|   2|           1|           1|
    |and_ln786_12_fu_2646_p2           |    and   |      0|  0|   2|           1|           1|
    |and_ln786_13_fu_2746_p2           |    and   |      0|  0|   2|           1|           1|
    |and_ln786_14_fu_2846_p2           |    and   |      0|  0|   2|           1|           1|
    |and_ln786_15_fu_2946_p2           |    and   |      0|  0|   2|           1|           1|
    |and_ln786_16_fu_3046_p2           |    and   |      0|  0|   2|           1|           1|
    |and_ln786_17_fu_3146_p2           |    and   |      0|  0|   2|           1|           1|
    |and_ln786_18_fu_3246_p2           |    and   |      0|  0|   2|           1|           1|
    |and_ln786_19_fu_3346_p2           |    and   |      0|  0|   2|           1|           1|
    |and_ln786_1_fu_1546_p2            |    and   |      0|  0|   2|           1|           1|
    |and_ln786_20_fu_3446_p2           |    and   |      0|  0|   2|           1|           1|
    |and_ln786_21_fu_3546_p2           |    and   |      0|  0|   2|           1|           1|
    |and_ln786_22_fu_3641_p2           |    and   |      0|  0|   2|           1|           1|
    |and_ln786_23_fu_3742_p2           |    and   |      0|  0|   2|           1|           1|
    |and_ln786_2_fu_1646_p2            |    and   |      0|  0|   2|           1|           1|
    |and_ln786_3_fu_1746_p2            |    and   |      0|  0|   2|           1|           1|
    |and_ln786_4_fu_1846_p2            |    and   |      0|  0|   2|           1|           1|
    |and_ln786_5_fu_1946_p2            |    and   |      0|  0|   2|           1|           1|
    |and_ln786_6_fu_2046_p2            |    and   |      0|  0|   2|           1|           1|
    |and_ln786_7_fu_2146_p2            |    and   |      0|  0|   2|           1|           1|
    |and_ln786_8_fu_2246_p2            |    and   |      0|  0|   2|           1|           1|
    |and_ln786_9_fu_2346_p2            |    and   |      0|  0|   2|           1|           1|
    |and_ln786_fu_1446_p2              |    and   |      0|  0|   2|           1|           1|
    |ap_condition_2101                 |    and   |      0|  0|   2|           1|           1|
    |ap_condition_2105                 |    and   |      0|  0|   2|           1|           1|
    |ap_condition_2925                 |    and   |      0|  0|   2|           1|           1|
    |ap_predicate_tran29to30_state3    |    and   |      0|  0|   2|           1|           1|
    |io_acc_block_signal_op770         |    and   |      0|  0|   2|           1|           1|
    |io_acc_block_signal_op83          |    and   |      0|  0|   2|           1|           1|
    |io_acc_block_signal_op85          |    and   |      0|  0|   2|           1|           1|
    |underflow_fu_1351_p2              |    and   |      0|  0|   2|           1|           1|
    |ap_block_pp0_stage0_01001         |    or    |      0|  0|   2|           1|           1|
    |ap_block_state3_pp0_stage0_iter0  |    or    |      0|  0|   2|           1|           1|
    |or_ln340_10_fu_1751_p2            |    or    |      0|  0|   2|           1|           1|
    |or_ln340_11_fu_1762_p2            |    or    |      0|  0|   2|           1|           1|
    |or_ln340_12_fu_1768_p2            |    or    |      0|  0|   2|           1|           1|
    |or_ln340_13_fu_1851_p2            |    or    |      0|  0|   2|           1|           1|
    |or_ln340_14_fu_1862_p2            |    or    |      0|  0|   2|           1|           1|
    |or_ln340_15_fu_1868_p2            |    or    |      0|  0|   2|           1|           1|
    |or_ln340_16_fu_1951_p2            |    or    |      0|  0|   2|           1|           1|
    |or_ln340_17_fu_1962_p2            |    or    |      0|  0|   2|           1|           1|
    |or_ln340_18_fu_1968_p2            |    or    |      0|  0|   2|           1|           1|
    |or_ln340_19_fu_2051_p2            |    or    |      0|  0|   2|           1|           1|
    |or_ln340_1_fu_1451_p2             |    or    |      0|  0|   2|           1|           1|
    |or_ln340_20_fu_2062_p2            |    or    |      0|  0|   2|           1|           1|
    |or_ln340_21_fu_2068_p2            |    or    |      0|  0|   2|           1|           1|
    |or_ln340_22_fu_2151_p2            |    or    |      0|  0|   2|           1|           1|
    |or_ln340_23_fu_2162_p2            |    or    |      0|  0|   2|           1|           1|
    |or_ln340_24_fu_2168_p2            |    or    |      0|  0|   2|           1|           1|
    |or_ln340_25_fu_2251_p2            |    or    |      0|  0|   2|           1|           1|
    |or_ln340_26_fu_2262_p2            |    or    |      0|  0|   2|           1|           1|
    |or_ln340_27_fu_2268_p2            |    or    |      0|  0|   2|           1|           1|
    |or_ln340_28_fu_2351_p2            |    or    |      0|  0|   2|           1|           1|
    |or_ln340_29_fu_2362_p2            |    or    |      0|  0|   2|           1|           1|
    |or_ln340_2_fu_1462_p2             |    or    |      0|  0|   2|           1|           1|
    |or_ln340_30_fu_2368_p2            |    or    |      0|  0|   2|           1|           1|
    |or_ln340_31_fu_2451_p2            |    or    |      0|  0|   2|           1|           1|
    |or_ln340_32_fu_2462_p2            |    or    |      0|  0|   2|           1|           1|
    |or_ln340_33_fu_2468_p2            |    or    |      0|  0|   2|           1|           1|
    |or_ln340_34_fu_2551_p2            |    or    |      0|  0|   2|           1|           1|
    |or_ln340_35_fu_2562_p2            |    or    |      0|  0|   2|           1|           1|
    |or_ln340_36_fu_2568_p2            |    or    |      0|  0|   2|           1|           1|
    |or_ln340_37_fu_2651_p2            |    or    |      0|  0|   2|           1|           1|
    |or_ln340_38_fu_2662_p2            |    or    |      0|  0|   2|           1|           1|
    |or_ln340_39_fu_2668_p2            |    or    |      0|  0|   2|           1|           1|
    |or_ln340_3_fu_1468_p2             |    or    |      0|  0|   2|           1|           1|
    |or_ln340_40_fu_2751_p2            |    or    |      0|  0|   2|           1|           1|
    |or_ln340_41_fu_2762_p2            |    or    |      0|  0|   2|           1|           1|
    |or_ln340_42_fu_2768_p2            |    or    |      0|  0|   2|           1|           1|
    |or_ln340_43_fu_2851_p2            |    or    |      0|  0|   2|           1|           1|
    |or_ln340_44_fu_2862_p2            |    or    |      0|  0|   2|           1|           1|
    |or_ln340_45_fu_2868_p2            |    or    |      0|  0|   2|           1|           1|
    |or_ln340_46_fu_2951_p2            |    or    |      0|  0|   2|           1|           1|
    |or_ln340_47_fu_2962_p2            |    or    |      0|  0|   2|           1|           1|
    |or_ln340_48_fu_2968_p2            |    or    |      0|  0|   2|           1|           1|
    |or_ln340_49_fu_3051_p2            |    or    |      0|  0|   2|           1|           1|
    |or_ln340_4_fu_1551_p2             |    or    |      0|  0|   2|           1|           1|
    |or_ln340_50_fu_3062_p2            |    or    |      0|  0|   2|           1|           1|
    |or_ln340_51_fu_3068_p2            |    or    |      0|  0|   2|           1|           1|
    |or_ln340_52_fu_3151_p2            |    or    |      0|  0|   2|           1|           1|
    |or_ln340_53_fu_3162_p2            |    or    |      0|  0|   2|           1|           1|
    |or_ln340_54_fu_3168_p2            |    or    |      0|  0|   2|           1|           1|
    |or_ln340_55_fu_3251_p2            |    or    |      0|  0|   2|           1|           1|
    |or_ln340_56_fu_3262_p2            |    or    |      0|  0|   2|           1|           1|
    |or_ln340_57_fu_3268_p2            |    or    |      0|  0|   2|           1|           1|
    |or_ln340_58_fu_3351_p2            |    or    |      0|  0|   2|           1|           1|
    |or_ln340_59_fu_3362_p2            |    or    |      0|  0|   2|           1|           1|
    |or_ln340_5_fu_1562_p2             |    or    |      0|  0|   2|           1|           1|
    |or_ln340_60_fu_3368_p2            |    or    |      0|  0|   2|           1|           1|
    |or_ln340_61_fu_3451_p2            |    or    |      0|  0|   2|           1|           1|
    |or_ln340_62_fu_3462_p2            |    or    |      0|  0|   2|           1|           1|
    |or_ln340_63_fu_3468_p2            |    or    |      0|  0|   2|           1|           1|
    |or_ln340_64_fu_3551_p2            |    or    |      0|  0|   2|           1|           1|
    |or_ln340_65_fu_3562_p2            |    or    |      0|  0|   2|           1|           1|
    |or_ln340_66_fu_3568_p2            |    or    |      0|  0|   2|           1|           1|
    |or_ln340_67_fu_3653_p2            |    or    |      0|  0|   2|           1|           1|
    |or_ln340_68_fu_3663_p2            |    or    |      0|  0|   2|           1|           1|
    |or_ln340_69_fu_3669_p2            |    or    |      0|  0|   2|           1|           1|
    |or_ln340_6_fu_1568_p2             |    or    |      0|  0|   2|           1|           1|
    |or_ln340_70_fu_3748_p2            |    or    |      0|  0|   2|           1|           1|
    |or_ln340_71_fu_3760_p2            |    or    |      0|  0|   2|           1|           1|
    |or_ln340_72_fu_3766_p2            |    or    |      0|  0|   2|           1|           1|
    |or_ln340_7_fu_1651_p2             |    or    |      0|  0|   2|           1|           1|
    |or_ln340_8_fu_1662_p2             |    or    |      0|  0|   2|           1|           1|
    |or_ln340_9_fu_1668_p2             |    or    |      0|  0|   2|           1|           1|
    |or_ln340_fu_1361_p2               |    or    |      0|  0|   2|           1|           1|
    |or_ln785_10_fu_2423_p2            |    or    |      0|  0|   2|           1|           1|
    |or_ln785_11_fu_2523_p2            |    or    |      0|  0|   2|           1|           1|
    |or_ln785_12_fu_2623_p2            |    or    |      0|  0|   2|           1|           1|
    |or_ln785_13_fu_2723_p2            |    or    |      0|  0|   2|           1|           1|
    |or_ln785_14_fu_2823_p2            |    or    |      0|  0|   2|           1|           1|
    |or_ln785_15_fu_2923_p2            |    or    |      0|  0|   2|           1|           1|
    |or_ln785_16_fu_3023_p2            |    or    |      0|  0|   2|           1|           1|
    |or_ln785_17_fu_3123_p2            |    or    |      0|  0|   2|           1|           1|
    |or_ln785_18_fu_3223_p2            |    or    |      0|  0|   2|           1|           1|
    |or_ln785_19_fu_3323_p2            |    or    |      0|  0|   2|           1|           1|
    |or_ln785_1_fu_1523_p2             |    or    |      0|  0|   2|           1|           1|
    |or_ln785_20_fu_3423_p2            |    or    |      0|  0|   2|           1|           1|
    |or_ln785_21_fu_3523_p2            |    or    |      0|  0|   2|           1|           1|
    |or_ln785_22_fu_3623_p2            |    or    |      0|  0|   2|           1|           1|
    |or_ln785_23_fu_3723_p2            |    or    |      0|  0|   2|           1|           1|
    |or_ln785_2_fu_1623_p2             |    or    |      0|  0|   2|           1|           1|
    |or_ln785_3_fu_1723_p2             |    or    |      0|  0|   2|           1|           1|
    |or_ln785_4_fu_1823_p2             |    or    |      0|  0|   2|           1|           1|
    |or_ln785_5_fu_1923_p2             |    or    |      0|  0|   2|           1|           1|
    |or_ln785_6_fu_2023_p2             |    or    |      0|  0|   2|           1|           1|
    |or_ln785_7_fu_2123_p2             |    or    |      0|  0|   2|           1|           1|
    |or_ln785_8_fu_2223_p2             |    or    |      0|  0|   2|           1|           1|
    |or_ln785_9_fu_2323_p2             |    or    |      0|  0|   2|           1|           1|
    |or_ln785_fu_1423_p2               |    or    |      0|  0|   2|           1|           1|
    |sc_fifo_chn_5_din                 |  select  |      0|  0|   2|           1|           2|
    |select_ln340_10_fu_2373_p3        |  select  |      0|  0|  32|           1|          31|
    |select_ln340_11_fu_2473_p3        |  select  |      0|  0|  32|           1|          31|
    |select_ln340_12_fu_2573_p3        |  select  |      0|  0|  32|           1|          31|
    |select_ln340_13_fu_2673_p3        |  select  |      0|  0|  32|           1|          31|
    |select_ln340_14_fu_2773_p3        |  select  |      0|  0|  32|           1|          31|
    |select_ln340_15_fu_2873_p3        |  select  |      0|  0|  32|           1|          31|
    |select_ln340_16_fu_2973_p3        |  select  |      0|  0|  32|           1|          31|
    |select_ln340_17_fu_3073_p3        |  select  |      0|  0|  32|           1|          31|
    |select_ln340_18_fu_3173_p3        |  select  |      0|  0|  32|           1|          31|
    |select_ln340_19_fu_3273_p3        |  select  |      0|  0|  32|           1|          31|
    |select_ln340_1_fu_1473_p3         |  select  |      0|  0|  32|           1|          31|
    |select_ln340_20_fu_3373_p3        |  select  |      0|  0|  32|           1|          31|
    |select_ln340_21_fu_3473_p3        |  select  |      0|  0|  32|           1|          31|
    |select_ln340_22_fu_3573_p3        |  select  |      0|  0|  32|           1|          31|
    |select_ln340_23_fu_3674_p3        |  select  |      0|  0|  32|           1|          31|
    |select_ln340_24_fu_3772_p3        |  select  |      0|  0|  32|           1|          31|
    |select_ln340_2_fu_1573_p3         |  select  |      0|  0|  32|           1|          31|
    |select_ln340_3_fu_1673_p3         |  select  |      0|  0|  32|           1|          31|
    |select_ln340_4_fu_1773_p3         |  select  |      0|  0|  32|           1|          31|
    |select_ln340_5_fu_1873_p3         |  select  |      0|  0|  32|           1|          31|
    |select_ln340_6_fu_1973_p3         |  select  |      0|  0|  32|           1|          31|
    |select_ln340_7_fu_2073_p3         |  select  |      0|  0|  32|           1|          31|
    |select_ln340_8_fu_2173_p3         |  select  |      0|  0|  32|           1|          31|
    |select_ln340_9_fu_2273_p3         |  select  |      0|  0|  32|           1|          31|
    |select_ln340_fu_1367_p3           |  select  |      0|  0|  32|           1|          31|
    |select_ln388_10_fu_2381_p3        |  select  |      0|  0|  33|           1|          33|
    |select_ln388_11_fu_2481_p3        |  select  |      0|  0|  33|           1|          33|
    |select_ln388_12_fu_2581_p3        |  select  |      0|  0|  33|           1|          33|
    |select_ln388_13_fu_2681_p3        |  select  |      0|  0|  33|           1|          33|
    |select_ln388_14_fu_2781_p3        |  select  |      0|  0|  33|           1|          33|
    |select_ln388_15_fu_2881_p3        |  select  |      0|  0|  33|           1|          33|
    |select_ln388_16_fu_2981_p3        |  select  |      0|  0|  33|           1|          33|
    |select_ln388_17_fu_3081_p3        |  select  |      0|  0|  33|           1|          33|
    |select_ln388_18_fu_3181_p3        |  select  |      0|  0|  33|           1|          33|
    |select_ln388_19_fu_3281_p3        |  select  |      0|  0|  33|           1|          33|
    |select_ln388_1_fu_1481_p3         |  select  |      0|  0|  33|           1|          33|
    |select_ln388_20_fu_3381_p3        |  select  |      0|  0|  33|           1|          33|
    |select_ln388_21_fu_3481_p3        |  select  |      0|  0|  33|           1|          33|
    |select_ln388_22_fu_3581_p3        |  select  |      0|  0|  33|           1|          33|
    |select_ln388_23_fu_3682_p3        |  select  |      0|  0|  33|           1|          33|
    |select_ln388_24_fu_3780_p3        |  select  |      0|  0|  33|           1|          33|
    |select_ln388_2_fu_1581_p3         |  select  |      0|  0|  33|           1|          33|
    |select_ln388_3_fu_1681_p3         |  select  |      0|  0|  33|           1|          33|
    |select_ln388_4_fu_1781_p3         |  select  |      0|  0|  33|           1|          33|
    |select_ln388_5_fu_1881_p3         |  select  |      0|  0|  33|           1|          33|
    |select_ln388_6_fu_1981_p3         |  select  |      0|  0|  33|           1|          33|
    |select_ln388_7_fu_2081_p3         |  select  |      0|  0|  33|           1|          33|
    |select_ln388_8_fu_2181_p3         |  select  |      0|  0|  33|           1|          33|
    |select_ln388_9_fu_2281_p3         |  select  |      0|  0|  33|           1|          33|
    |select_ln388_fu_1375_p3           |  select  |      0|  0|  33|           1|          33|
    |ap_enable_pp0                     |    xor   |      0|  0|   2|           1|           2|
    |xor_ln340_10_fu_2457_p2           |    xor   |      0|  0|   2|           1|           2|
    |xor_ln340_11_fu_2557_p2           |    xor   |      0|  0|   2|           1|           2|
    |xor_ln340_12_fu_2657_p2           |    xor   |      0|  0|   2|           1|           2|
    |xor_ln340_13_fu_2757_p2           |    xor   |      0|  0|   2|           1|           2|
    |xor_ln340_14_fu_2857_p2           |    xor   |      0|  0|   2|           1|           2|
    |xor_ln340_15_fu_2957_p2           |    xor   |      0|  0|   2|           1|           2|
    |xor_ln340_16_fu_3057_p2           |    xor   |      0|  0|   2|           1|           2|
    |xor_ln340_17_fu_3157_p2           |    xor   |      0|  0|   2|           1|           2|
    |xor_ln340_18_fu_3257_p2           |    xor   |      0|  0|   2|           1|           2|
    |xor_ln340_19_fu_3357_p2           |    xor   |      0|  0|   2|           1|           2|
    |xor_ln340_1_fu_1557_p2            |    xor   |      0|  0|   2|           1|           2|
    |xor_ln340_20_fu_3457_p2           |    xor   |      0|  0|   2|           1|           2|
    |xor_ln340_21_fu_3557_p2           |    xor   |      0|  0|   2|           1|           2|
    |xor_ln340_22_fu_3658_p2           |    xor   |      0|  0|   2|           1|           2|
    |xor_ln340_23_fu_3754_p2           |    xor   |      0|  0|   2|           1|           2|
    |xor_ln340_24_fu_1356_p2           |    xor   |      0|  0|   2|           1|           1|
    |xor_ln340_2_fu_1657_p2            |    xor   |      0|  0|   2|           1|           2|
    |xor_ln340_3_fu_1757_p2            |    xor   |      0|  0|   2|           1|           2|
    |xor_ln340_4_fu_1857_p2            |    xor   |      0|  0|   2|           1|           2|
    |xor_ln340_5_fu_1957_p2            |    xor   |      0|  0|   2|           1|           2|
    |xor_ln340_6_fu_2057_p2            |    xor   |      0|  0|   2|           1|           2|
    |xor_ln340_7_fu_2157_p2            |    xor   |      0|  0|   2|           1|           2|
    |xor_ln340_8_fu_2257_p2            |    xor   |      0|  0|   2|           1|           2|
    |xor_ln340_9_fu_2357_p2            |    xor   |      0|  0|   2|           1|           2|
    |xor_ln340_fu_1457_p2              |    xor   |      0|  0|   2|           1|           2|
    |xor_ln785_10_fu_2329_p2           |    xor   |      0|  0|   2|           1|           2|
    |xor_ln785_11_fu_2429_p2           |    xor   |      0|  0|   2|           1|           2|
    |xor_ln785_12_fu_2529_p2           |    xor   |      0|  0|   2|           1|           2|
    |xor_ln785_13_fu_2629_p2           |    xor   |      0|  0|   2|           1|           2|
    |xor_ln785_14_fu_2729_p2           |    xor   |      0|  0|   2|           1|           2|
    |xor_ln785_15_fu_2829_p2           |    xor   |      0|  0|   2|           1|           2|
    |xor_ln785_16_fu_2929_p2           |    xor   |      0|  0|   2|           1|           2|
    |xor_ln785_17_fu_3029_p2           |    xor   |      0|  0|   2|           1|           2|
    |xor_ln785_18_fu_3129_p2           |    xor   |      0|  0|   2|           1|           2|
    |xor_ln785_19_fu_3229_p2           |    xor   |      0|  0|   2|           1|           2|
    |xor_ln785_1_fu_1429_p2            |    xor   |      0|  0|   2|           1|           2|
    |xor_ln785_20_fu_3329_p2           |    xor   |      0|  0|   2|           1|           2|
    |xor_ln785_21_fu_3429_p2           |    xor   |      0|  0|   2|           1|           2|
    |xor_ln785_22_fu_3529_p2           |    xor   |      0|  0|   2|           1|           2|
    |xor_ln785_23_fu_3629_p2           |    xor   |      0|  0|   2|           1|           2|
    |xor_ln785_24_fu_3729_p2           |    xor   |      0|  0|   2|           1|           2|
    |xor_ln785_2_fu_1529_p2            |    xor   |      0|  0|   2|           1|           2|
    |xor_ln785_3_fu_1629_p2            |    xor   |      0|  0|   2|           1|           2|
    |xor_ln785_4_fu_1729_p2            |    xor   |      0|  0|   2|           1|           2|
    |xor_ln785_5_fu_1829_p2            |    xor   |      0|  0|   2|           1|           2|
    |xor_ln785_6_fu_1929_p2            |    xor   |      0|  0|   2|           1|           2|
    |xor_ln785_7_fu_2029_p2            |    xor   |      0|  0|   2|           1|           2|
    |xor_ln785_8_fu_2129_p2            |    xor   |      0|  0|   2|           1|           2|
    |xor_ln785_9_fu_2229_p2            |    xor   |      0|  0|   2|           1|           2|
    |xor_ln785_fu_1340_p2              |    xor   |      0|  0|   2|           1|           2|
    |xor_ln786_10_fu_2341_p2           |    xor   |      0|  0|   2|           1|           2|
    |xor_ln786_11_fu_2441_p2           |    xor   |      0|  0|   2|           1|           2|
    |xor_ln786_12_fu_2541_p2           |    xor   |      0|  0|   2|           1|           2|
    |xor_ln786_13_fu_2641_p2           |    xor   |      0|  0|   2|           1|           2|
    |xor_ln786_14_fu_2741_p2           |    xor   |      0|  0|   2|           1|           2|
    |xor_ln786_15_fu_2841_p2           |    xor   |      0|  0|   2|           1|           2|
    |xor_ln786_16_fu_2941_p2           |    xor   |      0|  0|   2|           1|           2|
    |xor_ln786_17_fu_3041_p2           |    xor   |      0|  0|   2|           1|           2|
    |xor_ln786_18_fu_3141_p2           |    xor   |      0|  0|   2|           1|           2|
    |xor_ln786_19_fu_3241_p2           |    xor   |      0|  0|   2|           1|           2|
    |xor_ln786_1_fu_1441_p2            |    xor   |      0|  0|   2|           1|           2|
    |xor_ln786_20_fu_3341_p2           |    xor   |      0|  0|   2|           1|           2|
    |xor_ln786_21_fu_3441_p2           |    xor   |      0|  0|   2|           1|           2|
    |xor_ln786_22_fu_3541_p2           |    xor   |      0|  0|   2|           1|           2|
    |xor_ln786_23_fu_3635_p2           |    xor   |      0|  0|   2|           1|           2|
    |xor_ln786_24_fu_3736_p2           |    xor   |      0|  0|   2|           1|           2|
    |xor_ln786_2_fu_1541_p2            |    xor   |      0|  0|   2|           1|           2|
    |xor_ln786_3_fu_1641_p2            |    xor   |      0|  0|   2|           1|           2|
    |xor_ln786_4_fu_1741_p2            |    xor   |      0|  0|   2|           1|           2|
    |xor_ln786_5_fu_1841_p2            |    xor   |      0|  0|   2|           1|           2|
    |xor_ln786_6_fu_1941_p2            |    xor   |      0|  0|   2|           1|           2|
    |xor_ln786_7_fu_2041_p2            |    xor   |      0|  0|   2|           1|           2|
    |xor_ln786_8_fu_2141_p2            |    xor   |      0|  0|   2|           1|           2|
    |xor_ln786_9_fu_2241_p2            |    xor   |      0|  0|   2|           1|           2|
    |xor_ln786_fu_1345_p2              |    xor   |      0|  0|   2|           2|           1|
    +----------------------------------+----------+-------+---+----+------------+------------+
    |Total                             |          |      0|  0|3937|        1819|        3443|
    +----------------------------------+----------+-------+---+----+------------+------------+

    * Multiplexer: 
    +---------------------------------------------+----+-----------+-----+-----------+
    |                     Name                    | LUT| Input Size| Bits| Total Bits|
    +---------------------------------------------+----+-----------+-----+-----------+
    |Win_0_blk_n                                  |   9|          2|    1|          2|
    |Win_1_blk_n                                  |   9|          2|    1|          2|
    |Win_2_blk_n                                  |   9|          2|    1|          2|
    |Xin_0_blk_n                                  |   9|          2|    1|          2|
    |Xin_1_blk_n                                  |   9|          2|    1|          2|
    |Xin_2_blk_n                                  |   9|          2|    1|          2|
    |ap_NS_fsm                                    |  21|          4|    1|          4|
    |ap_enable_reg_pp0_iter26                     |   9|          2|    1|          2|
    |ap_phi_mux_overflow_1_23_phi_fu_739_p4       |  15|          3|    1|          3|
    |ap_phi_mux_sum_V_0_phi_fu_290_p4             |  15|          3|   32|         96|
    |ap_phi_mux_sum_V_10_phi_fu_490_p4            |  15|          3|   32|         96|
    |ap_phi_mux_sum_V_11_phi_fu_510_p4            |  15|          3|   32|         96|
    |ap_phi_mux_sum_V_12_phi_fu_530_p4            |  15|          3|   32|         96|
    |ap_phi_mux_sum_V_13_phi_fu_550_p4            |  15|          3|   32|         96|
    |ap_phi_mux_sum_V_14_phi_fu_570_p4            |  15|          3|   32|         96|
    |ap_phi_mux_sum_V_15_phi_fu_590_p4            |  15|          3|   32|         96|
    |ap_phi_mux_sum_V_16_phi_fu_610_p4            |  15|          3|   32|         96|
    |ap_phi_mux_sum_V_17_phi_fu_630_p4            |  15|          3|   32|         96|
    |ap_phi_mux_sum_V_18_phi_fu_650_p4            |  15|          3|   32|         96|
    |ap_phi_mux_sum_V_19_phi_fu_670_p4            |  15|          3|   32|         96|
    |ap_phi_mux_sum_V_1_phi_fu_310_p4             |  15|          3|   32|         96|
    |ap_phi_mux_sum_V_20_phi_fu_690_p4            |  15|          3|   32|         96|
    |ap_phi_mux_sum_V_21_phi_fu_710_p4            |  15|          3|   32|         96|
    |ap_phi_mux_sum_V_22_phi_fu_730_p4            |  15|          3|   32|         96|
    |ap_phi_mux_sum_V_23_phi_fu_749_p4            |   9|          2|   32|         64|
    |ap_phi_mux_sum_V_2_phi_fu_330_p4             |  15|          3|   32|         96|
    |ap_phi_mux_sum_V_3_phi_fu_350_p4             |  15|          3|   32|         96|
    |ap_phi_mux_sum_V_4_phi_fu_370_p4             |  15|          3|   32|         96|
    |ap_phi_mux_sum_V_5_phi_fu_390_p4             |  15|          3|   32|         96|
    |ap_phi_mux_sum_V_6_phi_fu_410_p4             |  15|          3|   32|         96|
    |ap_phi_mux_sum_V_7_phi_fu_430_p4             |  15|          3|   32|         96|
    |ap_phi_mux_sum_V_8_phi_fu_450_p4             |  15|          3|   32|         96|
    |ap_phi_mux_sum_V_9_phi_fu_470_p4             |  15|          3|   32|         96|
    |ap_phi_mux_tmp_data_V_phi_fu_783_p4          |   9|          2|   32|         64|
    |ap_phi_mux_tmp_tkeep_V_phi_fu_759_p4         |   9|          2|    1|          2|
    |ap_phi_mux_tmp_tlast_V_phi_fu_771_p4         |   9|          2|    1|          2|
    |ap_phi_reg_pp0_iter10_overflow_1_7_reg_416   |  15|          3|    1|          3|
    |ap_phi_reg_pp0_iter11_overflow_1_8_reg_436   |  15|          3|    1|          3|
    |ap_phi_reg_pp0_iter12_overflow_1_9_reg_456   |  15|          3|    1|          3|
    |ap_phi_reg_pp0_iter13_overflow_1_10_reg_476  |  15|          3|    1|          3|
    |ap_phi_reg_pp0_iter14_overflow_1_11_reg_496  |  15|          3|    1|          3|
    |ap_phi_reg_pp0_iter15_overflow_1_12_reg_516  |  15|          3|    1|          3|
    |ap_phi_reg_pp0_iter16_overflow_1_13_reg_536  |  15|          3|    1|          3|
    |ap_phi_reg_pp0_iter17_overflow_1_14_reg_556  |  15|          3|    1|          3|
    |ap_phi_reg_pp0_iter18_overflow_1_15_reg_576  |  15|          3|    1|          3|
    |ap_phi_reg_pp0_iter19_overflow_1_16_reg_596  |  15|          3|    1|          3|
    |ap_phi_reg_pp0_iter1_tmp_data_V_reg_779      |   9|          2|   32|         64|
    |ap_phi_reg_pp0_iter1_tmp_tkeep_V_reg_755     |   9|          2|    1|          2|
    |ap_phi_reg_pp0_iter1_tmp_tlast_V_reg_767     |   9|          2|    1|          2|
    |ap_phi_reg_pp0_iter20_overflow_1_17_reg_616  |  15|          3|    1|          3|
    |ap_phi_reg_pp0_iter21_overflow_1_18_reg_636  |  15|          3|    1|          3|
    |ap_phi_reg_pp0_iter22_overflow_1_19_reg_656  |  15|          3|    1|          3|
    |ap_phi_reg_pp0_iter23_overflow_1_20_reg_676  |  15|          3|    1|          3|
    |ap_phi_reg_pp0_iter24_overflow_1_21_reg_696  |  15|          3|    1|          3|
    |ap_phi_reg_pp0_iter25_overflow_1_22_reg_716  |  15|          3|    1|          3|
    |ap_phi_reg_pp0_iter26_sum_V_23_reg_746       |   9|          2|   32|         64|
    |ap_phi_reg_pp0_iter2_p_Val2_90_ph_reg_267    |  15|          3|   32|         96|
    |ap_phi_reg_pp0_iter3_overflow_1_0_reg_276    |  15|          3|    1|          3|
    |ap_phi_reg_pp0_iter4_overflow_1_1_reg_296    |  15|          3|    1|          3|
    |ap_phi_reg_pp0_iter5_overflow_1_2_reg_316    |  15|          3|    1|          3|
    |ap_phi_reg_pp0_iter6_overflow_1_3_reg_336    |  15|          3|    1|          3|
    |ap_phi_reg_pp0_iter7_overflow_1_4_reg_356    |  15|          3|    1|          3|
    |ap_phi_reg_pp0_iter8_overflow_1_5_reg_376    |  15|          3|    1|          3|
    |ap_phi_reg_pp0_iter9_overflow_1_6_reg_396    |  15|          3|    1|          3|
    |sc_fifo_chn_3_blk_n                          |   9|          2|    1|          2|
    |sc_fifo_chn_4_blk_n                          |   9|          2|    1|          2|
    |sc_fifo_chn_5_blk_n                          |   9|          2|    1|          2|
    +---------------------------------------------+----+-----------+-----+-----------+
    |Total                                        | 903|        184|  935|       2664|
    +---------------------------------------------+----+-----------+-----+-----------+

    * Register: 
    +---------------------------------------------+----+----+-----+-----------+
    |                     Name                    | FF | LUT| Bits| Const Bits|
    +---------------------------------------------+----+----+-----+-----------+
    |W_in_0_V_reg_3946                            |  16|   0|   16|          0|
    |W_in_10_V_reg_3996                           |  16|   0|   16|          0|
    |W_in_11_V_reg_4001                           |  16|   0|   16|          0|
    |W_in_12_V_reg_4006                           |  16|   0|   16|          0|
    |W_in_13_V_reg_4011                           |  16|   0|   16|          0|
    |W_in_14_V_reg_4016                           |  16|   0|   16|          0|
    |W_in_15_V_reg_4021                           |  16|   0|   16|          0|
    |W_in_16_V_reg_4026                           |  16|   0|   16|          0|
    |W_in_17_V_reg_4031                           |  16|   0|   16|          0|
    |W_in_18_V_reg_4036                           |  16|   0|   16|          0|
    |W_in_19_V_reg_4041                           |  16|   0|   16|          0|
    |W_in_1_V_reg_3951                            |  16|   0|   16|          0|
    |W_in_1_V_reg_3951_pp0_iter1_reg              |  16|   0|   16|          0|
    |W_in_20_V_reg_4046                           |  16|   0|   16|          0|
    |W_in_2_V_reg_3956                            |  16|   0|   16|          0|
    |W_in_3_V_reg_3961                            |  16|   0|   16|          0|
    |W_in_4_V_reg_3966                            |  16|   0|   16|          0|
    |W_in_5_V_reg_3971                            |  16|   0|   16|          0|
    |W_in_6_V_reg_3976                            |  16|   0|   16|          0|
    |W_in_7_V_reg_3981                            |  16|   0|   16|          0|
    |W_in_8_V_reg_3986                            |  16|   0|   16|          0|
    |W_in_9_V_reg_3991                            |  16|   0|   16|          0|
    |add_ln703_10_reg_4611                        |  32|   0|   32|          0|
    |add_ln703_11_reg_4648                        |  32|   0|   32|          0|
    |add_ln703_12_reg_4685                        |  32|   0|   32|          0|
    |add_ln703_13_reg_4722                        |  32|   0|   32|          0|
    |add_ln703_14_reg_4759                        |  32|   0|   32|          0|
    |add_ln703_15_reg_4796                        |  32|   0|   32|          0|
    |add_ln703_16_reg_4833                        |  32|   0|   32|          0|
    |add_ln703_17_reg_4870                        |  32|   0|   32|          0|
    |add_ln703_18_reg_4907                        |  32|   0|   32|          0|
    |add_ln703_19_reg_4944                        |  32|   0|   32|          0|
    |add_ln703_1_reg_4278                         |  32|   0|   32|          0|
    |add_ln703_20_reg_4981                        |  32|   0|   32|          0|
    |add_ln703_21_reg_5018                        |  32|   0|   32|          0|
    |add_ln703_22_reg_5054                        |  32|   0|   32|          0|
    |add_ln703_2_reg_4315                         |  32|   0|   32|          0|
    |add_ln703_3_reg_4352                         |  32|   0|   32|          0|
    |add_ln703_4_reg_4389                         |  32|   0|   32|          0|
    |add_ln703_5_reg_4426                         |  32|   0|   32|          0|
    |add_ln703_6_reg_4463                         |  32|   0|   32|          0|
    |add_ln703_7_reg_4500                         |  32|   0|   32|          0|
    |add_ln703_8_reg_4537                         |  32|   0|   32|          0|
    |add_ln703_9_reg_4574                         |  32|   0|   32|          0|
    |add_ln703_reg_4241                           |  32|   0|   32|          0|
    |and_ln786_22_reg_5074                        |   1|   0|    1|          0|
    |ap_CS_fsm                                    |   4|   0|    4|          0|
    |ap_enable_reg_pp0_iter0                      |   1|   0|    1|          0|
    |ap_enable_reg_pp0_iter1                      |   1|   0|    1|          0|
    |ap_enable_reg_pp0_iter10                     |   1|   0|    1|          0|
    |ap_enable_reg_pp0_iter11                     |   1|   0|    1|          0|
    |ap_enable_reg_pp0_iter12                     |   1|   0|    1|          0|
    |ap_enable_reg_pp0_iter13                     |   1|   0|    1|          0|
    |ap_enable_reg_pp0_iter14                     |   1|   0|    1|          0|
    |ap_enable_reg_pp0_iter15                     |   1|   0|    1|          0|
    |ap_enable_reg_pp0_iter16                     |   1|   0|    1|          0|
    |ap_enable_reg_pp0_iter17                     |   1|   0|    1|          0|
    |ap_enable_reg_pp0_iter18                     |   1|   0|    1|          0|
    |ap_enable_reg_pp0_iter19                     |   1|   0|    1|          0|
    |ap_enable_reg_pp0_iter2                      |   1|   0|    1|          0|
    |ap_enable_reg_pp0_iter20                     |   1|   0|    1|          0|
    |ap_enable_reg_pp0_iter21                     |   1|   0|    1|          0|
    |ap_enable_reg_pp0_iter22                     |   1|   0|    1|          0|
    |ap_enable_reg_pp0_iter23                     |   1|   0|    1|          0|
    |ap_enable_reg_pp0_iter24                     |   1|   0|    1|          0|
    |ap_enable_reg_pp0_iter25                     |   1|   0|    1|          0|
    |ap_enable_reg_pp0_iter26                     |   1|   0|    1|          0|
    |ap_enable_reg_pp0_iter3                      |   1|   0|    1|          0|
    |ap_enable_reg_pp0_iter4                      |   1|   0|    1|          0|
    |ap_enable_reg_pp0_iter5                      |   1|   0|    1|          0|
    |ap_enable_reg_pp0_iter6                      |   1|   0|    1|          0|
    |ap_enable_reg_pp0_iter7                      |   1|   0|    1|          0|
    |ap_enable_reg_pp0_iter8                      |   1|   0|    1|          0|
    |ap_enable_reg_pp0_iter9                      |   1|   0|    1|          0|
    |ap_phi_reg_pp0_iter10_overflow_1_10_reg_476  |   1|   0|    1|          0|
    |ap_phi_reg_pp0_iter10_overflow_1_11_reg_496  |   1|   0|    1|          0|
    |ap_phi_reg_pp0_iter10_overflow_1_12_reg_516  |   1|   0|    1|          0|
    |ap_phi_reg_pp0_iter10_overflow_1_13_reg_536  |   1|   0|    1|          0|
    |ap_phi_reg_pp0_iter10_overflow_1_14_reg_556  |   1|   0|    1|          0|
    |ap_phi_reg_pp0_iter10_overflow_1_15_reg_576  |   1|   0|    1|          0|
    |ap_phi_reg_pp0_iter10_overflow_1_16_reg_596  |   1|   0|    1|          0|
    |ap_phi_reg_pp0_iter10_overflow_1_17_reg_616  |   1|   0|    1|          0|
    |ap_phi_reg_pp0_iter10_overflow_1_18_reg_636  |   1|   0|    1|          0|
    |ap_phi_reg_pp0_iter10_overflow_1_19_reg_656  |   1|   0|    1|          0|
    |ap_phi_reg_pp0_iter10_overflow_1_20_reg_676  |   1|   0|    1|          0|
    |ap_phi_reg_pp0_iter10_overflow_1_21_reg_696  |   1|   0|    1|          0|
    |ap_phi_reg_pp0_iter10_overflow_1_22_reg_716  |   1|   0|    1|          0|
    |ap_phi_reg_pp0_iter10_overflow_1_7_reg_416   |   1|   0|    1|          0|
    |ap_phi_reg_pp0_iter10_overflow_1_8_reg_436   |   1|   0|    1|          0|
    |ap_phi_reg_pp0_iter10_overflow_1_9_reg_456   |   1|   0|    1|          0|
    |ap_phi_reg_pp0_iter10_sum_V_23_reg_746       |  32|   0|   32|          0|
    |ap_phi_reg_pp0_iter10_tmp_data_V_reg_779     |  32|   0|   32|          0|
    |ap_phi_reg_pp0_iter10_tmp_tkeep_V_reg_755    |   1|   0|    1|          0|
    |ap_phi_reg_pp0_iter10_tmp_tlast_V_reg_767    |   1|   0|    1|          0|
    |ap_phi_reg_pp0_iter11_overflow_1_10_reg_476  |   1|   0|    1|          0|
    |ap_phi_reg_pp0_iter11_overflow_1_11_reg_496  |   1|   0|    1|          0|
    |ap_phi_reg_pp0_iter11_overflow_1_12_reg_516  |   1|   0|    1|          0|
    |ap_phi_reg_pp0_iter11_overflow_1_13_reg_536  |   1|   0|    1|          0|
    |ap_phi_reg_pp0_iter11_overflow_1_14_reg_556  |   1|   0|    1|          0|
    |ap_phi_reg_pp0_iter11_overflow_1_15_reg_576  |   1|   0|    1|          0|
    |ap_phi_reg_pp0_iter11_overflow_1_16_reg_596  |   1|   0|    1|          0|
    |ap_phi_reg_pp0_iter11_overflow_1_17_reg_616  |   1|   0|    1|          0|
    |ap_phi_reg_pp0_iter11_overflow_1_18_reg_636  |   1|   0|    1|          0|
    |ap_phi_reg_pp0_iter11_overflow_1_19_reg_656  |   1|   0|    1|          0|
    |ap_phi_reg_pp0_iter11_overflow_1_20_reg_676  |   1|   0|    1|          0|
    |ap_phi_reg_pp0_iter11_overflow_1_21_reg_696  |   1|   0|    1|          0|
    |ap_phi_reg_pp0_iter11_overflow_1_22_reg_716  |   1|   0|    1|          0|
    |ap_phi_reg_pp0_iter11_overflow_1_8_reg_436   |   1|   0|    1|          0|
    |ap_phi_reg_pp0_iter11_overflow_1_9_reg_456   |   1|   0|    1|          0|
    |ap_phi_reg_pp0_iter11_sum_V_23_reg_746       |  32|   0|   32|          0|
    |ap_phi_reg_pp0_iter11_tmp_data_V_reg_779     |  32|   0|   32|          0|
    |ap_phi_reg_pp0_iter11_tmp_tkeep_V_reg_755    |   1|   0|    1|          0|
    |ap_phi_reg_pp0_iter11_tmp_tlast_V_reg_767    |   1|   0|    1|          0|
    |ap_phi_reg_pp0_iter12_overflow_1_10_reg_476  |   1|   0|    1|          0|
    |ap_phi_reg_pp0_iter12_overflow_1_11_reg_496  |   1|   0|    1|          0|
    |ap_phi_reg_pp0_iter12_overflow_1_12_reg_516  |   1|   0|    1|          0|
    |ap_phi_reg_pp0_iter12_overflow_1_13_reg_536  |   1|   0|    1|          0|
    |ap_phi_reg_pp0_iter12_overflow_1_14_reg_556  |   1|   0|    1|          0|
    |ap_phi_reg_pp0_iter12_overflow_1_15_reg_576  |   1|   0|    1|          0|
    |ap_phi_reg_pp0_iter12_overflow_1_16_reg_596  |   1|   0|    1|          0|
    |ap_phi_reg_pp0_iter12_overflow_1_17_reg_616  |   1|   0|    1|          0|
    |ap_phi_reg_pp0_iter12_overflow_1_18_reg_636  |   1|   0|    1|          0|
    |ap_phi_reg_pp0_iter12_overflow_1_19_reg_656  |   1|   0|    1|          0|
    |ap_phi_reg_pp0_iter12_overflow_1_20_reg_676  |   1|   0|    1|          0|
    |ap_phi_reg_pp0_iter12_overflow_1_21_reg_696  |   1|   0|    1|          0|
    |ap_phi_reg_pp0_iter12_overflow_1_22_reg_716  |   1|   0|    1|          0|
    |ap_phi_reg_pp0_iter12_overflow_1_9_reg_456   |   1|   0|    1|          0|
    |ap_phi_reg_pp0_iter12_sum_V_23_reg_746       |  32|   0|   32|          0|
    |ap_phi_reg_pp0_iter12_tmp_data_V_reg_779     |  32|   0|   32|          0|
    |ap_phi_reg_pp0_iter12_tmp_tkeep_V_reg_755    |   1|   0|    1|          0|
    |ap_phi_reg_pp0_iter12_tmp_tlast_V_reg_767    |   1|   0|    1|          0|
    |ap_phi_reg_pp0_iter13_overflow_1_10_reg_476  |   1|   0|    1|          0|
    |ap_phi_reg_pp0_iter13_overflow_1_11_reg_496  |   1|   0|    1|          0|
    |ap_phi_reg_pp0_iter13_overflow_1_12_reg_516  |   1|   0|    1|          0|
    |ap_phi_reg_pp0_iter13_overflow_1_13_reg_536  |   1|   0|    1|          0|
    |ap_phi_reg_pp0_iter13_overflow_1_14_reg_556  |   1|   0|    1|          0|
    |ap_phi_reg_pp0_iter13_overflow_1_15_reg_576  |   1|   0|    1|          0|
    |ap_phi_reg_pp0_iter13_overflow_1_16_reg_596  |   1|   0|    1|          0|
    |ap_phi_reg_pp0_iter13_overflow_1_17_reg_616  |   1|   0|    1|          0|
    |ap_phi_reg_pp0_iter13_overflow_1_18_reg_636  |   1|   0|    1|          0|
    |ap_phi_reg_pp0_iter13_overflow_1_19_reg_656  |   1|   0|    1|          0|
    |ap_phi_reg_pp0_iter13_overflow_1_20_reg_676  |   1|   0|    1|          0|
    |ap_phi_reg_pp0_iter13_overflow_1_21_reg_696  |   1|   0|    1|          0|
    |ap_phi_reg_pp0_iter13_overflow_1_22_reg_716  |   1|   0|    1|          0|
    |ap_phi_reg_pp0_iter13_sum_V_23_reg_746       |  32|   0|   32|          0|
    |ap_phi_reg_pp0_iter13_tmp_data_V_reg_779     |  32|   0|   32|          0|
    |ap_phi_reg_pp0_iter13_tmp_tkeep_V_reg_755    |   1|   0|    1|          0|
    |ap_phi_reg_pp0_iter13_tmp_tlast_V_reg_767    |   1|   0|    1|          0|
    |ap_phi_reg_pp0_iter14_overflow_1_11_reg_496  |   1|   0|    1|          0|
    |ap_phi_reg_pp0_iter14_overflow_1_12_reg_516  |   1|   0|    1|          0|
    |ap_phi_reg_pp0_iter14_overflow_1_13_reg_536  |   1|   0|    1|          0|
    |ap_phi_reg_pp0_iter14_overflow_1_14_reg_556  |   1|   0|    1|          0|
    |ap_phi_reg_pp0_iter14_overflow_1_15_reg_576  |   1|   0|    1|          0|
    |ap_phi_reg_pp0_iter14_overflow_1_16_reg_596  |   1|   0|    1|          0|
    |ap_phi_reg_pp0_iter14_overflow_1_17_reg_616  |   1|   0|    1|          0|
    |ap_phi_reg_pp0_iter14_overflow_1_18_reg_636  |   1|   0|    1|          0|
    |ap_phi_reg_pp0_iter14_overflow_1_19_reg_656  |   1|   0|    1|          0|
    |ap_phi_reg_pp0_iter14_overflow_1_20_reg_676  |   1|   0|    1|          0|
    |ap_phi_reg_pp0_iter14_overflow_1_21_reg_696  |   1|   0|    1|          0|
    |ap_phi_reg_pp0_iter14_overflow_1_22_reg_716  |   1|   0|    1|          0|
    |ap_phi_reg_pp0_iter14_sum_V_23_reg_746       |  32|   0|   32|          0|
    |ap_phi_reg_pp0_iter14_tmp_data_V_reg_779     |  32|   0|   32|          0|
    |ap_phi_reg_pp0_iter14_tmp_tkeep_V_reg_755    |   1|   0|    1|          0|
    |ap_phi_reg_pp0_iter14_tmp_tlast_V_reg_767    |   1|   0|    1|          0|
    |ap_phi_reg_pp0_iter15_overflow_1_12_reg_516  |   1|   0|    1|          0|
    |ap_phi_reg_pp0_iter15_overflow_1_13_reg_536  |   1|   0|    1|          0|
    |ap_phi_reg_pp0_iter15_overflow_1_14_reg_556  |   1|   0|    1|          0|
    |ap_phi_reg_pp0_iter15_overflow_1_15_reg_576  |   1|   0|    1|          0|
    |ap_phi_reg_pp0_iter15_overflow_1_16_reg_596  |   1|   0|    1|          0|
    |ap_phi_reg_pp0_iter15_overflow_1_17_reg_616  |   1|   0|    1|          0|
    |ap_phi_reg_pp0_iter15_overflow_1_18_reg_636  |   1|   0|    1|          0|
    |ap_phi_reg_pp0_iter15_overflow_1_19_reg_656  |   1|   0|    1|          0|
    |ap_phi_reg_pp0_iter15_overflow_1_20_reg_676  |   1|   0|    1|          0|
    |ap_phi_reg_pp0_iter15_overflow_1_21_reg_696  |   1|   0|    1|          0|
    |ap_phi_reg_pp0_iter15_overflow_1_22_reg_716  |   1|   0|    1|          0|
    |ap_phi_reg_pp0_iter15_sum_V_23_reg_746       |  32|   0|   32|          0|
    |ap_phi_reg_pp0_iter15_tmp_data_V_reg_779     |  32|   0|   32|          0|
    |ap_phi_reg_pp0_iter15_tmp_tkeep_V_reg_755    |   1|   0|    1|          0|
    |ap_phi_reg_pp0_iter15_tmp_tlast_V_reg_767    |   1|   0|    1|          0|
    |ap_phi_reg_pp0_iter16_overflow_1_13_reg_536  |   1|   0|    1|          0|
    |ap_phi_reg_pp0_iter16_overflow_1_14_reg_556  |   1|   0|    1|          0|
    |ap_phi_reg_pp0_iter16_overflow_1_15_reg_576  |   1|   0|    1|          0|
    |ap_phi_reg_pp0_iter16_overflow_1_16_reg_596  |   1|   0|    1|          0|
    |ap_phi_reg_pp0_iter16_overflow_1_17_reg_616  |   1|   0|    1|          0|
    |ap_phi_reg_pp0_iter16_overflow_1_18_reg_636  |   1|   0|    1|          0|
    |ap_phi_reg_pp0_iter16_overflow_1_19_reg_656  |   1|   0|    1|          0|
    |ap_phi_reg_pp0_iter16_overflow_1_20_reg_676  |   1|   0|    1|          0|
    |ap_phi_reg_pp0_iter16_overflow_1_21_reg_696  |   1|   0|    1|          0|
    |ap_phi_reg_pp0_iter16_overflow_1_22_reg_716  |   1|   0|    1|          0|
    |ap_phi_reg_pp0_iter16_sum_V_23_reg_746       |  32|   0|   32|          0|
    |ap_phi_reg_pp0_iter16_tmp_data_V_reg_779     |  32|   0|   32|          0|
    |ap_phi_reg_pp0_iter16_tmp_tkeep_V_reg_755    |   1|   0|    1|          0|
    |ap_phi_reg_pp0_iter16_tmp_tlast_V_reg_767    |   1|   0|    1|          0|
    |ap_phi_reg_pp0_iter17_overflow_1_14_reg_556  |   1|   0|    1|          0|
    |ap_phi_reg_pp0_iter17_overflow_1_15_reg_576  |   1|   0|    1|          0|
    |ap_phi_reg_pp0_iter17_overflow_1_16_reg_596  |   1|   0|    1|          0|
    |ap_phi_reg_pp0_iter17_overflow_1_17_reg_616  |   1|   0|    1|          0|
    |ap_phi_reg_pp0_iter17_overflow_1_18_reg_636  |   1|   0|    1|          0|
    |ap_phi_reg_pp0_iter17_overflow_1_19_reg_656  |   1|   0|    1|          0|
    |ap_phi_reg_pp0_iter17_overflow_1_20_reg_676  |   1|   0|    1|          0|
    |ap_phi_reg_pp0_iter17_overflow_1_21_reg_696  |   1|   0|    1|          0|
    |ap_phi_reg_pp0_iter17_overflow_1_22_reg_716  |   1|   0|    1|          0|
    |ap_phi_reg_pp0_iter17_sum_V_23_reg_746       |  32|   0|   32|          0|
    |ap_phi_reg_pp0_iter17_tmp_data_V_reg_779     |  32|   0|   32|          0|
    |ap_phi_reg_pp0_iter17_tmp_tkeep_V_reg_755    |   1|   0|    1|          0|
    |ap_phi_reg_pp0_iter17_tmp_tlast_V_reg_767    |   1|   0|    1|          0|
    |ap_phi_reg_pp0_iter18_overflow_1_15_reg_576  |   1|   0|    1|          0|
    |ap_phi_reg_pp0_iter18_overflow_1_16_reg_596  |   1|   0|    1|          0|
    |ap_phi_reg_pp0_iter18_overflow_1_17_reg_616  |   1|   0|    1|          0|
    |ap_phi_reg_pp0_iter18_overflow_1_18_reg_636  |   1|   0|    1|          0|
    |ap_phi_reg_pp0_iter18_overflow_1_19_reg_656  |   1|   0|    1|          0|
    |ap_phi_reg_pp0_iter18_overflow_1_20_reg_676  |   1|   0|    1|          0|
    |ap_phi_reg_pp0_iter18_overflow_1_21_reg_696  |   1|   0|    1|          0|
    |ap_phi_reg_pp0_iter18_overflow_1_22_reg_716  |   1|   0|    1|          0|
    |ap_phi_reg_pp0_iter18_sum_V_23_reg_746       |  32|   0|   32|          0|
    |ap_phi_reg_pp0_iter18_tmp_data_V_reg_779     |  32|   0|   32|          0|
    |ap_phi_reg_pp0_iter18_tmp_tkeep_V_reg_755    |   1|   0|    1|          0|
    |ap_phi_reg_pp0_iter18_tmp_tlast_V_reg_767    |   1|   0|    1|          0|
    |ap_phi_reg_pp0_iter19_overflow_1_16_reg_596  |   1|   0|    1|          0|
    |ap_phi_reg_pp0_iter19_overflow_1_17_reg_616  |   1|   0|    1|          0|
    |ap_phi_reg_pp0_iter19_overflow_1_18_reg_636  |   1|   0|    1|          0|
    |ap_phi_reg_pp0_iter19_overflow_1_19_reg_656  |   1|   0|    1|          0|
    |ap_phi_reg_pp0_iter19_overflow_1_20_reg_676  |   1|   0|    1|          0|
    |ap_phi_reg_pp0_iter19_overflow_1_21_reg_696  |   1|   0|    1|          0|
    |ap_phi_reg_pp0_iter19_overflow_1_22_reg_716  |   1|   0|    1|          0|
    |ap_phi_reg_pp0_iter19_sum_V_23_reg_746       |  32|   0|   32|          0|
    |ap_phi_reg_pp0_iter19_tmp_data_V_reg_779     |  32|   0|   32|          0|
    |ap_phi_reg_pp0_iter19_tmp_tkeep_V_reg_755    |   1|   0|    1|          0|
    |ap_phi_reg_pp0_iter19_tmp_tlast_V_reg_767    |   1|   0|    1|          0|
    |ap_phi_reg_pp0_iter1_overflow_1_0_reg_276    |   1|   0|    1|          0|
    |ap_phi_reg_pp0_iter1_overflow_1_10_reg_476   |   1|   0|    1|          0|
    |ap_phi_reg_pp0_iter1_overflow_1_11_reg_496   |   1|   0|    1|          0|
    |ap_phi_reg_pp0_iter1_overflow_1_12_reg_516   |   1|   0|    1|          0|
    |ap_phi_reg_pp0_iter1_overflow_1_13_reg_536   |   1|   0|    1|          0|
    |ap_phi_reg_pp0_iter1_overflow_1_14_reg_556   |   1|   0|    1|          0|
    |ap_phi_reg_pp0_iter1_overflow_1_15_reg_576   |   1|   0|    1|          0|
    |ap_phi_reg_pp0_iter1_overflow_1_16_reg_596   |   1|   0|    1|          0|
    |ap_phi_reg_pp0_iter1_overflow_1_17_reg_616   |   1|   0|    1|          0|
    |ap_phi_reg_pp0_iter1_overflow_1_18_reg_636   |   1|   0|    1|          0|
    |ap_phi_reg_pp0_iter1_overflow_1_19_reg_656   |   1|   0|    1|          0|
    |ap_phi_reg_pp0_iter1_overflow_1_1_reg_296    |   1|   0|    1|          0|
    |ap_phi_reg_pp0_iter1_overflow_1_20_reg_676   |   1|   0|    1|          0|
    |ap_phi_reg_pp0_iter1_overflow_1_21_reg_696   |   1|   0|    1|          0|
    |ap_phi_reg_pp0_iter1_overflow_1_22_reg_716   |   1|   0|    1|          0|
    |ap_phi_reg_pp0_iter1_overflow_1_2_reg_316    |   1|   0|    1|          0|
    |ap_phi_reg_pp0_iter1_overflow_1_3_reg_336    |   1|   0|    1|          0|
    |ap_phi_reg_pp0_iter1_overflow_1_4_reg_356    |   1|   0|    1|          0|
    |ap_phi_reg_pp0_iter1_overflow_1_5_reg_376    |   1|   0|    1|          0|
    |ap_phi_reg_pp0_iter1_overflow_1_6_reg_396    |   1|   0|    1|          0|
    |ap_phi_reg_pp0_iter1_overflow_1_7_reg_416    |   1|   0|    1|          0|
    |ap_phi_reg_pp0_iter1_overflow_1_8_reg_436    |   1|   0|    1|          0|
    |ap_phi_reg_pp0_iter1_overflow_1_9_reg_456    |   1|   0|    1|          0|
    |ap_phi_reg_pp0_iter1_p_Val2_90_ph_reg_267    |  32|   0|   32|          0|
    |ap_phi_reg_pp0_iter1_sum_V_23_reg_746        |  32|   0|   32|          0|
    |ap_phi_reg_pp0_iter1_tmp_data_V_reg_779      |  32|   0|   32|          0|
    |ap_phi_reg_pp0_iter1_tmp_tkeep_V_reg_755     |   1|   0|    1|          0|
    |ap_phi_reg_pp0_iter1_tmp_tlast_V_reg_767     |   1|   0|    1|          0|
    |ap_phi_reg_pp0_iter20_overflow_1_17_reg_616  |   1|   0|    1|          0|
    |ap_phi_reg_pp0_iter20_overflow_1_18_reg_636  |   1|   0|    1|          0|
    |ap_phi_reg_pp0_iter20_overflow_1_19_reg_656  |   1|   0|    1|          0|
    |ap_phi_reg_pp0_iter20_overflow_1_20_reg_676  |   1|   0|    1|          0|
    |ap_phi_reg_pp0_iter20_overflow_1_21_reg_696  |   1|   0|    1|          0|
    |ap_phi_reg_pp0_iter20_overflow_1_22_reg_716  |   1|   0|    1|          0|
    |ap_phi_reg_pp0_iter20_sum_V_23_reg_746       |  32|   0|   32|          0|
    |ap_phi_reg_pp0_iter20_tmp_data_V_reg_779     |  32|   0|   32|          0|
    |ap_phi_reg_pp0_iter20_tmp_tkeep_V_reg_755    |   1|   0|    1|          0|
    |ap_phi_reg_pp0_iter20_tmp_tlast_V_reg_767    |   1|   0|    1|          0|
    |ap_phi_reg_pp0_iter21_overflow_1_18_reg_636  |   1|   0|    1|          0|
    |ap_phi_reg_pp0_iter21_overflow_1_19_reg_656  |   1|   0|    1|          0|
    |ap_phi_reg_pp0_iter21_overflow_1_20_reg_676  |   1|   0|    1|          0|
    |ap_phi_reg_pp0_iter21_overflow_1_21_reg_696  |   1|   0|    1|          0|
    |ap_phi_reg_pp0_iter21_overflow_1_22_reg_716  |   1|   0|    1|          0|
    |ap_phi_reg_pp0_iter21_sum_V_23_reg_746       |  32|   0|   32|          0|
    |ap_phi_reg_pp0_iter21_tmp_data_V_reg_779     |  32|   0|   32|          0|
    |ap_phi_reg_pp0_iter21_tmp_tkeep_V_reg_755    |   1|   0|    1|          0|
    |ap_phi_reg_pp0_iter21_tmp_tlast_V_reg_767    |   1|   0|    1|          0|
    |ap_phi_reg_pp0_iter22_overflow_1_19_reg_656  |   1|   0|    1|          0|
    |ap_phi_reg_pp0_iter22_overflow_1_20_reg_676  |   1|   0|    1|          0|
    |ap_phi_reg_pp0_iter22_overflow_1_21_reg_696  |   1|   0|    1|          0|
    |ap_phi_reg_pp0_iter22_overflow_1_22_reg_716  |   1|   0|    1|          0|
    |ap_phi_reg_pp0_iter22_sum_V_23_reg_746       |  32|   0|   32|          0|
    |ap_phi_reg_pp0_iter22_tmp_data_V_reg_779     |  32|   0|   32|          0|
    |ap_phi_reg_pp0_iter22_tmp_tkeep_V_reg_755    |   1|   0|    1|          0|
    |ap_phi_reg_pp0_iter22_tmp_tlast_V_reg_767    |   1|   0|    1|          0|
    |ap_phi_reg_pp0_iter23_overflow_1_20_reg_676  |   1|   0|    1|          0|
    |ap_phi_reg_pp0_iter23_overflow_1_21_reg_696  |   1|   0|    1|          0|
    |ap_phi_reg_pp0_iter23_overflow_1_22_reg_716  |   1|   0|    1|          0|
    |ap_phi_reg_pp0_iter23_sum_V_23_reg_746       |  32|   0|   32|          0|
    |ap_phi_reg_pp0_iter23_tmp_data_V_reg_779     |  32|   0|   32|          0|
    |ap_phi_reg_pp0_iter23_tmp_tkeep_V_reg_755    |   1|   0|    1|          0|
    |ap_phi_reg_pp0_iter23_tmp_tlast_V_reg_767    |   1|   0|    1|          0|
    |ap_phi_reg_pp0_iter24_overflow_1_21_reg_696  |   1|   0|    1|          0|
    |ap_phi_reg_pp0_iter24_overflow_1_22_reg_716  |   1|   0|    1|          0|
    |ap_phi_reg_pp0_iter24_sum_V_23_reg_746       |  32|   0|   32|          0|
    |ap_phi_reg_pp0_iter24_tmp_data_V_reg_779     |  32|   0|   32|          0|
    |ap_phi_reg_pp0_iter24_tmp_tkeep_V_reg_755    |   1|   0|    1|          0|
    |ap_phi_reg_pp0_iter24_tmp_tlast_V_reg_767    |   1|   0|    1|          0|
    |ap_phi_reg_pp0_iter25_overflow_1_22_reg_716  |   1|   0|    1|          0|
    |ap_phi_reg_pp0_iter25_sum_V_23_reg_746       |  32|   0|   32|          0|
    |ap_phi_reg_pp0_iter25_tmp_data_V_reg_779     |  32|   0|   32|          0|
    |ap_phi_reg_pp0_iter25_tmp_tkeep_V_reg_755    |   1|   0|    1|          0|
    |ap_phi_reg_pp0_iter25_tmp_tlast_V_reg_767    |   1|   0|    1|          0|
    |ap_phi_reg_pp0_iter26_sum_V_23_reg_746       |  32|   0|   32|          0|
    |ap_phi_reg_pp0_iter26_tmp_data_V_reg_779     |  32|   0|   32|          0|
    |ap_phi_reg_pp0_iter26_tmp_tkeep_V_reg_755    |   1|   0|    1|          0|
    |ap_phi_reg_pp0_iter26_tmp_tlast_V_reg_767    |   1|   0|    1|          0|
    |ap_phi_reg_pp0_iter2_overflow_1_0_reg_276    |   1|   0|    1|          0|
    |ap_phi_reg_pp0_iter2_overflow_1_10_reg_476   |   1|   0|    1|          0|
    |ap_phi_reg_pp0_iter2_overflow_1_11_reg_496   |   1|   0|    1|          0|
    |ap_phi_reg_pp0_iter2_overflow_1_12_reg_516   |   1|   0|    1|          0|
    |ap_phi_reg_pp0_iter2_overflow_1_13_reg_536   |   1|   0|    1|          0|
    |ap_phi_reg_pp0_iter2_overflow_1_14_reg_556   |   1|   0|    1|          0|
    |ap_phi_reg_pp0_iter2_overflow_1_15_reg_576   |   1|   0|    1|          0|
    |ap_phi_reg_pp0_iter2_overflow_1_16_reg_596   |   1|   0|    1|          0|
    |ap_phi_reg_pp0_iter2_overflow_1_17_reg_616   |   1|   0|    1|          0|
    |ap_phi_reg_pp0_iter2_overflow_1_18_reg_636   |   1|   0|    1|          0|
    |ap_phi_reg_pp0_iter2_overflow_1_19_reg_656   |   1|   0|    1|          0|
    |ap_phi_reg_pp0_iter2_overflow_1_1_reg_296    |   1|   0|    1|          0|
    |ap_phi_reg_pp0_iter2_overflow_1_20_reg_676   |   1|   0|    1|          0|
    |ap_phi_reg_pp0_iter2_overflow_1_21_reg_696   |   1|   0|    1|          0|
    |ap_phi_reg_pp0_iter2_overflow_1_22_reg_716   |   1|   0|    1|          0|
    |ap_phi_reg_pp0_iter2_overflow_1_2_reg_316    |   1|   0|    1|          0|
    |ap_phi_reg_pp0_iter2_overflow_1_3_reg_336    |   1|   0|    1|          0|
    |ap_phi_reg_pp0_iter2_overflow_1_4_reg_356    |   1|   0|    1|          0|
    |ap_phi_reg_pp0_iter2_overflow_1_5_reg_376    |   1|   0|    1|          0|
    |ap_phi_reg_pp0_iter2_overflow_1_6_reg_396    |   1|   0|    1|          0|
    |ap_phi_reg_pp0_iter2_overflow_1_7_reg_416    |   1|   0|    1|          0|
    |ap_phi_reg_pp0_iter2_overflow_1_8_reg_436    |   1|   0|    1|          0|
    |ap_phi_reg_pp0_iter2_overflow_1_9_reg_456    |   1|   0|    1|          0|
    |ap_phi_reg_pp0_iter2_p_Val2_90_ph_reg_267    |  32|   0|   32|          0|
    |ap_phi_reg_pp0_iter2_sum_V_23_reg_746        |  32|   0|   32|          0|
    |ap_phi_reg_pp0_iter2_tmp_data_V_reg_779      |  32|   0|   32|          0|
    |ap_phi_reg_pp0_iter2_tmp_tkeep_V_reg_755     |   1|   0|    1|          0|
    |ap_phi_reg_pp0_iter2_tmp_tlast_V_reg_767     |   1|   0|    1|          0|
    |ap_phi_reg_pp0_iter3_overflow_1_0_reg_276    |   1|   0|    1|          0|
    |ap_phi_reg_pp0_iter3_overflow_1_10_reg_476   |   1|   0|    1|          0|
    |ap_phi_reg_pp0_iter3_overflow_1_11_reg_496   |   1|   0|    1|          0|
    |ap_phi_reg_pp0_iter3_overflow_1_12_reg_516   |   1|   0|    1|          0|
    |ap_phi_reg_pp0_iter3_overflow_1_13_reg_536   |   1|   0|    1|          0|
    |ap_phi_reg_pp0_iter3_overflow_1_14_reg_556   |   1|   0|    1|          0|
    |ap_phi_reg_pp0_iter3_overflow_1_15_reg_576   |   1|   0|    1|          0|
    |ap_phi_reg_pp0_iter3_overflow_1_16_reg_596   |   1|   0|    1|          0|
    |ap_phi_reg_pp0_iter3_overflow_1_17_reg_616   |   1|   0|    1|          0|
    |ap_phi_reg_pp0_iter3_overflow_1_18_reg_636   |   1|   0|    1|          0|
    |ap_phi_reg_pp0_iter3_overflow_1_19_reg_656   |   1|   0|    1|          0|
    |ap_phi_reg_pp0_iter3_overflow_1_1_reg_296    |   1|   0|    1|          0|
    |ap_phi_reg_pp0_iter3_overflow_1_20_reg_676   |   1|   0|    1|          0|
    |ap_phi_reg_pp0_iter3_overflow_1_21_reg_696   |   1|   0|    1|          0|
    |ap_phi_reg_pp0_iter3_overflow_1_22_reg_716   |   1|   0|    1|          0|
    |ap_phi_reg_pp0_iter3_overflow_1_2_reg_316    |   1|   0|    1|          0|
    |ap_phi_reg_pp0_iter3_overflow_1_3_reg_336    |   1|   0|    1|          0|
    |ap_phi_reg_pp0_iter3_overflow_1_4_reg_356    |   1|   0|    1|          0|
    |ap_phi_reg_pp0_iter3_overflow_1_5_reg_376    |   1|   0|    1|          0|
    |ap_phi_reg_pp0_iter3_overflow_1_6_reg_396    |   1|   0|    1|          0|
    |ap_phi_reg_pp0_iter3_overflow_1_7_reg_416    |   1|   0|    1|          0|
    |ap_phi_reg_pp0_iter3_overflow_1_8_reg_436    |   1|   0|    1|          0|
    |ap_phi_reg_pp0_iter3_overflow_1_9_reg_456    |   1|   0|    1|          0|
    |ap_phi_reg_pp0_iter3_sum_V_23_reg_746        |  32|   0|   32|          0|
    |ap_phi_reg_pp0_iter3_tmp_data_V_reg_779      |  32|   0|   32|          0|
    |ap_phi_reg_pp0_iter3_tmp_tkeep_V_reg_755     |   1|   0|    1|          0|
    |ap_phi_reg_pp0_iter3_tmp_tlast_V_reg_767     |   1|   0|    1|          0|
    |ap_phi_reg_pp0_iter4_overflow_1_10_reg_476   |   1|   0|    1|          0|
    |ap_phi_reg_pp0_iter4_overflow_1_11_reg_496   |   1|   0|    1|          0|
    |ap_phi_reg_pp0_iter4_overflow_1_12_reg_516   |   1|   0|    1|          0|
    |ap_phi_reg_pp0_iter4_overflow_1_13_reg_536   |   1|   0|    1|          0|
    |ap_phi_reg_pp0_iter4_overflow_1_14_reg_556   |   1|   0|    1|          0|
    |ap_phi_reg_pp0_iter4_overflow_1_15_reg_576   |   1|   0|    1|          0|
    |ap_phi_reg_pp0_iter4_overflow_1_16_reg_596   |   1|   0|    1|          0|
    |ap_phi_reg_pp0_iter4_overflow_1_17_reg_616   |   1|   0|    1|          0|
    |ap_phi_reg_pp0_iter4_overflow_1_18_reg_636   |   1|   0|    1|          0|
    |ap_phi_reg_pp0_iter4_overflow_1_19_reg_656   |   1|   0|    1|          0|
    |ap_phi_reg_pp0_iter4_overflow_1_1_reg_296    |   1|   0|    1|          0|
    |ap_phi_reg_pp0_iter4_overflow_1_20_reg_676   |   1|   0|    1|          0|
    |ap_phi_reg_pp0_iter4_overflow_1_21_reg_696   |   1|   0|    1|          0|
    |ap_phi_reg_pp0_iter4_overflow_1_22_reg_716   |   1|   0|    1|          0|
    |ap_phi_reg_pp0_iter4_overflow_1_2_reg_316    |   1|   0|    1|          0|
    |ap_phi_reg_pp0_iter4_overflow_1_3_reg_336    |   1|   0|    1|          0|
    |ap_phi_reg_pp0_iter4_overflow_1_4_reg_356    |   1|   0|    1|          0|
    |ap_phi_reg_pp0_iter4_overflow_1_5_reg_376    |   1|   0|    1|          0|
    |ap_phi_reg_pp0_iter4_overflow_1_6_reg_396    |   1|   0|    1|          0|
    |ap_phi_reg_pp0_iter4_overflow_1_7_reg_416    |   1|   0|    1|          0|
    |ap_phi_reg_pp0_iter4_overflow_1_8_reg_436    |   1|   0|    1|          0|
    |ap_phi_reg_pp0_iter4_overflow_1_9_reg_456    |   1|   0|    1|          0|
    |ap_phi_reg_pp0_iter4_sum_V_23_reg_746        |  32|   0|   32|          0|
    |ap_phi_reg_pp0_iter4_tmp_data_V_reg_779      |  32|   0|   32|          0|
    |ap_phi_reg_pp0_iter4_tmp_tkeep_V_reg_755     |   1|   0|    1|          0|
    |ap_phi_reg_pp0_iter4_tmp_tlast_V_reg_767     |   1|   0|    1|          0|
    |ap_phi_reg_pp0_iter5_overflow_1_10_reg_476   |   1|   0|    1|          0|
    |ap_phi_reg_pp0_iter5_overflow_1_11_reg_496   |   1|   0|    1|          0|
    |ap_phi_reg_pp0_iter5_overflow_1_12_reg_516   |   1|   0|    1|          0|
    |ap_phi_reg_pp0_iter5_overflow_1_13_reg_536   |   1|   0|    1|          0|
    |ap_phi_reg_pp0_iter5_overflow_1_14_reg_556   |   1|   0|    1|          0|
    |ap_phi_reg_pp0_iter5_overflow_1_15_reg_576   |   1|   0|    1|          0|
    |ap_phi_reg_pp0_iter5_overflow_1_16_reg_596   |   1|   0|    1|          0|
    |ap_phi_reg_pp0_iter5_overflow_1_17_reg_616   |   1|   0|    1|          0|
    |ap_phi_reg_pp0_iter5_overflow_1_18_reg_636   |   1|   0|    1|          0|
    |ap_phi_reg_pp0_iter5_overflow_1_19_reg_656   |   1|   0|    1|          0|
    |ap_phi_reg_pp0_iter5_overflow_1_20_reg_676   |   1|   0|    1|          0|
    |ap_phi_reg_pp0_iter5_overflow_1_21_reg_696   |   1|   0|    1|          0|
    |ap_phi_reg_pp0_iter5_overflow_1_22_reg_716   |   1|   0|    1|          0|
    |ap_phi_reg_pp0_iter5_overflow_1_2_reg_316    |   1|   0|    1|          0|
    |ap_phi_reg_pp0_iter5_overflow_1_3_reg_336    |   1|   0|    1|          0|
    |ap_phi_reg_pp0_iter5_overflow_1_4_reg_356    |   1|   0|    1|          0|
    |ap_phi_reg_pp0_iter5_overflow_1_5_reg_376    |   1|   0|    1|          0|
    |ap_phi_reg_pp0_iter5_overflow_1_6_reg_396    |   1|   0|    1|          0|
    |ap_phi_reg_pp0_iter5_overflow_1_7_reg_416    |   1|   0|    1|          0|
    |ap_phi_reg_pp0_iter5_overflow_1_8_reg_436    |   1|   0|    1|          0|
    |ap_phi_reg_pp0_iter5_overflow_1_9_reg_456    |   1|   0|    1|          0|
    |ap_phi_reg_pp0_iter5_sum_V_23_reg_746        |  32|   0|   32|          0|
    |ap_phi_reg_pp0_iter5_tmp_data_V_reg_779      |  32|   0|   32|          0|
    |ap_phi_reg_pp0_iter5_tmp_tkeep_V_reg_755     |   1|   0|    1|          0|
    |ap_phi_reg_pp0_iter5_tmp_tlast_V_reg_767     |   1|   0|    1|          0|
    |ap_phi_reg_pp0_iter6_overflow_1_10_reg_476   |   1|   0|    1|          0|
    |ap_phi_reg_pp0_iter6_overflow_1_11_reg_496   |   1|   0|    1|          0|
    |ap_phi_reg_pp0_iter6_overflow_1_12_reg_516   |   1|   0|    1|          0|
    |ap_phi_reg_pp0_iter6_overflow_1_13_reg_536   |   1|   0|    1|          0|
    |ap_phi_reg_pp0_iter6_overflow_1_14_reg_556   |   1|   0|    1|          0|
    |ap_phi_reg_pp0_iter6_overflow_1_15_reg_576   |   1|   0|    1|          0|
    |ap_phi_reg_pp0_iter6_overflow_1_16_reg_596   |   1|   0|    1|          0|
    |ap_phi_reg_pp0_iter6_overflow_1_17_reg_616   |   1|   0|    1|          0|
    |ap_phi_reg_pp0_iter6_overflow_1_18_reg_636   |   1|   0|    1|          0|
    |ap_phi_reg_pp0_iter6_overflow_1_19_reg_656   |   1|   0|    1|          0|
    |ap_phi_reg_pp0_iter6_overflow_1_20_reg_676   |   1|   0|    1|          0|
    |ap_phi_reg_pp0_iter6_overflow_1_21_reg_696   |   1|   0|    1|          0|
    |ap_phi_reg_pp0_iter6_overflow_1_22_reg_716   |   1|   0|    1|          0|
    |ap_phi_reg_pp0_iter6_overflow_1_3_reg_336    |   1|   0|    1|          0|
    |ap_phi_reg_pp0_iter6_overflow_1_4_reg_356    |   1|   0|    1|          0|
    |ap_phi_reg_pp0_iter6_overflow_1_5_reg_376    |   1|   0|    1|          0|
    |ap_phi_reg_pp0_iter6_overflow_1_6_reg_396    |   1|   0|    1|          0|
    |ap_phi_reg_pp0_iter6_overflow_1_7_reg_416    |   1|   0|    1|          0|
    |ap_phi_reg_pp0_iter6_overflow_1_8_reg_436    |   1|   0|    1|          0|
    |ap_phi_reg_pp0_iter6_overflow_1_9_reg_456    |   1|   0|    1|          0|
    |ap_phi_reg_pp0_iter6_sum_V_23_reg_746        |  32|   0|   32|          0|
    |ap_phi_reg_pp0_iter6_tmp_data_V_reg_779      |  32|   0|   32|          0|
    |ap_phi_reg_pp0_iter6_tmp_tkeep_V_reg_755     |   1|   0|    1|          0|
    |ap_phi_reg_pp0_iter6_tmp_tlast_V_reg_767     |   1|   0|    1|          0|
    |ap_phi_reg_pp0_iter7_overflow_1_10_reg_476   |   1|   0|    1|          0|
    |ap_phi_reg_pp0_iter7_overflow_1_11_reg_496   |   1|   0|    1|          0|
    |ap_phi_reg_pp0_iter7_overflow_1_12_reg_516   |   1|   0|    1|          0|
    |ap_phi_reg_pp0_iter7_overflow_1_13_reg_536   |   1|   0|    1|          0|
    |ap_phi_reg_pp0_iter7_overflow_1_14_reg_556   |   1|   0|    1|          0|
    |ap_phi_reg_pp0_iter7_overflow_1_15_reg_576   |   1|   0|    1|          0|
    |ap_phi_reg_pp0_iter7_overflow_1_16_reg_596   |   1|   0|    1|          0|
    |ap_phi_reg_pp0_iter7_overflow_1_17_reg_616   |   1|   0|    1|          0|
    |ap_phi_reg_pp0_iter7_overflow_1_18_reg_636   |   1|   0|    1|          0|
    |ap_phi_reg_pp0_iter7_overflow_1_19_reg_656   |   1|   0|    1|          0|
    |ap_phi_reg_pp0_iter7_overflow_1_20_reg_676   |   1|   0|    1|          0|
    |ap_phi_reg_pp0_iter7_overflow_1_21_reg_696   |   1|   0|    1|          0|
    |ap_phi_reg_pp0_iter7_overflow_1_22_reg_716   |   1|   0|    1|          0|
    |ap_phi_reg_pp0_iter7_overflow_1_4_reg_356    |   1|   0|    1|          0|
    |ap_phi_reg_pp0_iter7_overflow_1_5_reg_376    |   1|   0|    1|          0|
    |ap_phi_reg_pp0_iter7_overflow_1_6_reg_396    |   1|   0|    1|          0|
    |ap_phi_reg_pp0_iter7_overflow_1_7_reg_416    |   1|   0|    1|          0|
    |ap_phi_reg_pp0_iter7_overflow_1_8_reg_436    |   1|   0|    1|          0|
    |ap_phi_reg_pp0_iter7_overflow_1_9_reg_456    |   1|   0|    1|          0|
    |ap_phi_reg_pp0_iter7_sum_V_23_reg_746        |  32|   0|   32|          0|
    |ap_phi_reg_pp0_iter7_tmp_data_V_reg_779      |  32|   0|   32|          0|
    |ap_phi_reg_pp0_iter7_tmp_tkeep_V_reg_755     |   1|   0|    1|          0|
    |ap_phi_reg_pp0_iter7_tmp_tlast_V_reg_767     |   1|   0|    1|          0|
    |ap_phi_reg_pp0_iter8_overflow_1_10_reg_476   |   1|   0|    1|          0|
    |ap_phi_reg_pp0_iter8_overflow_1_11_reg_496   |   1|   0|    1|          0|
    |ap_phi_reg_pp0_iter8_overflow_1_12_reg_516   |   1|   0|    1|          0|
    |ap_phi_reg_pp0_iter8_overflow_1_13_reg_536   |   1|   0|    1|          0|
    |ap_phi_reg_pp0_iter8_overflow_1_14_reg_556   |   1|   0|    1|          0|
    |ap_phi_reg_pp0_iter8_overflow_1_15_reg_576   |   1|   0|    1|          0|
    |ap_phi_reg_pp0_iter8_overflow_1_16_reg_596   |   1|   0|    1|          0|
    |ap_phi_reg_pp0_iter8_overflow_1_17_reg_616   |   1|   0|    1|          0|
    |ap_phi_reg_pp0_iter8_overflow_1_18_reg_636   |   1|   0|    1|          0|
    |ap_phi_reg_pp0_iter8_overflow_1_19_reg_656   |   1|   0|    1|          0|
    |ap_phi_reg_pp0_iter8_overflow_1_20_reg_676   |   1|   0|    1|          0|
    |ap_phi_reg_pp0_iter8_overflow_1_21_reg_696   |   1|   0|    1|          0|
    |ap_phi_reg_pp0_iter8_overflow_1_22_reg_716   |   1|   0|    1|          0|
    |ap_phi_reg_pp0_iter8_overflow_1_5_reg_376    |   1|   0|    1|          0|
    |ap_phi_reg_pp0_iter8_overflow_1_6_reg_396    |   1|   0|    1|          0|
    |ap_phi_reg_pp0_iter8_overflow_1_7_reg_416    |   1|   0|    1|          0|
    |ap_phi_reg_pp0_iter8_overflow_1_8_reg_436    |   1|   0|    1|          0|
    |ap_phi_reg_pp0_iter8_overflow_1_9_reg_456    |   1|   0|    1|          0|
    |ap_phi_reg_pp0_iter8_sum_V_23_reg_746        |  32|   0|   32|          0|
    |ap_phi_reg_pp0_iter8_tmp_data_V_reg_779      |  32|   0|   32|          0|
    |ap_phi_reg_pp0_iter8_tmp_tkeep_V_reg_755     |   1|   0|    1|          0|
    |ap_phi_reg_pp0_iter8_tmp_tlast_V_reg_767     |   1|   0|    1|          0|
    |ap_phi_reg_pp0_iter9_overflow_1_10_reg_476   |   1|   0|    1|          0|
    |ap_phi_reg_pp0_iter9_overflow_1_11_reg_496   |   1|   0|    1|          0|
    |ap_phi_reg_pp0_iter9_overflow_1_12_reg_516   |   1|   0|    1|          0|
    |ap_phi_reg_pp0_iter9_overflow_1_13_reg_536   |   1|   0|    1|          0|
    |ap_phi_reg_pp0_iter9_overflow_1_14_reg_556   |   1|   0|    1|          0|
    |ap_phi_reg_pp0_iter9_overflow_1_15_reg_576   |   1|   0|    1|          0|
    |ap_phi_reg_pp0_iter9_overflow_1_16_reg_596   |   1|   0|    1|          0|
    |ap_phi_reg_pp0_iter9_overflow_1_17_reg_616   |   1|   0|    1|          0|
    |ap_phi_reg_pp0_iter9_overflow_1_18_reg_636   |   1|   0|    1|          0|
    |ap_phi_reg_pp0_iter9_overflow_1_19_reg_656   |   1|   0|    1|          0|
    |ap_phi_reg_pp0_iter9_overflow_1_20_reg_676   |   1|   0|    1|          0|
    |ap_phi_reg_pp0_iter9_overflow_1_21_reg_696   |   1|   0|    1|          0|
    |ap_phi_reg_pp0_iter9_overflow_1_22_reg_716   |   1|   0|    1|          0|
    |ap_phi_reg_pp0_iter9_overflow_1_6_reg_396    |   1|   0|    1|          0|
    |ap_phi_reg_pp0_iter9_overflow_1_7_reg_416    |   1|   0|    1|          0|
    |ap_phi_reg_pp0_iter9_overflow_1_8_reg_436    |   1|   0|    1|          0|
    |ap_phi_reg_pp0_iter9_overflow_1_9_reg_456    |   1|   0|    1|          0|
    |ap_phi_reg_pp0_iter9_sum_V_23_reg_746        |  32|   0|   32|          0|
    |ap_phi_reg_pp0_iter9_tmp_data_V_reg_779      |  32|   0|   32|          0|
    |ap_phi_reg_pp0_iter9_tmp_tkeep_V_reg_755     |   1|   0|    1|          0|
    |ap_phi_reg_pp0_iter9_tmp_tlast_V_reg_767     |   1|   0|    1|          0|
    |mul_ln1118_10_reg_4595                       |  32|   0|   32|          0|
    |mul_ln1118_11_reg_4632                       |  32|   0|   32|          0|
    |mul_ln1118_12_reg_4669                       |  32|   0|   32|          0|
    |mul_ln1118_13_reg_4706                       |  32|   0|   32|          0|
    |mul_ln1118_14_reg_4743                       |  32|   0|   32|          0|
    |mul_ln1118_15_reg_4780                       |  32|   0|   32|          0|
    |mul_ln1118_16_reg_4817                       |  32|   0|   32|          0|
    |mul_ln1118_17_reg_4854                       |  32|   0|   32|          0|
    |mul_ln1118_18_reg_4891                       |  32|   0|   32|          0|
    |mul_ln1118_19_reg_4928                       |  32|   0|   32|          0|
    |mul_ln1118_1_reg_4262                        |  32|   0|   32|          0|
    |mul_ln1118_20_reg_4965                       |  32|   0|   32|          0|
    |mul_ln1118_21_reg_5002                       |  32|   0|   32|          0|
    |mul_ln1118_22_reg_5039                       |  32|   0|   32|          0|
    |mul_ln1118_23_reg_5080                       |  32|   0|   32|          0|
    |mul_ln1118_2_reg_4299                        |  32|   0|   32|          0|
    |mul_ln1118_3_reg_4336                        |  32|   0|   32|          0|
    |mul_ln1118_4_reg_4373                        |  32|   0|   32|          0|
    |mul_ln1118_5_reg_4410                        |  32|   0|   32|          0|
    |mul_ln1118_6_reg_4447                        |  32|   0|   32|          0|
    |mul_ln1118_7_reg_4484                        |  32|   0|   32|          0|
    |mul_ln1118_8_reg_4521                        |  32|   0|   32|          0|
    |mul_ln1118_9_reg_4558                        |  32|   0|   32|          0|
    |mul_ln1118_reg_4229                          |  32|   0|   32|          0|
    |or_ln340_72_reg_5094                         |   1|   0|    1|          0|
    |p_Result_131_21_s_reg_4051                   |  16|   0|   16|          0|
    |p_Result_131_22_s_reg_4056                   |  16|   0|   16|          0|
    |p_Result_131_23_s_reg_4061                   |  16|   0|   16|          0|
    |p_Result_134_10_s_reg_4122                   |  16|   0|   16|          0|
    |p_Result_134_11_s_reg_4127                   |  16|   0|   16|          0|
    |p_Result_134_12_s_reg_4132                   |  16|   0|   16|          0|
    |p_Result_134_13_s_reg_4137                   |  16|   0|   16|          0|
    |p_Result_134_14_s_reg_4142                   |  16|   0|   16|          0|
    |p_Result_134_15_s_reg_4147                   |  16|   0|   16|          0|
    |p_Result_134_16_s_reg_4152                   |  16|   0|   16|          0|
    |p_Result_134_17_s_reg_4157                   |  16|   0|   16|          0|
    |p_Result_134_18_s_reg_4162                   |  16|   0|   16|          0|
    |p_Result_134_19_s_reg_4167                   |  16|   0|   16|          0|
    |p_Result_134_1_s_reg_4077                    |  16|   0|   16|          0|
    |p_Result_134_1_s_reg_4077_pp0_iter1_reg      |  16|   0|   16|          0|
    |p_Result_134_20_s_reg_4172                   |  16|   0|   16|          0|
    |p_Result_134_21_s_reg_4177                   |  16|   0|   16|          0|
    |p_Result_134_22_s_reg_4182                   |  16|   0|   16|          0|
    |p_Result_134_23_s_reg_4187                   |  16|   0|   16|          0|
    |p_Result_134_2_s_reg_4082                    |  16|   0|   16|          0|
    |p_Result_134_3_s_reg_4087                    |  16|   0|   16|          0|
    |p_Result_134_4_s_reg_4092                    |  16|   0|   16|          0|
    |p_Result_134_5_s_reg_4097                    |  16|   0|   16|          0|
    |p_Result_134_6_s_reg_4102                    |  16|   0|   16|          0|
    |p_Result_134_7_s_reg_4107                    |  16|   0|   16|          0|
    |p_Result_134_8_s_reg_4112                    |  16|   0|   16|          0|
    |p_Result_134_9_s_reg_4117                    |  16|   0|   16|          0|
    |p_Result_s_reg_4192                          |   1|   0|    1|          0|
    |p_Val2_31_reg_4066                           |  16|   0|   16|          0|
    |select_ln340_24_reg_5098                     |  32|   0|   32|          0|
    |tmp_100_reg_4420                             |   1|   0|    1|          0|
    |tmp_101_reg_4432                             |   1|   0|    1|          0|
    |tmp_102_reg_4457                             |   1|   0|    1|          0|
    |tmp_103_reg_4469                             |   1|   0|    1|          0|
    |tmp_104_reg_4494                             |   1|   0|    1|          0|
    |tmp_105_reg_4506                             |   1|   0|    1|          0|
    |tmp_106_reg_4531                             |   1|   0|    1|          0|
    |tmp_107_reg_4543                             |   1|   0|    1|          0|
    |tmp_108_reg_4568                             |   1|   0|    1|          0|
    |tmp_109_reg_4580                             |   1|   0|    1|          0|
    |tmp_110_reg_4605                             |   1|   0|    1|          0|
    |tmp_111_reg_4617                             |   1|   0|    1|          0|
    |tmp_112_reg_4642                             |   1|   0|    1|          0|
    |tmp_113_reg_4654                             |   1|   0|    1|          0|
    |tmp_114_reg_4679                             |   1|   0|    1|          0|
    |tmp_115_reg_4691                             |   1|   0|    1|          0|
    |tmp_116_reg_4716                             |   1|   0|    1|          0|
    |tmp_117_reg_4728                             |   1|   0|    1|          0|
    |tmp_118_reg_4753                             |   1|   0|    1|          0|
    |tmp_119_reg_4765                             |   1|   0|    1|          0|
    |tmp_120_reg_4790                             |   1|   0|    1|          0|
    |tmp_121_reg_4802                             |   1|   0|    1|          0|
    |tmp_122_reg_4827                             |   1|   0|    1|          0|
    |tmp_123_reg_4839                             |   1|   0|    1|          0|
    |tmp_124_reg_4864                             |   1|   0|    1|          0|
    |tmp_125_reg_4876                             |   1|   0|    1|          0|
    |tmp_126_reg_4901                             |   1|   0|    1|          0|
    |tmp_127_reg_4913                             |   1|   0|    1|          0|
    |tmp_128_reg_4938                             |   1|   0|    1|          0|
    |tmp_129_reg_4950                             |   1|   0|    1|          0|
    |tmp_130_reg_4975                             |   1|   0|    1|          0|
    |tmp_131_reg_4987                             |   1|   0|    1|          0|
    |tmp_132_reg_5012                             |   1|   0|    1|          0|
    |tmp_133_reg_5024                             |   1|   0|    1|          0|
    |tmp_134_reg_5049                             |   1|   0|    1|          0|
    |tmp_135_reg_5060                             |   1|   0|    1|          0|
    |tmp_138_reg_4203                             |   1|   0|    1|          0|
    |tmp_90_reg_4235                              |   1|   0|    1|          0|
    |tmp_91_reg_4247                              |   1|   0|    1|          0|
    |tmp_92_reg_4272                              |   1|   0|    1|          0|
    |tmp_93_reg_4284                              |   1|   0|    1|          0|
    |tmp_94_reg_4309                              |   1|   0|    1|          0|
    |tmp_95_reg_4321                              |   1|   0|    1|          0|
    |tmp_96_reg_4346                              |   1|   0|    1|          0|
    |tmp_97_reg_4358                              |   1|   0|    1|          0|
    |tmp_98_reg_4383                              |   1|   0|    1|          0|
    |tmp_99_reg_4395                              |   1|   0|    1|          0|
    |trunc_ln103_reg_4072                         |  16|   0|   16|          0|
    |trunc_ln140_reg_4199                         |   1|   0|    1|          0|
    |val_tlast_V_reg_3941                         |   1|   0|    1|          0|
    |W_in_10_V_reg_3996                           |  64|  32|   16|          0|
    |W_in_11_V_reg_4001                           |  64|  32|   16|          0|
    |W_in_12_V_reg_4006                           |  64|  32|   16|          0|
    |W_in_13_V_reg_4011                           |  64|  32|   16|          0|
    |W_in_14_V_reg_4016                           |  64|  32|   16|          0|
    |W_in_15_V_reg_4021                           |  64|  32|   16|          0|
    |W_in_16_V_reg_4026                           |  64|  32|   16|          0|
    |W_in_17_V_reg_4031                           |  64|  32|   16|          0|
    |W_in_18_V_reg_4036                           |  64|  32|   16|          0|
    |W_in_19_V_reg_4041                           |  64|  32|   16|          0|
    |W_in_20_V_reg_4046                           |  64|  32|   16|          0|
    |W_in_2_V_reg_3956                            |  64|  32|   16|          0|
    |W_in_3_V_reg_3961                            |  64|  32|   16|          0|
    |W_in_4_V_reg_3966                            |  64|  32|   16|          0|
    |W_in_5_V_reg_3971                            |  64|  32|   16|          0|
    |W_in_6_V_reg_3976                            |  64|  32|   16|          0|
    |W_in_7_V_reg_3981                            |  64|  32|   16|          0|
    |W_in_8_V_reg_3986                            |  64|  32|   16|          0|
    |W_in_9_V_reg_3991                            |  64|  32|   16|          0|
    |p_Result_131_21_s_reg_4051                   |  64|  32|   16|          0|
    |p_Result_131_22_s_reg_4056                   |  64|  32|   16|          0|
    |p_Result_131_23_s_reg_4061                   |  64|  32|   16|          0|
    |p_Result_134_10_s_reg_4122                   |  64|  32|   16|          0|
    |p_Result_134_11_s_reg_4127                   |  64|  32|   16|          0|
    |p_Result_134_12_s_reg_4132                   |  64|  32|   16|          0|
    |p_Result_134_13_s_reg_4137                   |  64|  32|   16|          0|
    |p_Result_134_14_s_reg_4142                   |  64|  32|   16|          0|
    |p_Result_134_15_s_reg_4147                   |  64|  32|   16|          0|
    |p_Result_134_16_s_reg_4152                   |  64|  32|   16|          0|
    |p_Result_134_17_s_reg_4157                   |  64|  32|   16|          0|
    |p_Result_134_18_s_reg_4162                   |  64|  32|   16|          0|
    |p_Result_134_19_s_reg_4167                   |  64|  32|   16|          0|
    |p_Result_134_20_s_reg_4172                   |  64|  32|   16|          0|
    |p_Result_134_21_s_reg_4177                   |  64|  32|   16|          0|
    |p_Result_134_22_s_reg_4182                   |  64|  32|   16|          0|
    |p_Result_134_23_s_reg_4187                   |  64|  32|   16|          0|
    |p_Result_134_2_s_reg_4082                    |  64|  32|   16|          0|
    |p_Result_134_3_s_reg_4087                    |  64|  32|   16|          0|
    |p_Result_134_4_s_reg_4092                    |  64|  32|   16|          0|
    |p_Result_134_5_s_reg_4097                    |  64|  32|   16|          0|
    |p_Result_134_6_s_reg_4102                    |  64|  32|   16|          0|
    |p_Result_134_7_s_reg_4107                    |  64|  32|   16|          0|
    |p_Result_134_8_s_reg_4112                    |  64|  32|   16|          0|
    |p_Result_134_9_s_reg_4117                    |  64|  32|   16|          0|
    |tmp_138_reg_4203                             |  64|  32|    1|          0|
    |trunc_ln140_reg_4199                         |  64|  32|    1|          0|
    |val_tlast_V_reg_3941                         |  64|  32|    1|          0|
    +---------------------------------------------+----+----+-----+-----------+
    |Total                                        |7545|1504| 5244|          0|
    +---------------------------------------------+----+----+-----+-----------+



================================================================
== Interface
================================================================
* Summary: 
+----------------------+-----+-----+------------+----------------------------------------+--------------+
|       RTL Ports      | Dir | Bits|  Protocol  |              Source Object             |    C Type    |
+----------------------+-----+-----+------------+----------------------------------------+--------------+
|ap_clk                |  in |    1| ap_ctrl_hs | _PE_v2<16, 2, 24, 1, 24, 0>::PE_thread | return value |
|ap_rst                |  in |    1| ap_ctrl_hs | _PE_v2<16, 2, 24, 1, 24, 0>::PE_thread | return value |
|Win_0_dout            |  in |  400|   ap_fifo  |                  Win_0                 |    pointer   |
|Win_0_empty_n         |  in |    1|   ap_fifo  |                  Win_0                 |    pointer   |
|Win_0_read            | out |    1|   ap_fifo  |                  Win_0                 |    pointer   |
|Win_1_dout            |  in |    1|   ap_fifo  |                  Win_1                 |    pointer   |
|Win_1_empty_n         |  in |    1|   ap_fifo  |                  Win_1                 |    pointer   |
|Win_1_read            | out |    1|   ap_fifo  |                  Win_1                 |    pointer   |
|Win_2_dout            |  in |   50|   ap_fifo  |                  Win_2                 |    pointer   |
|Win_2_empty_n         |  in |    1|   ap_fifo  |                  Win_2                 |    pointer   |
|Win_2_read            | out |    1|   ap_fifo  |                  Win_2                 |    pointer   |
|Xin_0_dout            |  in |  384|   ap_fifo  |                  Xin_0                 |    pointer   |
|Xin_0_empty_n         |  in |    1|   ap_fifo  |                  Xin_0                 |    pointer   |
|Xin_0_read            | out |    1|   ap_fifo  |                  Xin_0                 |    pointer   |
|Xin_1_dout            |  in |    1|   ap_fifo  |                  Xin_1                 |    pointer   |
|Xin_1_empty_n         |  in |    1|   ap_fifo  |                  Xin_1                 |    pointer   |
|Xin_1_read            | out |    1|   ap_fifo  |                  Xin_1                 |    pointer   |
|Xin_2_dout            |  in |   48|   ap_fifo  |                  Xin_2                 |    pointer   |
|Xin_2_empty_n         |  in |    1|   ap_fifo  |                  Xin_2                 |    pointer   |
|Xin_2_read            | out |    1|   ap_fifo  |                  Xin_2                 |    pointer   |
|sc_fifo_chn_3_din     | out |   32|   ap_fifo  |              sc_fifo_chn_3             |    pointer   |
|sc_fifo_chn_3_full_n  |  in |    1|   ap_fifo  |              sc_fifo_chn_3             |    pointer   |
|sc_fifo_chn_3_write   | out |    1|   ap_fifo  |              sc_fifo_chn_3             |    pointer   |
|sc_fifo_chn_4_din     | out |    1|   ap_fifo  |              sc_fifo_chn_4             |    pointer   |
|sc_fifo_chn_4_full_n  |  in |    1|   ap_fifo  |              sc_fifo_chn_4             |    pointer   |
|sc_fifo_chn_4_write   | out |    1|   ap_fifo  |              sc_fifo_chn_4             |    pointer   |
|sc_fifo_chn_5_din     | out |    4|   ap_fifo  |              sc_fifo_chn_5             |    pointer   |
|sc_fifo_chn_5_full_n  |  in |    1|   ap_fifo  |              sc_fifo_chn_5             |    pointer   |
|sc_fifo_chn_5_write   | out |    1|   ap_fifo  |              sc_fifo_chn_5             |    pointer   |
+----------------------+-----+-----+------------+----------------------------------------+--------------+

